{"start": 0, "complex_start": false, "nfev": 400, "status": 0, "residual_inf_weighted": 2.9375412675487093e-06, "jacobian_ranks": {"1e-06": 6, "1e-08": 7, "1e-10": 7}, "small_residual_endpoint": false}
{"start": 1, "complex_start": false, "nfev": 400, "status": 0, "residual_inf_weighted": 1.0718770733441326e-06, "jacobian_ranks": {"1e-06": 6, "1e-08": 7, "1e-10": 7}, "small_residual_endpoint": false}
{"start": 2, "complex_start": false, "nfev": 400, "status": 0, "residual_inf_weighted": 4.292784035252382e-08, "jacobian_ranks": {"1e-06": 5, "1e-08": 6, "1e-10": 7}, "small_residual_endpoint": false}
{"start": 3, "complex_start": false, "nfev": 400, "status": 0, "residual_inf_weighted": 2.543988200997857e-07, "jacobian_ranks": {"1e-06": 5, "1e-08": 7, "1e-10": 7}, "small_residual_endpoint": false}
{"start": 4, "complex_start": false, "nfev": 400, "status": 0, "residual_inf_weighted": 0.00010274976256947206, "jacobian_ranks": {"1e-06": 6, "1e-08": 7, "1e-10": 7}, "small_residual_endpoint": false}
{"start": 5, "complex_start": false, "nfev": 400, "status": 0, "residual_inf_weighted": 1.0370712891351076e-06, "jacobian_ranks": {"1e-06": 6, "1e-08": 7, "1e-10": 7}, "small_residual_endpoint": false}
{"start": 6, "complex_start": false, "nfev": 400, "status": 0, "residual_inf_weighted": 1.4210401903595687e-07, "jacobian_ranks": {"1e-06": 5, "1e-08": 6, "1e-10": 7}, "small_residual_endpoint": false}
{"start": 7, "complex_start": false, "nfev": 400, "status": 0, "residual_inf_weighted": 7.266303448143025e-06, "jacobian_ranks": {"1e-06": 7, "1e-08": 7, "1e-10": 7}, "small_residual_endpoint": false}
{"start": 8, "complex_start": false, "nfev": 400, "status": 0, "residual_inf_weighted": 1.6383997070151748e-06, "jacobian_ranks": {"1e-06": 6, "1e-08": 7, "1e-10": 7}, "small_residual_endpoint": false}
{"start": 9, "complex_start": false, "nfev": 400, "status": 0, "residual_inf_weighted": 0.07660715164434695, "jacobian_ranks": {"1e-06": 7, "1e-08": 7, "1e-10": 7}, "small_residual_endpoint": false}
{"start": 10, "complex_start": false, "nfev": 400, "status": 0, "residual_inf_weighted": 4.888713924831792e-07, "jacobian_ranks": {"1e-06": 5, "1e-08": 7, "1e-10": 7}, "small_residual_endpoint": false}
{"start": 11, "complex_start": false, "nfev": 400, "status": 0, "residual_inf_weighted": 5.518252645924411e-07, "jacobian_ranks": {"1e-06": 5, "1e-08": 7, "1e-10": 7}, "small_residual_endpoint": false}
{"start": 12, "complex_start": false, "nfev": 400, "status": 0, "residual_inf_weighted": 2.1238760735087263e-06, "jacobian_ranks": {"1e-06": 5, "1e-08": 7, "1e-10": 7}, "small_residual_endpoint": false}
{"start": 13, "complex_start": false, "nfev": 400, "status": 0, "residual_inf_weighted": 1.268845780895966e-07, "jacobian_ranks": {"1e-06": 7, "1e-08": 7, "1e-10": 7}, "small_residual_endpoint": false}
{"start": 14, "complex_start": false, "nfev": 400, "status": 0, "residual_inf_weighted": 6.322138899791854e-07, "jacobian_ranks": {"1e-06": 5, "1e-08": 6, "1e-10": 6}, "small_residual_endpoint": false}
{"start": 15, "complex_start": false, "nfev": 400, "status": 0, "residual_inf_weighted": 5.149711862290988e-07, "jacobian_ranks": {"1e-06": 7, "1e-08": 7, "1e-10": 7}, "small_residual_endpoint": false}
{"start": 16, "complex_start": false, "nfev": 400, "status": 0, "residual_inf_weighted": 1.3740199848959976e-07, "jacobian_ranks": {"1e-06": 5, "1e-08": 6, "1e-10": 7}, "small_residual_endpoint": false}
{"start": 17, "complex_start": false, "nfev": 400, "status": 0, "residual_inf_weighted": 3.3081301527198907e-07, "jacobian_ranks": {"1e-06": 5, "1e-08": 6, "1e-10": 6}, "small_residual_endpoint": false}
{"start": 18, "complex_start": false, "nfev": 51, "status": 1, "residual_inf_weighted": 6.193380129896331e-12, "jacobian_ranks": {"1e-06": 7, "1e-08": 7, "1e-10": 7}, "small_residual_endpoint": true, "distinct_coefficient_endpoint_heuristic": true, "coefficient_rank": 5, "real_coefficients_heuristic": true, "rhs_definite_heuristic": true, "all_definite_heuristic": false, "no_identically_zero_coordinate_heuristic": true}
{"start": 19, "complex_start": false, "nfev": 400, "status": 0, "residual_inf_weighted": 8.456776115266201e-07, "jacobian_ranks": {"1e-06": 6, "1e-08": 7, "1e-10": 7}, "small_residual_endpoint": false}
{"start": 20, "complex_start": false, "nfev": 400, "status": 0, "residual_inf_weighted": 4.334757892638062e-06, "jacobian_ranks": {"1e-06": 6, "1e-08": 7, "1e-10": 7}, "small_residual_endpoint": false}
{"start": 21, "complex_start": false, "nfev": 400, "status": 0, "residual_inf_weighted": 8.961913771742723e-08, "jacobian_ranks": {"1e-06": 5, "1e-08": 6, "1e-10": 7}, "small_residual_endpoint": false}
{"start": 22, "complex_start": false, "nfev": 400, "status": 0, "residual_inf_weighted": 3.2981518685274164e-06, "jacobian_ranks": {"1e-06": 6, "1e-08": 7, "1e-10": 7}, "small_residual_endpoint": false}
{"start": 23, "complex_start": false, "nfev": 400, "status": 0, "residual_inf_weighted": 1.4584189441869296e-06, "jacobian_ranks": {"1e-06": 6, "1e-08": 7, "1e-10": 7}, "small_residual_endpoint": false}
{"start": 24, "complex_start": false, "nfev": 400, "status": 0, "residual_inf_weighted": 1.6469086358727162e-06, "jacobian_ranks": {"1e-06": 6, "1e-08": 7, "1e-10": 7}, "small_residual_endpoint": false}
{"start": 25, "complex_start": false, "nfev": 400, "status": 0, "residual_inf_weighted": 1.9072854994898516e-05, "jacobian_ranks": {"1e-06": 7, "1e-08": 7, "1e-10": 7}, "small_residual_endpoint": false}
{"start": 26, "complex_start": false, "nfev": 400, "status": 0, "residual_inf_weighted": 1.3261989573112124e-08, "jacobian_ranks": {"1e-06": 5, "1e-08": 6, "1e-10": 7}, "small_residual_endpoint": false}
{"start": 27, "complex_start": false, "nfev": 55, "status": 1, "residual_inf_weighted": 6.205505421286717e-13, "jacobian_ranks": {"1e-06": 7, "1e-08": 7, "1e-10": 7}, "small_residual_endpoint": true, "distinct_coefficient_endpoint_heuristic": true, "coefficient_rank": 5, "real_coefficients_heuristic": true, "rhs_definite_heuristic": true, "all_definite_heuristic": false, "no_identically_zero_coordinate_heuristic": true}
{"start": 28, "complex_start": false, "nfev": 400, "status": 0, "residual_inf_weighted": 6.566265579641923e-07, "jacobian_ranks": {"1e-06": 5, "1e-08": 7, "1e-10": 7}, "small_residual_endpoint": false}
{"start": 29, "complex_start": false, "nfev": 400, "status": 0, "residual_inf_weighted": 0.058778414080970016, "jacobian_ranks": {"1e-06": 7, "1e-08": 7, "1e-10": 7}, "small_residual_endpoint": false}
{"start": 30, "complex_start": false, "nfev": 400, "status": 0, "residual_inf_weighted": 4.590350357875966e-07, "jacobian_ranks": {"1e-06": 5, "1e-08": 7, "1e-10": 7}, "small_residual_endpoint": false}
{"start": 31, "complex_start": false, "nfev": 400, "status": 0, "residual_inf_weighted": 1.8098092996254019e-06, "jacobian_ranks": {"1e-06": 6, "1e-08": 7, "1e-10": 7}, "small_residual_endpoint": false}
{"start": 32, "complex_start": false, "nfev": 400, "status": 0, "residual_inf_weighted": 4.958661092544053e-06, "jacobian_ranks": {"1e-06": 5, "1e-08": 7, "1e-10": 7}, "small_residual_endpoint": false}
{"start": 33, "complex_start": false, "nfev": 400, "status": 0, "residual_inf_weighted": 1.8930471412659244e-08, "jacobian_ranks": {"1e-06": 7, "1e-08": 7, "1e-10": 7}, "small_residual_endpoint": false}
{"start": 34, "complex_start": false, "nfev": 43, "status": 1, "residual_inf_weighted": 1.5728184346821556e-11, "jacobian_ranks": {"1e-06": 7, "1e-08": 7, "1e-10": 7}, "small_residual_endpoint": true, "distinct_coefficient_endpoint_heuristic": true, "coefficient_rank": 5, "real_coefficients_heuristic": true, "rhs_definite_heuristic": true, "all_definite_heuristic": false, "no_identically_zero_coordinate_heuristic": true}
{"start": 35, "complex_start": false, "nfev": 400, "status": 0, "residual_inf_weighted": 7.749262725090289e-07, "jacobian_ranks": {"1e-06": 6, "1e-08": 7, "1e-10": 7}, "small_residual_endpoint": false}
{"start": 36, "complex_start": true, "nfev": 400, "status": 0, "residual_inf_weighted": 4.965458227806674e-07, "jacobian_ranks": {"1e-06": 7, "1e-08": 7, "1e-10": 7}, "small_residual_endpoint": false}
{"start": 37, "complex_start": true, "nfev": 400, "status": 0, "residual_inf_weighted": 2.657296222489147e-06, "jacobian_ranks": {"1e-06": 7, "1e-08": 7, "1e-10": 7}, "small_residual_endpoint": false}
{"start": 38, "complex_start": true, "nfev": 68, "status": 1, "residual_inf_weighted": 1.2469216578290165e-10, "jacobian_ranks": {"1e-06": 7, "1e-08": 7, "1e-10": 7}, "small_residual_endpoint": true, "distinct_coefficient_endpoint_heuristic": true, "coefficient_rank": 5, "real_coefficients_heuristic": false}
{"start": 39, "complex_start": true, "nfev": 76, "status": 1, "residual_inf_weighted": 3.779010493833039e-11, "jacobian_ranks": {"1e-06": 7, "1e-08": 7, "1e-10": 7}, "small_residual_endpoint": true, "distinct_coefficient_endpoint_heuristic": true, "coefficient_rank": 5, "real_coefficients_heuristic": false}
{"start": 40, "complex_start": true, "nfev": 400, "status": 0, "residual_inf_weighted": 2.920704624647223e-06, "jacobian_ranks": {"1e-06": 6, "1e-08": 7, "1e-10": 7}, "small_residual_endpoint": false}
{"start": 41, "complex_start": true, "nfev": 59, "status": 1, "residual_inf_weighted": 3.7644505270421364e-11, "jacobian_ranks": {"1e-06": 7, "1e-08": 7, "1e-10": 7}, "small_residual_endpoint": true, "distinct_coefficient_endpoint_heuristic": true, "coefficient_rank": 5, "real_coefficients_heuristic": false}
{"start": 42, "complex_start": true, "nfev": 60, "status": 1, "residual_inf_weighted": 4.0109505380365204e-11, "jacobian_ranks": {"1e-06": 7, "1e-08": 7, "1e-10": 7}, "small_residual_endpoint": true, "distinct_coefficient_endpoint_heuristic": true, "coefficient_rank": 5, "real_coefficients_heuristic": false}
{"start": 43, "complex_start": true, "nfev": 53, "status": 1, "residual_inf_weighted": 6.82638422605353e-12, "jacobian_ranks": {"1e-06": 7, "1e-08": 7, "1e-10": 7}, "small_residual_endpoint": true, "distinct_coefficient_endpoint_heuristic": true, "coefficient_rank": 5, "real_coefficients_heuristic": false}
{"start": 44, "complex_start": true, "nfev": 400, "status": 0, "residual_inf_weighted": 2.8122083862790297e-06, "jacobian_ranks": {"1e-06": 6, "1e-08": 7, "1e-10": 7}, "small_residual_endpoint": false}
{"start": 45, "complex_start": true, "nfev": 400, "status": 0, "residual_inf_weighted": 6.762777151513108e-07, "jacobian_ranks": {"1e-06": 6, "1e-08": 7, "1e-10": 7}, "small_residual_endpoint": false}
{"start": 46, "complex_start": true, "nfev": 400, "status": 0, "residual_inf_weighted": 2.9276161779027354e-06, "jacobian_ranks": {"1e-06": 7, "1e-08": 7, "1e-10": 7}, "small_residual_endpoint": false}
{"start": 47, "complex_start": true, "nfev": 400, "status": 0, "residual_inf_weighted": 2.103517795068023e-07, "jacobian_ranks": {"1e-06": 6, "1e-08": 7, "1e-10": 7}, "small_residual_endpoint": false}
{"lane": "double", "seed": 20260905, "unknowns_complex": 8, "equations_complex": 7, "starts_completed": 48, "requested_starts": 48, "max_nfev": 400, "elapsed_s": 7.705820322036743, "small_residual_endpoints": 8, "distinct_coefficient_endpoints_heuristic": 8, "certified_curve_count": 0, "complete_complex_solution_count": null}
