{"start": 0, "complex_start": false, "nfev": 250, "status": 0, "residual_inf_weighted": 0.00011954006596598275, "jacobian_ranks": {"1e-06": 80, "1e-08": 81, "1e-10": 81}, "small_residual_endpoint": false}
{"start": 1, "complex_start": false, "nfev": 197, "status": 1, "residual_inf_weighted": 3.645232264185931e-15, "jacobian_ranks": {"1e-06": 83, "1e-08": 84, "1e-10": 84}, "small_residual_endpoint": true, "distinct_coefficient_endpoint_heuristic": true, "real_coefficients_heuristic": true, "smooth_pencil_heuristic": true, "pencil_root_separation": 0.025316073501885583}
{"start": 2, "complex_start": false, "nfev": 250, "status": 0, "residual_inf_weighted": 0.01545387820218467, "jacobian_ranks": {"1e-06": 70, "1e-08": 80, "1e-10": 83}, "small_residual_endpoint": false}
{"start": 3, "complex_start": false, "nfev": 250, "status": 0, "residual_inf_weighted": 0.008032941783843155, "jacobian_ranks": {"1e-06": 80, "1e-08": 83, "1e-10": 84}, "small_residual_endpoint": false}
{"start": 4, "complex_start": false, "nfev": 250, "status": 0, "residual_inf_weighted": 0.007083251797753891, "jacobian_ranks": {"1e-06": 76, "1e-08": 83, "1e-10": 84}, "small_residual_endpoint": false}
{"start": 5, "complex_start": false, "nfev": 127, "status": 1, "residual_inf_weighted": 1.5054624213917123e-13, "jacobian_ranks": {"1e-06": 83, "1e-08": 83, "1e-10": 83}, "small_residual_endpoint": true, "distinct_coefficient_endpoint_heuristic": true, "real_coefficients_heuristic": true, "smooth_pencil_heuristic": false, "pencil_root_separation": 0.00038521487496101514}
{"start": 6, "complex_start": false, "nfev": 250, "status": 0, "residual_inf_weighted": 0.042387359796436284, "jacobian_ranks": {"1e-06": 78, "1e-08": 82, "1e-10": 84}, "small_residual_endpoint": false}
{"start": 7, "complex_start": false, "nfev": 150, "status": 1, "residual_inf_weighted": 4.263256414560601e-14, "jacobian_ranks": {"1e-06": 81, "1e-08": 81, "1e-10": 81}, "small_residual_endpoint": true, "distinct_coefficient_endpoint_heuristic": true, "real_coefficients_heuristic": true, "smooth_pencil_heuristic": true, "pencil_root_separation": 0.0019369568672965905}
{"start": 8, "complex_start": false, "nfev": 250, "status": 0, "residual_inf_weighted": 1.9506427694611825e-05, "jacobian_ranks": {"1e-06": 83, "1e-08": 84, "1e-10": 84}, "small_residual_endpoint": false}
{"start": 9, "complex_start": false, "nfev": 250, "status": 0, "residual_inf_weighted": 5.7334656607904655e-05, "jacobian_ranks": {"1e-06": 83, "1e-08": 84, "1e-10": 84}, "small_residual_endpoint": false}
{"start": 10, "complex_start": false, "nfev": 250, "status": 0, "residual_inf_weighted": 0.002167345818126264, "jacobian_ranks": {"1e-06": 81, "1e-08": 84, "1e-10": 84}, "small_residual_endpoint": false}
{"start": 11, "complex_start": false, "nfev": 250, "status": 0, "residual_inf_weighted": 0.00022537013934360707, "jacobian_ranks": {"1e-06": 82, "1e-08": 84, "1e-10": 84}, "small_residual_endpoint": false}
{"start": 12, "complex_start": false, "nfev": 250, "status": 0, "residual_inf_weighted": 0.017115681858163968, "jacobian_ranks": {"1e-06": 70, "1e-08": 83, "1e-10": 84}, "small_residual_endpoint": false}
{"start": 13, "complex_start": false, "nfev": 250, "status": 0, "residual_inf_weighted": 8.587834118620443e-08, "jacobian_ranks": {"1e-06": 76, "1e-08": 81, "1e-10": 81}, "small_residual_endpoint": false}
{"start": 14, "complex_start": false, "nfev": 250, "status": 0, "residual_inf_weighted": 0.02009048058362831, "jacobian_ranks": {"1e-06": 81, "1e-08": 84, "1e-10": 84}, "small_residual_endpoint": false}
{"start": 15, "complex_start": false, "nfev": 250, "status": 0, "residual_inf_weighted": 0.004758311531288051, "jacobian_ranks": {"1e-06": 82, "1e-08": 84, "1e-10": 84}, "small_residual_endpoint": false}
{"start": 16, "complex_start": false, "nfev": 250, "status": 0, "residual_inf_weighted": 0.008897790243926082, "jacobian_ranks": {"1e-06": 80, "1e-08": 80, "1e-10": 81}, "small_residual_endpoint": false}
{"start": 17, "complex_start": false, "nfev": 250, "status": 0, "residual_inf_weighted": 0.018312027315481552, "jacobian_ranks": {"1e-06": 63, "1e-08": 80, "1e-10": 84}, "small_residual_endpoint": false}
{"start": 18, "complex_start": false, "nfev": 250, "status": 0, "residual_inf_weighted": 0.009858823660711656, "jacobian_ranks": {"1e-06": 67, "1e-08": 79, "1e-10": 83}, "small_residual_endpoint": false}
{"start": 19, "complex_start": false, "nfev": 250, "status": 0, "residual_inf_weighted": 5.948469585857767e-08, "jacobian_ranks": {"1e-06": 74, "1e-08": 76, "1e-10": 78}, "small_residual_endpoint": false}
{"start": 20, "complex_start": false, "nfev": 91, "status": 1, "residual_inf_weighted": 1.4847845175580687e-13, "jacobian_ranks": {"1e-06": 81, "1e-08": 81, "1e-10": 81}, "small_residual_endpoint": true, "distinct_coefficient_endpoint_heuristic": true, "real_coefficients_heuristic": true, "smooth_pencil_heuristic": true, "pencil_root_separation": 0.5030559333130277}
{"start": 21, "complex_start": false, "nfev": 250, "status": 0, "residual_inf_weighted": 0.007165097843444141, "jacobian_ranks": {"1e-06": 83, "1e-08": 84, "1e-10": 84}, "small_residual_endpoint": false}
{"start": 22, "complex_start": false, "nfev": 250, "status": 0, "residual_inf_weighted": 0.0014035105299250042, "jacobian_ranks": {"1e-06": 83, "1e-08": 84, "1e-10": 84}, "small_residual_endpoint": false}
{"start": 23, "complex_start": false, "nfev": 250, "status": 0, "residual_inf_weighted": 0.020963705159884376, "jacobian_ranks": {"1e-06": 81, "1e-08": 83, "1e-10": 83}, "small_residual_endpoint": false}
{"start": 24, "complex_start": true, "nfev": 250, "status": 0, "residual_inf_weighted": 9.186503350524872e-05, "jacobian_ranks": {"1e-06": 83, "1e-08": 84, "1e-10": 84}, "small_residual_endpoint": false}
{"start": 25, "complex_start": true, "nfev": 250, "status": 0, "residual_inf_weighted": 0.005154371211497964, "jacobian_ranks": {"1e-06": 77, "1e-08": 84, "1e-10": 84}, "small_residual_endpoint": false}
{"start": 26, "complex_start": true, "nfev": 250, "status": 0, "residual_inf_weighted": 4.872851324773815e-05, "jacobian_ranks": {"1e-06": 82, "1e-08": 84, "1e-10": 84}, "small_residual_endpoint": false}
{"start": 27, "complex_start": true, "nfev": 97, "status": 1, "residual_inf_weighted": 9.25185853854297e-17, "jacobian_ranks": {"1e-06": 84, "1e-08": 84, "1e-10": 84}, "small_residual_endpoint": true, "distinct_coefficient_endpoint_heuristic": true, "real_coefficients_heuristic": false, "smooth_pencil_heuristic": true, "pencil_root_separation": 1.3722853268893114}
{"start": 28, "complex_start": true, "nfev": 250, "status": 0, "residual_inf_weighted": 0.0004133566128366139, "jacobian_ranks": {"1e-06": 83, "1e-08": 84, "1e-10": 84}, "small_residual_endpoint": false}
{"start": 29, "complex_start": true, "nfev": 250, "status": 0, "residual_inf_weighted": 0.00011417432237863661, "jacobian_ranks": {"1e-06": 84, "1e-08": 84, "1e-10": 84}, "small_residual_endpoint": false}
{"start": 30, "complex_start": true, "nfev": 250, "status": 0, "residual_inf_weighted": 0.0009660463691998868, "jacobian_ranks": {"1e-06": 83, "1e-08": 84, "1e-10": 84}, "small_residual_endpoint": false}
{"start": 31, "complex_start": true, "nfev": 250, "status": 0, "residual_inf_weighted": 9.275650487511644e-10, "jacobian_ranks": {"1e-06": 76, "1e-08": 77, "1e-10": 80}, "small_residual_endpoint": true, "distinct_coefficient_endpoint_heuristic": true, "real_coefficients_heuristic": false, "smooth_pencil_heuristic": true, "pencil_root_separation": 0.8723287905760688}
{"lane": "elliptic", "seed": 20260905, "unknowns_complex": 84, "equations_complex": 84, "starts_completed": 32, "requested_starts": 32, "max_nfev": 250, "elapsed_s": 14.412747621536255, "small_residual_endpoints": 6, "distinct_coefficient_endpoints_heuristic": 6, "certified_curve_count": 0, "complete_complex_solution_count": null}
