{
  "result": "PASS",
  "exact_symbolic_identities": "PASS",
  "formal_fraction_type_guards": "PASS",
  "formal_jet_orders": [
    72,
    30
  ],
  "linear_lift_controls": 24,
  "independent_implementations": [
    "Python",
    "C++17"
  ],
  "prefix_checks_per_implementation": 59293,
  "obstruction_modulus": 729,
  "retained_certificate_match": true
}
{
  "bcu_identity": "PASS",
  "cubic_quotient_identity": "PASS",
  "lambda_half_parametrization": "PASS",
  "lambda_two_real_obstruction": "PASS",
  "boundary_contact": "PASS",
  "divisor_discriminant_identity": "PASS",
  "conic_determinant": "18*lam*(lam**3 - 2)",
  "coordinate_tangency_factors": [
    "8-lambda^3",
    "2-4*lambda^3"
  ],
  "generic_branch_points": 8,
  "generic_cover_degree": 8,
  "generic_lift_genus": 9,
  "degree_two_wronskian_required_degree": 32,
  "degree_two_wronskian_maximum_degree": 30,
  "degree_four_classification": "OPEN; boundary-contact locus excluded",
  "lambda_valuations": {
    "2": "4*r2+1, r2>=1",
    "3": "4*r3-1, r3>=1",
    "7": "4*r7 or -2*r7, r7>=1"
  },
  "symmetric_degree_six_target": "2*t**24/81 + 20*t**12/27 + 2",
  "symmetric_degree_six_obstruction": "leading coefficient a4^6=1/81 has no rational solution",
  "complex_lambda_two_quadric_determinant": "-(alpha - beta)*(alpha + beta)*(4*alpha**2 + beta**2)"
}
{
  "result": "PASS",
  "cases": 18,
  "implementations": [
    "Python integers",
    "JavaScript BigInt"
  ],
  "known_positive_ESOP6_fixture": false
}
{
  "result": "PASS",
  "targets_replayed": 10382,
  "primes_proved": 4090,
  "counts": {
    "valuation_reject": 5820,
    "processed": 10382,
    "residue_reject": 4278,
    "inert_prime_reject": 283,
    "divisors_in_window": 1,
    "divisor_test": 1
  },
  "candidate_sha256": "5fa7e950eb948d8f48ecf2c9360e271c8d69c22f4c7bfb34180c85f3726a3e14",
  "solutions": 0
}
