seed ((1, 1, 1, 3), 4) S= 58 : distinct curves found 9  real 0  rational 0
seed ((6, 10, 12, 15), 17) S= 2952 : distinct curves found 69  real 0  rational 0
seed ((4, 8, 11, 18), 19) S= 3316 : distinct curves found 68  real 0  rational 0
/usr/local/lib/python3.11/dist-packages/numpy/linalg/_linalg.py:2766: RuntimeWarning: overflow encountered in dot
  sqnorm = x_real.dot(x_real) + x_imag.dot(x_imag)
seed ((6, 11, 14, 18), 21) S= 6512 : distinct curves found 95  real 0  rational 0
seed ((3, 11, 17, 19), 22) S= 6358 : distinct curves found 78  real 0  rational 0
seed ((2, 6, 17, 22), 23) S= 3236 : distinct curves found 63  real 0  rational 0
seed ((4, 9, 12, 18), 23) S= 10512 : distinct curves found 75  real 0  rational 0
seed ((6, 12, 15, 18), 23) S= 9980 : distinct curves found 84  real 0  rational 0
seed ((6, 12, 18, 20), 23) S= 6855 : distinct curves found 82  real 0  rational 0
seed ((10, 12, 12, 20), 27) S= 17789 : distinct curves found 62  real 0  rational 0
seed ((4, 5, 12, 16), 29) S= 23980 : distinct curves found 42  real 0  rational 0
seed ((16, 16, 20, 30), 31) S= 7807 : distinct curves found 71  real 0  rational 0
seed ((20, 22, 24, 26), 31) S= 14495 : distinct curves found 85  real 0  rational 0
seed ((2, 9, 24, 32), 33) S= 5108 : distinct curves found 55  real 0  rational 0
seed ((8, 9, 16, 18), 33) S= 35212 : distinct curves found 34  real 0  rational 0
seed ((3, 3, 9, 19), 34) S= 38694 : distinct curves found 24  real 0  rational 0
seed ((11, 11, 27, 33), 36) S= 22234 : distinct curves found 63  real 0  rational 0
seed ((2, 8, 12, 34), 37) S= 31901 : distinct curves found 42  real 0  rational 0
seed ((4, 24, 24, 36), 37) S= 2595 : distinct curves found 16  real 0  rational 0
