/usr/local/lib/python3.11/dist-packages/numpy/linalg/_linalg.py:2766: RuntimeWarning: overflow encountered in dot
  sqnorm = x_real.dot(x_real) + x_imag.dot(x_imag)
seed ((9, 72, 96, 136), 151) S= 2145768 : distinct curves found 4  real 4  rational 0
/usr/local/lib/python3.11/dist-packages/numpy/linalg/_linalg.py:2766: RuntimeWarning: overflow encountered in dot
  sqnorm = x_real.dot(x_real) + x_imag.dot(x_imag)
seed ((18, 20, 82, 113), 151) S= 3076988 : distinct curves found 0  real 0  rational 0
seed ((46, 48, 92, 124), 151) S= 2755111 : distinct curves found 4  real 4  rational 0
seed ((45, 57, 69, 75), 152) S= 3464722 : distinct curves found 3  real 3  rational 0
seed ((30, 82, 89, 108), 153) S= 3230960 : distinct curves found 2  real 2  rational 0
seed ((4, 88, 100, 141), 155) S= 2131852 : distinct curves found 6  real 6  rational 0
seed ((30, 82, 100, 115), 155) S= 3201476 : distinct curves found 3  real 3  rational 0
seed ((51, 54, 114, 116), 155) S= 3032076 : distinct curves found 4  real 4  rational 0
seed ((22, 80, 120, 148), 157) S= 1103909 : distinct curves found 9  real 9  rational 0
seed ((66, 93, 106, 132), 157) S= 2745552 : distinct curves found 6  real 6  rational 0
seed ((99, 107, 107, 137), 158) S= 2236694 : distinct curves found 6  real 6  rational 0
seed ((30, 76, 90, 124), 159) S= 3434783 : distinct curves found 5  real 5  rational 0
seed ((2, 55, 126, 146), 161) S= 1923980 : distinct curves found 5  real 5  rational 0
seed ((24, 114, 126, 148), 161) S= 842847 : distinct curves found 11  real 11  rational 0
seed ((2, 30, 106, 155), 163) S= 1862492 : distinct curves found 1  real 1  rational 0
seed ((27, 76, 110, 160), 163) S= 116212 : distinct curves found 20  real 20  rational 0
seed ((92, 92, 96, 152), 163) S= 2104069 : distinct curves found 5  real 5  rational 0
seed ((69, 79, 127, 151), 164) S= 1748038 : distinct curves found 4  real 4  rational 0
seed ((36, 66, 104, 104), 165) S= 4190909 : distinct curves found 3  real 3  rational 0
seed ((19, 55, 81, 103), 166) S= 4406810 : distinct curves found 3  real 3  rational 0
seed ((12, 57, 106, 162), 167) S= 1470936 : distinct curves found 5  real 5  rational 0
seed ((22, 86, 108, 164), 167) S= 493943 : distinct curves found 11  real 11  rational 0
seed ((62, 76, 80, 135), 167) S= 3889328 : distinct curves found 6  real 6  rational 0
seed ((23, 46, 124, 156), 169) S= 2289208 : distinct curves found 5  real 5  rational 0
seed ((48, 111, 132, 134), 169) S= 3215004 : distinct curves found 5  real 5  rational 0
seed ((6, 64, 132, 164), 171) S= 432563 : distinct curves found 8  real 8  rational 0
seed ((2, 58, 92, 114), 173) S= 4895851 : distinct curves found 1  real 1  rational 0
seed ((38, 64, 90, 158), 173) S= 3263125 : distinct curves found 3  real 3  rational 0
seed ((66, 134, 144, 150), 173) S= 793749 : distinct curves found 6  real 6  rational 0
seed ((18, 22, 47, 98), 175) S= 5275048 : distinct curves found 3  real 3  rational 0
seed ((34, 112, 116, 138), 175) S= 4171855 : distinct curves found 5  real 5  rational 0
seed ((33, 61, 107, 163), 178) S= 3390854 : distinct curves found 2  real 2  rational 0
seed ((8, 83, 102, 170), 179) S= 2702488 : distinct curves found 4  real 4  rational 0
seed ((12, 64, 96, 132), 179) S= 5172309 : distinct curves found 2  real 2  rational 0
seed ((30, 50, 90, 171), 179) S= 2710020 : distinct curves found 4  real 4  rational 0
seed ((51, 64, 96, 132), 179) S= 5170608 : distinct curves found 1  real 1  rational 0
seed ((82, 83, 122, 132), 179) S= 4865800 : distinct curves found 3  real 3  rational 0
seed ((115, 115, 135, 141), 180) S= 3933778 : distinct curves found 7  real 7  rational 0
seed ((8, 12, 20, 148), 181) S= 4965133 : distinct curves found 0  real 0  rational 0
seed ((40, 67, 136, 174), 181) S= 993820 : distinct curves found 5  real 5  rational 0
seed ((72, 80, 85, 166), 181) S= 3668656 : distinct curves found 5  real 5  rational 0
seed ((65, 93, 127, 161), 182) S= 3742870 : distinct curves found 7  real 7  rational 0
seed ((1, 100, 162, 166), 185) S= 299668 : distinct curves found 11  real 11  rational 0
seed ((18, 58, 135, 144), 185) S= 5008176 : distinct curves found 1  real 1  rational 0
seed ((40, 48, 62, 184), 185) S= 1099831 : distinct curves found 4  real 4  rational 0
seed ((62, 102, 128, 148), 185) S= 4898903 : distinct curves found 5  real 5  rational 0
seed ((89, 100, 120, 148), 185) S= 5009720 : distinct curves found 4  real 4  rational 0
seed ((18, 52, 96, 156), 187) S= 5248413 : distinct curves found 2  real 2  rational 0
seed ((36, 123, 152, 162), 187) S= 2981256 : distinct curves found 3  real 3  rational 0
seed ((54, 62, 102, 138), 187) S= 5886141 : distinct curves found 3  real 3  rational 0
seed ((97, 101, 113, 183), 188) S= 1617674 : distinct curves found 5  real 5  rational 0
seed ((37, 126, 144, 178), 189) S= 923396 : distinct curves found 8  real 8  rational 0
seed ((9, 53, 159, 177), 190) S= 341010 : distinct curves found 9  real 9  rational 0
seed ((18, 72, 82, 90), 191) S= 6897567 : distinct curves found 1  real 1  rational 0
seed ((24, 46, 114, 132), 191) S= 6407553 : distinct curves found 0  real 0  rational 0
seed ((129, 150, 156, 160), 191) S= 1167192 : distinct curves found 9  real 9  rational 0
seed ((9, 38, 134, 188), 193) S= 1318532 : distinct curves found 8  real 8  rational 0
seed ((62, 62, 95, 150), 193) S= 6280384 : distinct curves found 2  real 2  rational 0
seed ((51, 73, 157, 179), 194) S= 2295886 : distinct curves found 5  real 5  rational 0
seed ((76, 102, 115, 148), 197) S= 6656620 : distinct curves found 6  real 6  rational 0
seed ((8, 36, 142, 194), 199) S= 770089 : distinct curves found 5  real 5  rational 0
seed ((36, 120, 150, 176), 199) S= 4243017 : distinct curves found 4  real 4  rational 0
seed ((65, 81, 127, 131), 200) S= 7375118 : distinct curves found 2  real 2  rational 0
seed ((9, 114, 148, 184), 201) S= 3799112 : distinct curves found 4  real 4  rational 0
seed ((50, 87, 144, 190), 201) S= 3087544 : distinct curves found 4  real 4  rational 0
seed ((27, 57, 81, 81), 202) S= 8205958 : distinct curves found 2  real 2  rational 0
seed ((29, 98, 152, 186), 203) S= 3918388 : distinct curves found 3  real 3  rational 0
seed ((9, 43, 157, 171), 204) S= 5664794 : distinct curves found 1  real 1  rational 0
seed ((11, 82, 116, 150), 205) S= 7751732 : distinct curves found 2  real 2  rational 0
seed ((24, 74, 94, 139), 205) S= 8133484 : distinct curves found 2  real 2  rational 0
seed ((58, 110, 171, 178), 205) S= 3949916 : distinct curves found 3  real 3  rational 0
seed ((90, 104, 130, 178), 205) S= 5982475 : distinct curves found 4  real 4  rational 0
seed ((39, 116, 134, 156), 207) S= 7485340 : distinct curves found 3  real 3  rational 0
seed ((60, 108, 152, 184), 207) S= 5089135 : distinct curves found 3  real 3  rational 0
seed ((6, 34, 89, 208), 209) S= 1365908 : distinct curves found 6  real 6  rational 0
seed ((30, 136, 152, 190), 209) S= 4199729 : distinct curves found 4  real 4  rational 0
seed ((88, 113, 134, 204), 209) S= 1713056 : distinct curves found 8  real 8  rational 0
seed ((16, 18, 52, 181), 211) S= 7284524 : distinct curves found 1  real 1  rational 0
seed ((34, 94, 173, 198), 211) S= 700744 : distinct curves found 10  real 10  rational 0
seed ((60, 96, 160, 162), 211) S= 7250091 : distinct curves found 2  real 2  rational 0
seed ((114, 141, 174, 192), 211) S= 586808 : distinct curves found 21  real 21  rational 0
seed ((9, 75, 123, 205), 212) S= 3595002 : distinct curves found 2  real 2  rational 0
seed ((16, 36, 60, 76), 213) S= 9651091 : distinct curves found 1  real 1  rational 0
seed ((34, 86, 108, 108), 213) S= 9476563 : distinct curves found 1  real 1  rational 0
seed ((92, 93, 108, 206), 213) S= 3758396 : distinct curves found 6  real 6  rational 0
seed ((12, 76, 145, 158), 215) S= 8586436 : distinct curves found 1  real 1  rational 0
seed ((26, 144, 162, 162), 215) S= 7328295 : distinct curves found 5  real 5  rational 0
seed ((81, 118, 118, 190), 215) S= 6785564 : distinct curves found 3  real 3  rational 0
seed ((37, 57, 67, 123), 216) S= 9897970 : distinct curves found 2  real 2  rational 0
seed ((26, 126, 132, 198), 217) S= 5904873 : distinct curves found 4  real 4  rational 0
seed ((17, 57, 79, 181), 218) S= 8479102 : distinct curves found 1  real 1  rational 0
seed ((67, 149, 153, 155), 218) S= 8343050 : distinct curves found 5  real 5  rational 0
seed ((88, 114, 138, 184), 219) S= 7870819 : distinct curves found 7  real 7  rational 0
seed ((27, 72, 78, 132), 221) S= 10528660 : distinct curves found 0  real 0  rational 0
seed ((92, 130, 162, 212), 221) S= 1487803 : distinct curves found 10  real 10  rational 0
seed ((6, 18, 30, 100), 223) S= 11044353 : distinct curves found 0  real 0  rational 0
seed ((48, 55, 190, 200), 223) S= 3448580 : distinct curves found 1  real 1  rational 0
seed ((100, 118, 152, 174), 223) S= 8899105 : distinct curves found 1  real 1  rational 0
seed ((30, 54, 172, 190), 225) S= 7535425 : distinct curves found 1  real 1  rational 0
seed ((54, 86, 192, 200), 225) S= 3901343 : distinct curves found 4  real 4  rational 0
seed ((15, 45, 159, 193), 226) S= 8086794 : distinct curves found 0  real 0  rational 0
seed ((18, 27, 108, 116), 227) S= 11523804 : distinct curves found 0  real 0  rational 0
seed ((37, 102, 158, 166), 227) S= 9960484 : distinct curves found 0  real 0  rational 0
seed ((86, 102, 172, 197), 227) S= 7137716 : distinct curves found 3  real 3  rational 0
seed ((4, 40, 179, 180), 229) S= 8792348 : distinct curves found 2  real 2  rational 0
seed ((19, 106, 120, 212), 229) S= 7001860 : distinct curves found 0  real 0  rational 0
seed ((38, 160, 160, 219), 229) S= 579416 : distinct curves found 15  real 15  rational 0
seed ((82, 104, 109, 132), 229) S= 11648156 : distinct curves found 3  real 3  rational 0
seed ((12, 31, 84, 212), 231) S= 7797596 : distinct curves found 0  real 0  rational 0
seed ((71, 144, 168, 218), 231) S= 3616384 : distinct curves found 5  real 5  rational 0
seed ((129, 177, 183, 197), 232) S= 4955946 : distinct curves found 7  real 7  rational 0
seed ((12, 15, 54, 198), 233) S= 9986300 : distinct curves found 0  real 0  rational 0
seed ((30, 55, 92, 230), 233) S= 3366760 : distinct curves found 3  real 3  rational 0
seed ((44, 100, 151, 204), 233) S= 8664304 : distinct curves found 1  real 1  rational 0
seed ((60, 94, 188, 215), 233) S= 4043048 : distinct curves found 2  real 2  rational 0
seed ((12, 64, 194, 220), 235) S= 1290893 : distinct curves found 6  real 6  rational 0
seed ((36, 66, 85, 198), 235) S= 10378272 : distinct curves found 1  real 1  rational 0
seed ((60, 60, 90, 194), 235) S= 10700013 : distinct curves found 0  real 0  rational 0
seed ((90, 92, 118, 131), 235) S= 12630676 : distinct curves found 3  real 3  rational 0
seed ((15, 153, 153, 163), 236) S= 11329638 : distinct curves found 4  real 4  rational 0
seed ((22, 48, 62, 216), 237) S= 8693771 : distinct curves found 0  real 0  rational 0
seed ((94, 102, 107, 144), 237) S= 12844372 : distinct curves found 0  real 0  rational 0
seed ((8, 39, 94, 110), 239) S= 13561340 : distinct curves found 1  real 1  rational 0
seed ((20, 40, 146, 222), 239) S= 7548431 : distinct curves found 0  real 0  rational 0
seed ((44, 170, 177, 184), 239) S= 9626720 : distinct curves found 4  real 4  rational 0
seed ((74, 81, 184, 212), 239) S= 7505752 : distinct curves found 2  real 2  rational 0
seed ((95, 129, 167, 219), 240) S= 7331098 : distinct curves found 5  real 5  rational 0
seed ((24, 106, 108, 207), 241) S= 10688904 : distinct curves found 1  real 1  rational 0
seed ((64, 153, 166, 208), 241) S= 9007196 : distinct curves found 2  real 2  rational 0
seed ((78, 78, 118, 240), 241) S= 1295247 : distinct curves found 11  real 11  rational 0
seed ((2, 107, 174, 222), 243) S= 7545316 : distinct curves found 0  real 0  rational 0
seed ((19, 78, 90, 130), 243) S= 14153008 : distinct curves found 0  real 0  rational 0
seed ((90, 108, 194, 220), 243) S= 6089557 : distinct curves found 2  real 2  rational 0
seed ((107, 145, 177, 233), 244) S= 3078518 : distinct curves found 6  real 6  rational 0
seed ((10, 36, 168, 234), 245) S= 5441907 : distinct curves found 4  real 4  rational 0
seed ((36, 50, 112, 128), 245) S= 14487251 : distinct curves found 0  real 0  rational 0
seed ((18, 18, 102, 241), 247) S= 5479476 : distinct curves found 0  real 0  rational 0
seed ((60, 80, 169, 242), 247) S= 1617152 : distinct curves found 5  real 5  rational 0
seed ((96, 136, 190, 226), 247) S= 6299239 : distinct curves found 4  real 4  rational 0
seed ((2, 89, 102, 246), 249) S= 3885296 : distinct curves found 4  real 4  rational 0
seed ((30, 64, 90, 164), 249) S= 14774377 : distinct curves found 2  real 2  rational 0
seed ((122, 144, 184, 204), 249) S= 10735223 : distinct curves found 0  real 0  rational 0
seed ((11, 117, 145, 197), 250) S= 13184446 : distinct curves found 0  real 0  rational 0
seed ((12, 66, 174, 237), 251) S= 6709204 : distinct curves found 0  real 0  rational 0
seed ((30, 100, 132, 246), 251) S= 4706109 : distinct curves found 2  real 2  rational 0
seed ((54, 101, 160, 230), 251) S= 9173848 : distinct curves found 2  real 2  rational 0
seed ((78, 106, 176, 232), 251) S= 7922371 : distinct curves found 2  real 2  rational 0
seed ((6, 27, 158, 216), 253) S= 12047268 : distinct curves found 0  real 0  rational 0
seed ((12, 16, 128, 232), 253) S= 10095899 : distinct curves found 1  real 1  rational 0
seed ((48, 94, 222, 228), 253) S= 1169499 : distinct curves found 9  real 9  rational 0
seed ((68, 102, 198, 219), 253) S= 9510636 : distinct curves found 4  real 4  rational 0
seed ((6, 32, 100, 144), 255) S= 16279583 : distinct curves found 0  real 0  rational 0
seed ((31, 47, 87, 229), 256) S= 11696746 : distinct curves found 1  real 1  rational 0
seed ((9, 64, 76, 80), 257) S= 16959164 : distinct curves found 0  real 0  rational 0
seed ((26, 160, 188, 198), 257) S= 12921025 : distinct curves found 0  real 0  rational 0
seed ((33, 94, 132, 240), 257) S= 9542160 : distinct curves found 1  real 1  rational 0
seed ((62, 88, 114, 256), 257) S= 1986367 : distinct curves found 4  real 4  rational 0
seed ((74, 146, 159, 230), 257) S= 10681456 : distinct curves found 5  real 5  rational 0
seed ((96, 127, 152, 244), 257) S= 7732912 : distinct curves found 5  real 5  rational 0
seed ((142, 180, 190, 206), 257) S= 11066207 : distinct curves found 2  real 2  rational 0
seed ((36, 59, 98, 256), 259) S= 4410212 : distinct curves found 3  real 3  rational 0
seed ((59, 112, 164, 246), 259) S= 7665628 : distinct curves found 1  real 1  rational 0
seed ((47, 139, 145, 153), 260) S= 16720366 : distinct curves found 0  real 0  rational 0
seed ((20, 54, 124, 198), 261) S= 15880765 : distinct curves found 0  real 0  rational 0
seed ((36, 184, 212, 237), 261) S= 3051004 : distinct curves found 7  real 7  rational 0
seed ((90, 104, 155, 258), 261) S= 2349464 : distinct curves found 5  real 5  rational 0
seed ((6, 82, 82, 236), 263) S= 12551863 : distinct curves found 2  real 2  rational 0
seed ((12, 148, 158, 199), 263) S= 15580696 : distinct curves found 1  real 1  rational 0
seed ((48, 136, 153, 258), 263) S= 4102656 : distinct curves found 4  real 4  rational 0
seed ((62, 188, 204, 244), 263) S= 1902217 : distinct curves found 10  real 10  rational 0
seed ((128, 166, 228, 232), 263) S= 3032969 : distinct curves found 4  real 4  rational 0
seed ((16, 81, 150, 258), 265) S= 6302028 : distinct curves found 2  real 2  rational 0
seed ((30, 44, 172, 248), 265) S= 9368249 : distinct curves found 0  real 0  rational 0
seed ((68, 76, 160, 162), 265) S= 17640121 : distinct curves found 0  real 0  rational 0
seed ((150, 160, 230, 233), 265) S= 3179416 : distinct curves found 3  real 3  rational 0
seed ((8, 94, 102, 258), 267) S= 8096531 : distinct curves found 3  real 3  rational 0
seed ((30, 99, 142, 200), 267) S= 17004668 : distinct curves found 0  real 0  rational 0
seed ((12, 32, 128, 230), 269) S= 15048437 : distinct curves found 0  real 0  rational 0
seed ((46, 66, 194, 262), 269) S= 1427477 : distinct curves found 10  real 10  rational 0
seed ((58, 85, 104, 180), 269) S= 18525596 : distinct curves found 0  real 0  rational 0
seed ((124, 170, 216, 250), 269) S= 2327467 : distinct curves found 7  real 7  rational 0
seed ((18, 66, 81, 202), 271) S= 18105456 : distinct curves found 2  real 2  rational 0
seed ((36, 136, 174, 258), 271) S= 8191377 : distinct curves found 4  real 4  rational 0
seed ((89, 92, 116, 270), 271) S= 2269300 : distinct curves found 4  real 4  rational 0
seed ((1, 3, 85, 157), 272) S= 19738490 : distinct curves found 1  real 1  rational 0
seed ((145, 205, 215, 249), 274) S= 1591690 : distinct curves found 10  real 10  rational 0
seed ((10, 152, 213, 226), 275) S= 13912124 : distinct curves found 1  real 1  rational 0
seed ((22, 86, 216, 260), 275) S= 4650763 : distinct curves found 1  real 1  rational 0
seed ((51, 86, 94, 254), 275) S= 12761744 : distinct curves found 2  real 2  rational 0
seed ((114, 120, 138, 173), 275) S= 19839696 : distinct curves found 3  real 3  rational 0
seed ((144, 160, 186, 267), 275) S= 1763508 : distinct curves found 10  real 10  rational 0
seed ((12, 78, 117, 206), 277) S= 19300776 : distinct curves found 0  real 0  rational 0
seed ((20, 75, 82, 172), 277) S= 20624144 : distinct curves found 0  real 0  rational 0
seed ((58, 108, 131, 178), 277) S= 20328404 : distinct curves found 0  real 0  rational 0
seed ((94, 149, 174, 206), 277) S= 18328280 : distinct curves found 1  real 1  rational 0
seed ((6, 72, 76, 274), 279) S= 6940103 : distinct curves found 2  real 2  rational 0
seed ((32, 34, 150, 270), 279) S= 8534759 : distinct curves found 1  real 1  rational 0
seed ((30, 64, 225, 258), 281) S= 8219724 : distinct curves found 1  real 1  rational 0
seed ((89, 162, 184, 268), 281) S= 8025736 : distinct curves found 3  real 3  rational 0
seed ((104, 144, 230, 260), 281) S= 5017577 : distinct curves found 1  real 1  rational 0
seed ((2, 62, 96, 116), 283) S= 22592803 : distinct curves found 0  real 0  rational 0
seed ((42, 77, 238, 256), 283) S= 7090636 : distinct curves found 2  real 2  rational 0
seed ((72, 108, 164, 243), 283) S= 16930356 : distinct curves found 3  real 3  rational 0
seed ((92, 198, 219, 264), 283) S= 1994088 : distinct curves found 8  real 8  rational 0
seed ((198, 202, 236, 242), 283) S= 3447869 : distinct curves found 4  real 4  rational 0
seed ((93, 191, 219, 243), 284) S= 12620886 : distinct curves found 2  real 2  rational 0
seed ((62, 68, 96, 240), 285) S= 18542939 : distinct curves found 3  real 3  rational 0
seed ((163, 186, 202, 216), 285) S= 17499200 : distinct curves found 2  real 2  rational 0
seed ((45, 93, 141, 279), 286) S= 8191090 : distinct curves found 5  real 5  rational 0
seed ((34, 82, 108, 140), 287) S= 23439775 : distinct curves found 3  real 3  rational 0
seed ((187, 201, 219, 227), 288) S= 14655398 : distinct curves found 5  real 5  rational 0
seed ((8, 34, 38, 54), 289) S= 24136961 : distinct curves found 0  real 0  rational 0
seed ((24, 36, 228, 276), 289) S= 329887 : distinct curves found 13  real 13  rational 0
seed ((41, 82, 124, 198), 289) S= 22768916 : distinct curves found 1  real 1  rational 0
seed ((72, 144, 180, 220), 289) S= 20643999 : distinct curves found 3  real 3  rational 0
seed ((142, 148, 206, 279), 289) S= 3979876 : distinct curves found 7  real 7  rational 0
seed ((22, 24, 99, 278), 291) S= 12028784 : distinct curves found 0  real 0  rational 0
seed ((43, 153, 229, 269), 292) S= 9161042 : distinct curves found 3  real 3  rational 0
seed ((16, 109, 144, 170), 293) S= 24453644 : distinct curves found 0  real 0  rational 0
seed ((27, 34, 132, 174), 293) S= 24488112 : distinct curves found 0  real 0  rational 0
seed ((60, 178, 190, 214), 293) S= 21395453 : distinct curves found 1  real 1  rational 0
seed ((100, 115, 228, 232), 293) S= 18248036 : distinct curves found 0  real 0  rational 0
seed ((134, 170, 172, 228), 293) S= 20890525 : distinct curves found 2  real 2  rational 0
seed ((2, 174, 180, 192), 295) S= 23392521 : distinct curves found 0  real 0  rational 0
seed ((33, 36, 120, 164), 295) S= 25231428 : distinct curves found 1  real 1  rational 0
seed ((52, 162, 225, 246), 295) S= 17017884 : distinct curves found 3  real 3  rational 0
seed ((37, 87, 239, 241), 296) S= 17024926 : distinct curves found 0  real 0  rational 0
seed ((2, 12, 214, 288), 297) S= 4434169 : distinct curves found 3  real 3  rational 0
seed ((10, 22, 102, 180), 297) S= 25518631 : distinct curves found 0  real 0  rational 0
seed ((32, 66, 220, 270), 297) S= 13618183 : distinct curves found 1  real 1  rational 0
seed ((38, 136, 144, 222), 297) S= 23481607 : distinct curves found 0  real 0  rational 0
seed ((96, 128, 228, 241), 297) S= 18567428 : distinct curves found 1  real 1  rational 0
seed ((47, 197, 219, 283), 298) S= 4222066 : distinct curves found 8  real 8  rational 0
seed ((11, 132, 176, 292), 299) S= 7724264 : distinct curves found 4  real 4  rational 0
seed ((128, 146, 212, 291), 299) S= 1560676 : distinct curves found 6  real 6  rational 0
