seed ((1, 1, 1, 3), 4) S= 58 : distinct curves found 13  real 13  rational 0
/usr/local/lib/python3.11/dist-packages/numpy/linalg/_linalg.py:2766: RuntimeWarning: overflow encountered in dot
  sqnorm = x_real.dot(x_real) + x_imag.dot(x_imag)
seed ((6, 11, 14, 18), 21) S= 6512 : distinct curves found 75  real 75  rational 0
seed ((4, 9, 12, 18), 23) S= 10512 : distinct curves found 50  real 50  rational 0
seed ((10, 12, 12, 20), 27) S= 17789 : distinct curves found 55  real 55  rational 0
seed ((20, 22, 24, 26), 31) S= 14495 : distinct curves found 64  real 64  rational 0
seed ((3, 3, 9, 19), 34) S= 38694 : distinct curves found 25  real 25  rational 0
seed ((4, 24, 24, 36), 37) S= 2595 : distinct curves found 45  real 45  rational 0
seed ((15, 22, 32, 38), 41) S= 23252 : distinct curves found 64  real 64  rational 0
seed ((4, 6, 18, 43), 45) S= 44140 : distinct curves found 27  real 27  rational 0
seed ((4, 25, 36, 44), 47) S= 33196 : distinct curves found 45  real 45  rational 0
seed ((17, 24, 32, 46), 47) S= 3992 : distinct curves found 51  real 51  rational 0
seed ((6, 16, 22, 45), 51) S= 95720 : distinct curves found 18  real 18  rational 0
seed ((4, 24, 38, 43), 53) S= 112432 : distinct curves found 26  real 26  rational 0
seed ((20, 23, 36, 50), 55) S= 98320 : distinct curves found 34  real 34  rational 0
seed ((6, 32, 34, 37), 59) S= 192344 : distinct curves found 21  real 21  rational 0
seed ((15, 17, 17, 51), 60) S= 170294 : distinct curves found 16  real 16  rational 0
seed ((10, 36, 40, 59), 61) S= 55372 : distinct curves found 52  real 52  rational 0
seed ((6, 9, 50, 56), 63) S= 126716 : distinct curves found 22  real 22  rational 0
seed ((26, 30, 33, 48), 65) S= 246696 : distinct curves found 23  real 23  rational 0
seed ((4, 8, 22, 54), 67) S= 256027 : distinct curves found 8  real 8  rational 0
seed ((29, 34, 38, 48), 67) S= 270328 : distinct curves found 19  real 19  rational 0
seed ((5, 24, 30, 58), 69) S= 262544 : distinct curves found 12  real 12  rational 0
seed ((18, 26, 44, 45), 69) S= 303340 : distinct curves found 15  real 15  rational 0
seed ((4, 32, 34, 39), 71) S= 349232 : distinct curves found 10  real 10  rational 0
seed ((20, 44, 46, 60), 71) S= 254263 : distinct curves found 22  real 22  rational 0
seed ((6, 22, 22, 64), 73) S= 287033 : distinct curves found 9  real 9  rational 0
seed ((4, 30, 40, 72), 75) S= 183955 : distinct curves found 20  real 20  rational 0
seed ((11, 18, 30, 68), 75) S= 279904 : distinct curves found 13  real 13  rational 0
seed ((24, 30, 43, 52), 75) S= 388544 : distinct curves found 15  real 15  rational 0
seed ((10, 10, 16, 57), 79) S= 456916 : distinct curves found 7  real 7  rational 0
seed ((11, 27, 59, 65), 80) S= 379678 : distinct curves found 9  real 9  rational 0
seed ((26, 36, 57, 64), 81) S= 420628 : distinct curves found 18  real 18  rational 0
seed ((10, 24, 38, 67), 85) S= 532436 : distinct curves found 13  real 13  rational 0
seed ((9, 19, 23, 79), 86) S= 401602 : distinct curves found 15  real 15  rational 0
seed ((12, 12, 44, 79), 87) S= 428108 : distinct curves found 15  real 15  rational 0
seed ((37, 37, 39, 83), 88) S= 358906 : distinct curves found 19  real 19  rational 0
seed ((3, 3, 37, 81), 92) S= 566886 : distinct curves found 8  real 8  rational 0
seed ((36, 44, 52, 72), 93) S= 691717 : distinct curves found 17  real 17  rational 0
seed ((9, 18, 30, 94), 95) S= 210852 : distinct curves found 15  real 15  rational 0
seed ((2, 23, 36, 86), 97) S= 652748 : distinct curves found 10  real 10  rational 0
seed ((30, 62, 78, 90), 97) S= 137121 : distinct curves found 34  real 34  rational 0
seed ((3, 40, 78, 82), 99) S= 638888 : distinct curves found 16  real 16  rational 0
seed ((2, 13, 20, 78), 101) S= 914468 : distinct curves found 5  real 5  rational 0
seed ((38, 48, 59, 74), 101) S= 916456 : distinct curves found 15  real 15  rational 0
seed ((2, 24, 71, 88), 103) S= 775472 : distinct curves found 11  real 11  rational 0
seed ((26, 39, 82, 88), 103) S= 649472 : distinct curves found 15  real 15  rational 0
seed ((6, 17, 42, 94), 105) S= 802940 : distinct curves found 8  real 8  rational 0
seed ((2, 62, 92, 96), 107) S= 234131 : distinct curves found 27  real 27  rational 0
seed ((18, 54, 66, 82), 107) S= 1043667 : distinct curves found 9  real 9  rational 0
seed ((22, 74, 74, 102), 107) S= 214573 : distinct curves found 36  real 36  rational 0
seed ((32, 50, 90, 94), 107) S= 512563 : distinct curves found 16  real 16  rational 0
seed ((18, 24, 30, 30), 109) S= 1294379 : distinct curves found 6  real 6  rational 0
seed ((40, 50, 72, 106), 109) S= 315509 : distinct curves found 25  real 25  rational 0
seed ((4, 30, 80, 108), 111) S= 143761 : distinct curves found 26  real 26  rational 0
seed ((6, 16, 20, 89), 113) S= 1258924 : distinct curves found 4  real 4  rational 0
seed ((18, 48, 76, 111), 113) S= 81072 : distinct curves found 37  real 37  rational 0
seed ((52, 54, 57, 102), 113) S= 936444 : distinct curves found 13  real 13  rational 0
seed ((2, 19, 30, 44), 115) S= 1518232 : distinct curves found 2  real 2  rational 0
seed ((30, 68, 76, 82), 115) S= 1310251 : distinct curves found 8  real 8  rational 0
seed ((7, 37, 49, 63), 118) S= 1618834 : distinct curves found 8  real 8  rational 0
seed ((2, 32, 74, 84), 119) S= 1524199 : distinct curves found 5  real 5  rational 0
seed ((14, 52, 55, 90), 119) S= 1503616 : distinct curves found 8  real 8  rational 0
seed ((1, 46, 82, 96), 121) S= 1429052 : distinct curves found 11  real 11  rational 0
seed ((10, 71, 106, 108), 121) S= 70240 : distinct curves found 41  real 41  rational 0
seed ((26, 71, 90, 100), 121) S= 1215968 : distinct curves found 8  real 8  rational 0
seed ((54, 62, 106, 106), 121) S= 468823 : distinct curves found 17  real 17  rational 0
seed ((2, 24, 27, 82), 123) S= 1777144 : distinct curves found 4  real 4  rational 0
seed ((9, 19, 71, 113), 124) S= 1193782 : distinct curves found 7  real 7  rational 0
seed ((12, 12, 59, 66), 125) S= 1920900 : distinct curves found 2  real 2  rational 0
seed ((2, 22, 106, 108), 127) S= 1091039 : distinct curves found 10  real 10  rational 0
seed ((18, 33, 108, 116), 127) S= 413856 : distinct curves found 20  real 20  rational 0
seed ((33, 60, 72, 116), 127) S= 1253880 : distinct curves found 10  real 10  rational 0
seed ((17, 29, 73, 87), 128) S= 1952554 : distinct curves found 7  real 7  rational 0
seed ((1, 5, 101, 117), 130) S= 1095502 : distinct curves found 12  real 12  rational 0
seed ((3, 4, 76, 124), 131) S= 1107248 : distinct curves found 7  real 7  rational 0
seed ((3, 66, 110, 114), 131) S= 1002360 : distinct curves found 11  real 11  rational 0
seed ((12, 16, 76, 128), 131) S= 680549 : distinct curves found 10  real 10  rational 0
seed ((24, 24, 92, 96), 131) S= 1914267 : distinct curves found 6  real 6  rational 0
seed ((60, 90, 106, 120), 131) S= 267045 : distinct curves found 27  real 27  rational 0
seed ((43, 45, 45, 95), 132) S= 2128810 : distinct curves found 5  real 5  rational 0
seed ((3, 17, 31, 79), 134) S= 2354854 : distinct curves found 3  real 3  rational 0
seed ((71, 94, 102, 120), 135) S= 1059872 : distinct curves found 20  real 20  rational 0
seed ((15, 48, 62, 120), 137) S= 1885956 : distinct curves found 6  real 6  rational 0
seed ((22, 96, 116, 118), 137) S= 832487 : distinct curves found 16  real 16  rational 0
seed ((8, 75, 94, 136), 139) S= 131080 : distinct curves found 30  real 30  rational 0
seed ((11, 60, 60, 120), 139) S= 2033040 : distinct curves found 3  real 3  rational 0
seed ((32, 43, 94, 114), 139) S= 2078536 : distinct curves found 7  real 7  rational 0
seed ((10, 24, 30, 118), 141) S= 2271029 : distinct curves found 3  real 3  rational 0
seed ((44, 48, 51, 134), 141) S= 1425352 : distinct curves found 7  real 7  rational 0
seed ((34, 52, 58, 135), 143) S= 1561460 : distinct curves found 9  real 9  rational 0
seed ((48, 90, 102, 104), 143) S= 2369775 : distinct curves found 7  real 7  rational 0
seed ((100, 102, 111, 120), 143) S= 1252368 : distinct curves found 19  real 19  rational 0
seed ((2, 2, 68, 132), 145) S= 1976207 : distinct curves found 2  real 2  rational 0
seed ((15, 22, 58, 106), 145) S= 2799536 : distinct curves found 3  real 3  rational 0
seed ((32, 103, 110, 114), 145) S= 2032844 : distinct curves found 8  real 8  rational 0
seed ((39, 71, 123, 135), 146) S= 193650 : distinct curves found 27  real 27  rational 0
seed ((3, 38, 80, 122), 149) S= 2716628 : distinct curves found 6  real 6  rational 0
seed ((38, 53, 60, 148), 149) S= 601232 : distinct curves found 12  real 12  rational 0
seed ((58, 74, 110, 144), 149) S= 229325 : distinct curves found 28  real 28  rational 0
seed ((33, 71, 99, 137), 150) S= 1925590 : distinct curves found 7  real 7  rational 0
