/usr/local/lib/python3.11/dist-packages/numpy/linalg/_linalg.py:2766: RuntimeWarning: overflow encountered in dot
  sqnorm = x_real.dot(x_real) + x_imag.dot(x_imag)
seed ((6, 11, 14, 18), 21) S= 6512 : distinct curves found 65  real 65  rational 0
seed ((6, 12, 15, 18), 23) S= 9980 : distinct curves found 63  real 63  rational 0
seed ((16, 16, 20, 30), 31) S= 7807 : distinct curves found 43  real 43  rational 0
/usr/local/lib/python3.11/dist-packages/numpy/linalg/_linalg.py:2766: RuntimeWarning: overflow encountered in dot
  sqnorm = x_real.dot(x_real) + x_imag.dot(x_imag)
seed ((3, 3, 9, 19), 34) S= 38694 : distinct curves found 23  real 23  rational 0
seed ((2, 6, 6, 36), 41) S= 50727 : distinct curves found 29  real 29  rational 0
seed ((3, 19, 29, 41), 44) S= 43178 : distinct curves found 59  real 59  rational 0
seed ((4, 25, 36, 44), 47) S= 33196 : distinct curves found 62  real 62  rational 0
seed ((6, 7, 18, 36), 49) S= 107844 : distinct curves found 38  real 38  rational 0
seed ((12, 16, 34, 36), 51) S= 117707 : distinct curves found 47  real 47  rational 0
seed ((20, 23, 36, 50), 55) S= 98320 : distinct curves found 60  real 60  rational 0
seed ((22, 30, 37, 58), 59) S= 26528 : distinct curves found 52  real 52  rational 0
seed ((4, 6, 38, 46), 61) S= 197573 : distinct curves found 38  real 38  rational 0
seed ((6, 9, 50, 56), 63) S= 126716 : distinct curves found 53  real 53  rational 0
seed ((2, 27, 48, 54), 67) S= 230316 : distinct curves found 52  real 52  rational 0
seed ((8, 10, 29, 30), 67) S= 298552 : distinct curves found 21  real 21  rational 0
seed ((5, 24, 30, 58), 69) S= 262544 : distinct curves found 43  real 43  rational 0
seed ((27, 35, 39, 69), 70) S= 63138 : distinct curves found 44  real 44  rational 0
seed ((18, 22, 40, 62), 71) S= 258953 : distinct curves found 55  real 55  rational 0
seed ((6, 22, 22, 64), 73) S= 287033 : distinct curves found 35  real 35  rational 0
seed ((6, 11, 54, 64), 75) S= 290624 : distinct curves found 49  real 49  rational 0
seed ((12, 44, 53, 60), 75) S= 319216 : distinct curves found 56  real 56  rational 0
seed ((10, 10, 16, 57), 79) S= 456916 : distinct curves found 32  real 32  rational 0
seed ((15, 37, 41, 79), 80) S= 108302 : distinct curves found 43  real 43  rational 0
seed ((38, 44, 50, 60), 83) S= 504373 : distinct curves found 49  real 49  rational 0
seed ((9, 19, 23, 79), 86) S= 401602 : distinct curves found 40  real 40  rational 0
seed ((18, 32, 44, 81), 87) S= 377932 : distinct curves found 51  real 51  rational 0
seed ((24, 30, 57, 86), 89) S= 239160 : distinct curves found 52  real 52  rational 0
seed ((36, 44, 52, 72), 93) S= 691717 : distinct curves found 55  real 55  rational 0
seed ((3, 17, 37, 45), 96) S= 878558 : distinct curves found 27  real 27  rational 0
seed ((30, 46, 55, 82), 97) S= 700772 : distinct curves found 55  real 55  rational 0
seed ((3, 40, 78, 82), 99) S= 638888 : distinct curves found 55  real 55  rational 0
seed ((2, 59, 66, 92), 101) S= 574744 : distinct curves found 69  real 69  rational 0
seed ((1, 16, 58, 72), 103) S= 1008292 : distinct curves found 36  real 36  rational 0
seed ((26, 39, 82, 88), 103) S= 649472 : distinct curves found 59  real 59  rational 0
seed ((6, 48, 80, 98), 105) S= 424121 : distinct curves found 58  real 58  rational 0
seed ((12, 75, 80, 96), 107) S= 527112 : distinct curves found 65  real 65  rational 0
seed ((22, 74, 74, 102), 107) S= 214573 : distinct curves found 67  real 67  rational 0
seed ((75, 80, 82, 92), 107) S= 387616 : distinct curves found 50  real 50  rational 0
seed ((30, 58, 90, 96), 109) S= 569301 : distinct curves found 60  real 60  rational 0
seed ((4, 30, 80, 108), 111) S= 143761 : distinct curves found 37  real 37  rational 0
seed ((12, 36, 90, 102), 113) S= 649745 : distinct curves found 57  real 57  rational 0
seed ((20, 48, 60, 108), 113) S= 660399 : distinct curves found 57  real 57  rational 0
seed ((2, 19, 30, 44), 115) S= 1518232 : distinct curves found 25  real 25  rational 0
seed ((62, 76, 76, 90), 115) S= 1157333 : distinct curves found 49  real 49  rational 0
seed ((2, 17, 60, 98), 119) S= 1381028 : distinct curves found 52  real 52  rational 0
seed ((14, 52, 55, 90), 119) S= 1503616 : distinct curves found 40  real 40  rational 0
seed ((2, 50, 60, 74), 121) S= 1706441 : distinct curves found 36  real 36  rational 0
seed ((22, 32, 80, 102), 121) S= 1322473 : distinct curves found 59  real 59  rational 0
seed ((54, 62, 106, 106), 121) S= 468823 : distinct curves found 69  real 69  rational 0
seed ((6, 22, 60, 122), 123) S= 344605 : distinct curves found 50  real 50  rational 0
seed ((10, 64, 68, 102), 125) S= 1587749 : distinct curves found 64  real 64  rational 0
seed ((2, 22, 106, 108), 127) S= 1091039 : distinct curves found 48  real 48  rational 0
seed ((30, 30, 48, 72), 127) S= 2010689 : distinct curves found 35  real 35  rational 0
seed ((3, 5, 85, 121), 128) S= 939398 : distinct curves found 49  real 49  rational 0
seed ((1, 5, 101, 117), 130) S= 1095502 : distinct curves found 48  real 48  rational 0
seed ((3, 32, 104, 104), 131) S= 1588144 : distinct curves found 42  real 42  rational 0
seed ((10, 29, 72, 100), 131) S= 1978384 : distinct curves found 38  real 38  rational 0
seed ((24, 24, 92, 96), 131) S= 1914267 : distinct curves found 53  real 53  rational 0
seed ((13, 33, 65, 129), 132) S= 777730 : distinct curves found 53  real 53  rational 0
seed ((42, 108, 109, 114), 133) S= 265452 : distinct curves found 65  real 65  rational 0
seed ((71, 94, 102, 120), 135) S= 1059872 : distinct curves found 63  real 63  rational 0
seed ((18, 36, 118, 120), 137) S= 961305 : distinct curves found 46  real 46  rational 0
seed ((72, 73, 90, 90), 137) S= 2293104 : distinct curves found 49  real 49  rational 0
seed ((11, 60, 60, 120), 139) S= 2033040 : distinct curves found 55  real 55  rational 0
seed ((85, 90, 90, 114), 139) S= 1891440 : distinct curves found 52  real 52  rational 0
seed ((34, 58, 114, 132), 141) S= 577589 : distinct curves found 49  real 49  rational 0
seed ((34, 52, 58, 135), 143) S= 1561460 : distinct curves found 43  real 43  rational 0
seed ((66, 76, 78, 108), 143) S= 2542353 : distinct curves found 52  real 52  rational 0
seed ((108, 108, 108, 116), 143) S= 1163601 : distinct curves found 45  real 45  rational 0
seed ((15, 22, 58, 106), 145) S= 2799536 : distinct curves found 27  real 27  rational 0
seed ((46, 100, 113, 114), 145) S= 2001928 : distinct curves found 68  real 68  rational 0
seed ((2, 85, 96, 134), 149) S= 1998320 : distinct curves found 67  real 67  rational 0
seed ((38, 53, 60, 148), 149) S= 601232 : distinct curves found 46  real 46  rational 0
seed ((72, 92, 108, 138), 149) S= 1305075 : distinct curves found 52  real 52  rational 0
seed ((8, 54, 66, 87), 151) S= 3363456 : distinct curves found 30  real 30  rational 0
seed ((17, 34, 50, 66), 151) S= 3428420 : distinct curves found 20  real 20  rational 0
seed ((36, 81, 120, 138), 151) S= 1294820 : distinct curves found 57  real 57  rational 0
seed ((74, 86, 92, 138), 151) S= 1942169 : distinct curves found 60  real 60  rational 0
seed ((30, 46, 89, 144), 153) S= 1845104 : distinct curves found 66  real 66  rational 0
seed ((11, 101, 103, 147), 154) S= 996574 : distinct curves found 58  real 58  rational 0
seed ((24, 100, 124, 142), 155) S= 1016573 : distinct curves found 55  real 55  rational 0
seed ((48, 59, 74, 110), 155) S= 3446312 : distinct curves found 39  real 39  rational 0
seed ((20, 36, 102, 120), 157) S= 3295707 : distinct curves found 54  real 54  rational 0
seed ((62, 102, 131, 142), 157) S= 735376 : distinct curves found 51  real 51  rational 0
seed ((27, 47, 47, 151), 158) S= 1918786 : distinct curves found 38  real 38  rational 0
seed ((24, 96, 137, 142), 159) S= 751396 : distinct curves found 65  real 65  rational 0
seed ((17, 45, 135, 135), 160) S= 2159166 : distinct curves found 52  real 52  rational 0
seed ((12, 98, 128, 137), 161) S= 2349580 : distinct curves found 60  real 60  rational 0
seed ((68, 84, 86, 118), 161) S= 3723169 : distinct curves found 50  real 50  rational 0
seed ((16, 36, 59, 160), 163) S= 1390604 : distinct curves found 42  real 42  rational 0
seed ((60, 68, 128, 131), 163) S= 3026200 : distinct curves found 67  real 67  rational 0
seed ((55, 93, 107, 107), 164) S= 3972442 : distinct curves found 45  real 45  rational 0
seed ((12, 51, 68, 160), 165) S= 1812596 : distinct curves found 49  real 49  rational 0
seed ((15, 57, 79, 165), 166) S= 683814 : distinct curves found 55  real 55  rational 0
seed ((8, 32, 48, 64), 167) S= 4648649 : distinct curves found 12  real 12  rational 0
seed ((20, 24, 32, 142), 167) S= 3673175 : distinct curves found 39  real 39  rational 0
seed ((57, 58, 86, 116), 167) S= 4333432 : distinct curves found 46  real 46  rational 0
seed ((15, 16, 110, 142), 169) S= 3650764 : distinct curves found 56  real 56  rational 0
seed ((47, 66, 72, 156), 169) S= 2941524 : distinct curves found 51  real 51  rational 0
seed ((19, 85, 87, 149), 170) S= 3519122 : distinct curves found 66  real 66  rational 0
seed ((74, 88, 132, 144), 171) S= 3188659 : distinct curves found 59  real 59  rational 0
seed ((32, 53, 108, 166), 173) S= 2067476 : distinct curves found 58  real 58  rational 0
seed ((45, 66, 102, 138), 173) S= 4322600 : distinct curves found 52  real 52  rational 0
seed ((14, 22, 118, 135), 175) S= 4468756 : distinct curves found 44  real 44  rational 0
seed ((30, 106, 112, 134), 175) S= 4420463 : distinct curves found 62  real 62  rational 0
seed ((9, 45, 57, 177), 178) S= 1007270 : distinct curves found 45  real 45  rational 0
seed ((6, 54, 132, 139), 179) S= 4512972 : distinct curves found 59  real 59  rational 0
seed ((12, 50, 120, 174), 179) S= 1463019 : distinct curves found 58  real 58  rational 0
seed ((26, 115, 152, 156), 179) S= 1958360 : distinct curves found 69  real 69  rational 0
seed ((44, 109, 132, 172), 179) S= 166136 : distinct curves found 45  real 45  rational 0
seed ((76, 78, 96, 141), 179) S= 4882152 : distinct curves found 56  real 56  rational 0
seed ((51, 129, 137, 167), 180) S= 1040450 : distinct curves found 56  real 56  rational 0
seed ((6, 40, 85, 164), 181) S= 3914608 : distinct curves found 54  real 54  rational 0
seed ((29, 34, 122, 144), 181) S= 4790228 : distinct curves found 51  real 51  rational 0
seed ((66, 116, 150, 150), 181) S= 3140307 : distinct curves found 70  real 70  rational 0
seed ((37, 85, 105, 131), 182) S= 5437822 : distinct curves found 42  real 42  rational 0
seed ((1, 60, 64, 172), 185) S= 3752572 : distinct curves found 49  real 49  rational 0
seed ((18, 22, 103, 118), 185) S= 6016288 : distinct curves found 42  real 42  rational 0
seed ((38, 60, 62, 116), 185) S= 6127529 : distinct curves found 31  real 31  rational 0
seed ((58, 74, 76, 153), 185) S= 5183320 : distinct curves found 43  real 43  rational 0
seed ((86, 100, 120, 148), 185) S= 5018935 : distinct curves found 59  real 59  rational 0
seed ((12, 100, 106, 110), 187) S= 6210563 : distinct curves found 43  real 43  rational 0
seed ((24, 72, 152, 174), 187) S= 1592733 : distinct curves found 66  real 66  rational 0
seed ((52, 78, 141, 180), 187) S= 803700 : distinct curves found 51  real 51  rational 0
seed ((31, 57, 73, 163), 188) S= 5020934 : distinct curves found 50  real 50  rational 0
seed ((37, 54, 74, 168), 189) S= 4785916 : distinct curves found 38  real 38  rational 0
seed ((118, 126, 144, 176), 189) S= 490523 : distinct curves found 56  real 56  rational 0
seed ((15, 57, 59, 129), 190) S= 6508542 : distinct curves found 35  real 35  rational 0
seed ((23, 86, 132, 176), 191) S= 3624196 : distinct curves found 56  real 56  rational 0
seed ((102, 144, 144, 164), 191) S= 3183777 : distinct curves found 52  real 52  rational 0
seed ((6, 10, 95, 188), 193) S= 2606872 : distinct curves found 46  real 46  rational 0
seed ((36, 44, 86, 190), 193) S= 2054911 : distinct curves found 49  real 49  rational 0
seed ((37, 75, 139, 145), 194) S= 6051694 : distinct curves found 60  real 60  rational 0
seed ((8, 19, 94, 162), 197) S= 6299708 : distinct curves found 45  real 45  rational 0
seed ((4, 92, 118, 186), 199) S= 4170199 : distinct curves found 70  real 70  rational 0
seed ((30, 44, 135, 192), 199) S= 2438424 : distinct curves found 47  real 47  rational 0
seed ((82, 82, 100, 198), 199) S= 491017 : distinct curves found 37  real 37  rational 0
seed ((9, 48, 134, 148), 201) S= 7045096 : distinct curves found 49  real 49  rational 0
seed ((46, 102, 134, 183), 201) S= 4632584 : distinct curves found 61  real 61  rational 0
seed ((15, 57, 165, 177), 202) S= 4119974 : distinct curves found 54  real 54  rational 0
seed ((20, 32, 58, 189), 203) S= 4935740 : distinct curves found 35  real 35  rational 0
seed ((122, 126, 158, 181), 203) S= 3458632 : distinct curves found 57  real 57  rational 0
seed ((11, 40, 124, 192), 205) S= 4525988 : distinct curves found 51  real 51  rational 0
seed ((22, 134, 138, 146), 205) S= 7199915 : distinct curves found 63  real 63  rational 0
seed ((45, 106, 158, 170), 205) S= 5753120 : distinct curves found 68  real 68  rational 0
seed ((75, 92, 180, 180), 205) S= 2326284 : distinct curves found 53  real 53  rational 0
seed ((36, 70, 168, 175), 207) S= 5229392 : distinct curves found 66  real 66  rational 0
seed ((57, 66, 136, 202), 207) S= 2071372 : distinct curves found 50  real 50  rational 0
seed ((23, 39, 59, 167), 208) S= 7696922 : distinct curves found 30  real 30  rational 0
seed ((26, 57, 96, 96), 209) S= 9041268 : distinct curves found 22  real 22  rational 0
seed ((76, 114, 172, 185), 209) S= 3869780 : distinct curves found 59  real 59  rational 0
seed ((2, 48, 74, 106), 211) S= 9308651 : distinct curves found 25  real 25  rational 0
seed ((22, 43, 184, 186), 211) S= 2832916 : distinct curves found 51  real 51  rational 0
seed ((51, 92, 96, 198), 211) S= 5156016 : distinct curves found 52  real 52  rational 0
seed ((102, 104, 104, 194), 211) S= 5592757 : distinct curves found 59  real 59  rational 0
seed ((142, 158, 174, 181), 211) S= 1255396 : distinct curves found 50  real 50  rational 0
seed ((12, 42, 154, 203), 213) S= 3171784 : distinct curves found 57  real 57  rational 0
seed ((24, 68, 138, 200), 213) S= 4730675 : distinct curves found 56  real 56  rational 0
seed ((84, 98, 126, 208), 213) S= 2676947 : distinct curves found 46  real 46  rational 0
seed ((25, 125, 171, 187), 214) S= 4946566 : distinct curves found 60  real 60  rational 0
seed ((26, 78, 120, 207), 215) S= 4109436 : distinct curves found 58  real 58  rational 0
seed ((76, 100, 143, 156), 215) S= 8637988 : distinct curves found 38  real 38  rational 0
seed ((1, 93, 127, 129), 216) S= 9597334 : distinct curves found 44  real 44  rational 0
seed ((26, 57, 158, 182), 217) S= 7244176 : distinct curves found 51  real 51  rational 0
seed ((102, 159, 168, 174), 217) S= 6074108 : distinct curves found 64  real 64  rational 0
seed ((65, 113, 177, 205), 218) S= 455026 : distinct curves found 44  real 44  rational 0
seed ((45, 66, 152, 200), 219) S= 5822276 : distinct curves found 57  real 57  rational 0
seed ((20, 58, 131, 204), 221) S= 6272240 : distinct curves found 47  real 47  rational 0
seed ((90, 108, 130, 174), 221) S= 9044901 : distinct curves found 62  real 62  rational 0
seed ((2, 32, 76, 201), 223) S= 7539268 : distinct curves found 40  real 40  rational 0
seed ((31, 110, 144, 166), 223) S= 9558544 : distinct curves found 56  real 56  rational 0
seed ((97, 110, 162, 200), 223) S= 6188576 : distinct curves found 62  real 62  rational 0
seed ((24, 96, 158, 220), 225) S= 160897 : distinct curves found 49  real 49  rational 0
seed ((52, 122, 156, 201), 225) S= 6787660 : distinct curves found 63  real 63  rational 0
seed ((148, 159, 176, 192), 225) S= 4822960 : distinct curves found 55  real 55  rational 0
seed ((5, 44, 102, 190), 227) S= 9415012 : distinct curves found 35  real 35  rational 0
seed ((37, 38, 50, 90), 227) S= 11673436 : distinct curves found 17  real 17  rational 0
seed ((80, 99, 172, 212), 227) S= 4352080 : distinct curves found 62  real 62  rational 0
seed ((89, 123, 177, 209), 228) S= 4735418 : distinct curves found 53  real 53  rational 0
seed ((19, 64, 164, 222), 229) S= 2232508 : distinct curves found 52  real 52  rational 0
seed ((38, 68, 106, 144), 229) S= 11566301 : distinct curves found 32  real 32  rational 0
seed ((76, 94, 120, 202), 229) S= 8509405 : distinct curves found 49  real 49  rational 0
seed ((10, 28, 57, 228), 231) S= 3380368 : distinct curves found 40  real 40  rational 0
seed ((56, 66, 202, 204), 231) S= 3437257 : distinct curves found 51  real 51  rational 0
seed ((51, 123, 125, 225), 232) S= 4346022 : distinct curves found 55  real 55  rational 0
seed ((8, 17, 22, 24), 233) S= 12649324 : distinct curves found 0  real 0  rational 0
seed ((30, 50, 73, 194), 233) S= 10321232 : distinct curves found 38  real 38  rational 0
seed ((41, 62, 158, 180), 233) S= 10505920 : distinct curves found 56  real 56  rational 0
seed ((55, 90, 202, 212), 233) S= 850936 : distinct curves found 49  real 49  rational 0
seed ((47, 57, 155, 207), 234) S= 8460842 : distinct curves found 56  real 56  rational 0
seed ((26, 85, 158, 228), 235) S= 3465824 : distinct curves found 52  real 52  rational 0
seed ((46, 92, 96, 100), 235) S= 12885133 : distinct curves found 36  real 36  rational 0
seed ((80, 99, 160, 218), 235) S= 6565820 : distinct curves found 61  real 61  rational 0
seed ((102, 104, 130, 139), 235) S= 12409448 : distinct curves found 30  real 30  rational 0
seed ((47, 117, 117, 117), 236) S= 12847770 : distinct curves found 26  real 26  rational 0
seed ((76, 138, 188, 222), 237) S= 2500619 : distinct curves found 54  real 54  rational 0
seed ((6, 15, 20, 174), 239) S= 12594552 : distinct curves found 30  real 30  rational 0
seed ((20, 30, 116, 226), 239) S= 7119887 : distinct curves found 46  real 46  rational 0
seed ((38, 78, 108, 153), 239) S= 13104660 : distinct curves found 30  real 30  rational 0
seed ((72, 92, 144, 144), 239) S= 12953649 : distinct curves found 28  real 28  rational 0
seed ((75, 173, 199, 213), 240) S= 2937226 : distinct curves found 63  real 63  rational 0
seed ((20, 46, 57, 190), 241) S= 12200036 : distinct curves found 28  real 28  rational 0
seed ((36, 48, 90, 145), 241) S= 13641504 : distinct curves found 25  real 25  rational 0
seed ((74, 174, 200, 202), 241) S= 6006415 : distinct curves found 63  real 63  rational 0
seed ((25, 47, 85, 207), 242) S= 11036254 : distinct curves found 38  real 38  rational 0
seed ((18, 22, 90, 104), 243) S= 14286155 : distinct curves found 25  real 25  rational 0
seed ((60, 118, 149, 240), 243) S= 1048532 : distinct curves found 46  real 46  rational 0
seed ((43, 165, 211, 215), 244) S= 1955686 : distinct curves found 61  real 61  rational 0
seed ((8, 44, 112, 216), 245) S= 10617395 : distinct curves found 46  real 46  rational 0
seed ((28, 102, 125, 244), 245) S= 548924 : distinct curves found 57  real 57  rational 0
seed ((15, 36, 52, 78), 247) S= 15061020 : distinct curves found 8  real 8  rational 0
seed ((32, 44, 162, 242), 247) S= 2852761 : distinct curves found 56  real 56  rational 0
seed ((80, 132, 190, 236), 247) S= 1308487 : distinct curves found 50  real 50  rational 0
seed ((107, 171, 199, 227), 248) S= 2687998 : distinct curves found 53  real 53  rational 0
seed ((8, 116, 144, 153), 249) S= 14634184 : distinct curves found 52  real 52  rational 0
seed ((57, 108, 202, 230), 249) S= 4554688 : distinct curves found 60  real 60  rational 0
seed ((5, 85, 165, 241), 250) S= 5258678 : distinct curves found 50  real 50  rational 0
seed ((12, 32, 69, 246), 251) S= 5322504 : distinct curves found 31  real 31  rational 0
seed ((26, 83, 106, 240), 251) S= 7563740 : distinct curves found 42  real 42  rational 0
seed ((40, 68, 100, 219), 251) S= 11774264 : distinct curves found 44  real 44  rational 0
seed ((74, 106, 152, 234), 251) S= 8483683 : distinct curves found 59  real 59  rational 0
seed ((6, 6, 40, 246), 253) S= 6374139 : distinct curves found 30  real 30  rational 0
seed ((8, 67, 134, 246), 253) S= 5895248 : distinct curves found 56  real 56  rational 0
seed ((28, 140, 150, 196), 253) S= 13661627 : distinct curves found 61  real 61  rational 0
seed ((64, 76, 120, 176), 253) S= 15142171 : distinct curves found 38  real 38  rational 0
seed ((11, 27, 99, 183), 254) S= 15166926 : distinct curves found 43  real 43  rational 0
seed ((44, 180, 183, 200), 255) S= 11805260 : distinct curves found 58  real 58  rational 0
seed ((6, 90, 151, 174), 257) S= 15747996 : distinct curves found 45  real 45  rational 0
seed ((23, 108, 188, 194), 257) S= 13750924 : distinct curves found 50  real 50  rational 0
seed ((33, 92, 96, 162), 257) S= 16391184 : distinct curves found 38  real 38  rational 0
seed ((50, 134, 183, 248), 257) S= 3481340 : distinct curves found 46  real 46  rational 0
seed ((72, 122, 191, 220), 257) S= 11080120 : distinct curves found 63  real 63  rational 0
seed ((95, 158, 160, 216), 257) S= 12389792 : distinct curves found 60  real 60  rational 0
seed ((138, 178, 202, 236), 257) S= 2952031 : distinct curves found 58  real 58  rational 0
seed ((35, 62, 90, 254), 259) S= 5720944 : distinct curves found 41  real 41  rational 0
seed ((56, 102, 136, 206), 259) S= 14763173 : distinct curves found 36  real 36  rational 0
seed ((168, 198, 200, 228), 259) S= 3826107 : distinct curves found 45  real 45  rational 0
seed ((8, 54, 109, 222), 261) S= 13953676 : distinct curves found 35  real 35  rational 0
seed ((36, 92, 120, 256), 261) S= 5571715 : distinct curves found 51  real 51  rational 0
seed ((83, 90, 158, 228), 261) S= 12618212 : distinct curves found 55  real 55  rational 0
seed ((5, 107, 165, 209), 262) S= 14779238 : distinct curves found 51  real 51  rational 0
seed ((12, 32, 170, 226), 263) S= 13173655 : distinct curves found 57  real 57  rational 0
seed ((24, 57, 88, 258), 263) S= 5958216 : distinct curves found 38  real 38  rational 0
seed ((60, 127, 216, 240), 263) S= 5832948 : distinct curves found 62  real 62  rational 0
seed ((120, 186, 186, 226), 263) S= 10577481 : distinct curves found 64  real 64  rational 0
seed ((16, 44, 110, 183), 265) S= 17520872 : distinct curves found 34  real 34  rational 0
seed ((26, 130, 162, 256), 265) S= 6476153 : distinct curves found 55  real 55  rational 0
seed ((50, 80, 162, 209), 265) S= 15640340 : distinct curves found 44  real 44  rational 0
seed ((81, 96, 180, 228), 265) S= 13067612 : distinct curves found 68  real 68  rational 0
seed ((3, 58, 180, 260), 267) S= 4396964 : distinct curves found 51  real 51  rational 0
seed ((26, 117, 218, 246), 267) S= 5547848 : distinct curves found 58  real 58  rational 0
seed ((6, 146, 218, 244), 269) S= 7130443 : distinct curves found 62  real 62  rational 0
seed ((36, 152, 206, 256), 269) S= 2942987 : distinct curves found 54  real 54  rational 0
seed ((58, 62, 85, 258), 269) S= 9137228 : distinct curves found 46  real 46  rational 0
seed ((78, 124, 124, 226), 269) S= 15432107 : distinct curves found 53  real 53  rational 0
seed ((10, 32, 66, 244), 271) S= 13601425 : distinct curves found 36  real 36  rational 0
seed ((36, 60, 90, 136), 271) S= 19728207 : distinct curves found 28  real 28  rational 0
seed ((74, 74, 228, 248), 271) S= 4759151 : distinct curves found 51  real 51  rational 0
seed ((111, 116, 208, 260), 271) S= 1380920 : distinct curves found 46  real 46  rational 0
seed ((39, 117, 177, 241), 274) S= 13925154 : distinct curves found 65  real 65  rational 0
seed ((8, 66, 122, 235), 275) S= 16146356 : distinct curves found 42  real 42  rational 0
seed ((20, 152, 176, 213), 275) S= 17235724 : distinct curves found 56  real 56  rational 0
seed ((45, 118, 164, 272), 275) S= 2320456 : distinct curves found 60  real 60  rational 0
seed ((110, 194, 222, 226), 275) S= 11156917 : distinct curves found 65  real 65  rational 0
seed ((136, 194, 213, 218), 275) S= 13120700 : distinct curves found 54  real 54  rational 0
seed ((3, 36, 100, 240), 277) S= 16112868 : distinct curves found 43  real 43  rational 0
seed ((20, 40, 85, 102), 277) S= 21218440 : distinct curves found 19  real 19  rational 0
seed ((48, 76, 85, 218), 277) S= 18542200 : distinct curves found 39  real 39  rational 0
seed ((82, 148, 174, 220), 277) S= 17314285 : distinct curves found 59  real 59  rational 0
seed ((69, 145, 163, 275), 278) S= 967342 : distinct curves found 56  real 56  rational 0
seed ((26, 66, 152, 276), 279) S= 4148167 : distinct curves found 52  real 52  rational 0
seed ((96, 162, 184, 254), 279) S= 12060473 : distinct curves found 61  real 61  rational 0
seed ((86, 116, 216, 268), 281) S= 4170217 : distinct curves found 54  real 54  rational 0
seed ((96, 114, 228, 254), 281) S= 8961993 : distinct curves found 49  real 49  rational 0
seed ((153, 226, 234, 234), 281) S= 4230312 : distinct curves found 55  real 55  rational 0
seed ((40, 155, 204, 212), 283) S= 18357008 : distinct curves found 52  real 52  rational 0
seed ((48, 123, 200, 270), 283) S= 7669104 : distinct curves found 69  real 69  rational 0
seed ((90, 101, 222, 270), 283) S= 2233992 : distinct curves found 51  real 51  rational 0
seed ((148, 148, 206, 261), 283) S= 10007968 : distinct curves found 53  real 53  rational 0
seed ((29, 85, 199, 267), 284) S= 9995890 : distinct curves found 53  real 53  rational 0
seed ((12, 12, 76, 170), 285) S= 22617509 : distinct curves found 19  real 19  rational 0
seed ((108, 122, 222, 272), 285) S= 2515963 : distinct curves found 45  real 45  rational 0
seed ((33, 71, 233, 269), 286) S= 2870114 : distinct curves found 46  real 46  rational 0
seed ((28, 96, 118, 272), 287) S= 12263809 : distinct curves found 48  real 48  rational 0
seed ((115, 201, 229, 261), 288) S= 6484126 : distinct curves found 54  real 54  rational 0
seed ((6, 58, 208, 254), 289) S= 15266561 : distinct curves found 53  real 53  rational 0
seed ((18, 22, 73, 142), 289) S= 23963980 : distinct curves found 19  real 19  rational 0
seed ((34, 68, 190, 255), 289) S= 16141064 : distinct curves found 55  real 55  rational 0
