/usr/local/lib/python3.11/dist-packages/numpy/linalg/_linalg.py:2766: RuntimeWarning: overflow encountered in dot
  sqnorm = x_real.dot(x_real) + x_imag.dot(x_imag)
seed ((6, 87, 96, 132), 151) S= 2312504 : distinct curves found 6  real 6  rational 0
/usr/local/lib/python3.11/dist-packages/numpy/linalg/_linalg.py:2766: RuntimeWarning: overflow encountered in dot
  sqnorm = x_real.dot(x_real) + x_imag.dot(x_imag)
seed ((15, 24, 62, 150), 151) S= 637404 : distinct curves found 5  real 5  rational 0
seed ((30, 110, 110, 110), 151) S= 2557049 : distinct curves found 1  real 1  rational 0
seed ((68, 76, 110, 120), 151) S= 2608601 : distinct curves found 4  real 4  rational 0
seed ((30, 39, 94, 104), 153) S= 3296704 : distinct curves found 1  real 1  rational 0
seed ((62, 96, 114, 118), 153) S= 2663383 : distinct curves found 6  real 6  rational 0
seed ((16, 83, 110, 144), 155) S= 1688972 : distinct curves found 4  real 4  rational 0
seed ((38, 80, 109, 132), 155) S= 2575876 : distinct curves found 3  real 3  rational 0
seed ((8, 24, 59, 152), 157) S= 1612732 : distinct curves found 2  real 2  rational 0
seed ((62, 69, 82, 152), 157) S= 1474636 : distinct curves found 5  real 5  rational 0
seed ((108, 110, 120, 132), 157) S= 1828059 : distinct curves found 9  real 9  rational 0
seed ((12, 50, 72, 88), 159) S= 3941887 : distinct curves found 2  real 2  rational 0
seed ((5, 9, 103, 137), 160) S= 2995214 : distinct curves found 2  real 2  rational 0
seed ((9, 24, 54, 112), 161) S= 3926508 : distinct curves found 2  real 2  rational 0
seed ((38, 60, 70, 151), 161) S= 2322724 : distinct curves found 3  real 3  rational 0
seed ((8, 10, 54, 158), 163) S= 1781285 : distinct curves found 2  real 2  rational 0
seed ((60, 62, 124, 157), 163) S= 201560 : distinct curves found 16  real 16  rational 0
seed ((11, 29, 123, 137), 164) S= 3062866 : distinct curves found 2  real 2  rational 0
seed ((8, 64, 69, 150), 165) S= 2934608 : distinct curves found 2  real 2  rational 0
seed ((1, 57, 127, 149), 166) S= 2398226 : distinct curves found 3  real 3  rational 0
seed ((6, 60, 129, 156), 167) S= 1619956 : distinct curves found 2  real 2  rational 0
seed ((18, 57, 66, 146), 167) S= 3448128 : distinct curves found 4  real 4  rational 0
seed ((40, 40, 135, 158), 167) S= 269680 : distinct curves found 13  real 13  rational 0
seed ((6, 9, 26, 162), 169) S= 2285232 : distinct curves found 1  real 1  rational 0
seed ((46, 60, 110, 164), 169) S= 1419143 : distinct curves found 6  real 6  rational 0
seed ((92, 96, 113, 164), 169) S= 608764 : distinct curves found 11  real 11  rational 0
seed ((58, 88, 108, 132), 171) S= 4197965 : distinct curves found 4  real 4  rational 0
seed ((20, 51, 62, 172), 173) S= 917600 : distinct curves found 5  real 5  rational 0
seed ((38, 138, 146, 146), 173) S= 726773 : distinct curves found 9  real 9  rational 0
seed ((57, 69, 149, 157), 174) S= 1300486 : distinct curves found 4  real 4  rational 0
seed ((30, 86, 140, 148), 175) S= 3206065 : distinct curves found 6  real 6  rational 0
seed ((36, 54, 71, 86), 177) S= 5494540 : distinct curves found 2  real 2  rational 0
seed ((6, 40, 102, 120), 179) S= 5364501 : distinct curves found 0  real 0  rational 0
seed ((12, 40, 92, 128), 179) S= 5280683 : distinct curves found 2  real 2  rational 0
seed ((16, 92, 134, 141), 179) S= 4317448 : distinct curves found 2  real 2  rational 0
seed ((44, 108, 109, 164), 179) S= 3188488 : distinct curves found 5  real 5  rational 0
seed ((64, 68, 132, 139), 179) S= 4497124 : distinct curves found 3  real 3  rational 0
seed ((110, 134, 141, 152), 179) S= 2267680 : distinct curves found 6  real 6  rational 0
seed ((4, 114, 131, 172), 181) S= 1421492 : distinct curves found 5  real 5  rational 0
seed ((22, 72, 104, 146), 181) S= 4906291 : distinct curves found 2  real 2  rational 0
seed ((61, 68, 114, 116), 181) S= 5511812 : distinct curves found 1  real 1  rational 0
seed ((80, 80, 80, 156), 181) S= 4467955 : distinct curves found 3  real 3  rational 0
seed ((41, 50, 54, 144), 183) S= 5347624 : distinct curves found 4  real 4  rational 0
seed ((6, 57, 150, 166), 185) S= 2782152 : distinct curves found 2  real 2  rational 0
seed ((33, 34, 36, 120), 185) S= 6090852 : distinct curves found 1  real 1  rational 0
seed ((57, 90, 102, 174), 185) S= 3262744 : distinct curves found 5  real 5  rational 0
seed ((74, 120, 128, 167), 185) S= 3293824 : distinct curves found 4  real 4  rational 0
seed ((12, 19, 128, 148), 187) S= 5277676 : distinct curves found 1  real 1  rational 0
seed ((22, 118, 156, 166), 187) S= 2173603 : distinct curves found 6  real 6  rational 0
seed ((51, 52, 72, 138), 187) S= 5973084 : distinct curves found 2  real 2  rational 0
seed ((66, 138, 144, 172), 187) S= 981507 : distinct curves found 11  real 11  rational 0
seed ((3, 36, 68, 154), 189) S= 5669176 : distinct curves found 0  real 0  rational 0
seed ((78, 86, 91, 96), 189) S= 6602972 : distinct curves found 4  real 4  rational 0
seed ((15, 29, 43, 61), 190) S= 6854738 : distinct curves found 0  real 0  rational 0
seed ((22, 80, 80, 159), 191) S= 5645264 : distinct curves found 4  real 4  rational 0
seed ((68, 102, 110, 178), 191) S= 3707807 : distinct curves found 5  real 5  rational 0
seed ((2, 66, 132, 183), 193) S= 2958324 : distinct curves found 5  real 5  rational 0
seed ((31, 44, 62, 192), 193) S= 1233328 : distinct curves found 5  real 5  rational 0
seed ((96, 110, 150, 183), 193) S= 423372 : distinct curves found 15  real 15  rational 0
seed ((3, 92, 114, 130), 195) S= 6881296 : distinct curves found 1  real 1  rational 0
seed ((1, 142, 152, 186), 199) S= 406516 : distinct curves found 8  real 8  rational 0
seed ((25, 32, 110, 114), 199) S= 7624696 : distinct curves found 0  real 0  rational 0
seed ((80, 94, 159, 160), 199) S= 5311948 : distinct curves found 5  real 5  rational 0
seed ((2, 118, 120, 198), 201) S= 62393 : distinct curves found 11  real 11  rational 0
seed ((30, 34, 132, 145), 201) S= 7166444 : distinct curves found 1  real 1  rational 0
seed ((87, 150, 160, 166), 201) S= 4051976 : distinct curves found 4  real 4  rational 0
seed ((16, 18, 70, 152), 203) S= 7584845 : distinct curves found 0  real 0  rational 0
seed ((42, 86, 158, 194), 203) S= 838157 : distinct curves found 6  real 6  rational 0
seed ((10, 66, 141, 192), 205) S= 4022832 : distinct curves found 4  real 4  rational 0
seed ((19, 72, 108, 204), 205) S= 647880 : distinct curves found 8  real 8  rational 0
seed ((43, 100, 176, 186), 205) S= 1443892 : distinct curves found 4  real 4  rational 0
seed ((74, 75, 158, 188), 205) S= 3764164 : distinct curves found 4  real 4  rational 0
seed ((25, 40, 144, 198), 207) S= 3081748 : distinct curves found 3  real 3  rational 0
seed ((50, 150, 162, 172), 207) S= 4826831 : distinct curves found 5  real 5  rational 0
seed ((68, 138, 166, 192), 207) S= 803759 : distinct curves found 10  real 10  rational 0
seed ((20, 38, 82, 198), 209) S= 4773137 : distinct curves found 0  real 0  rational 0
seed ((34, 135, 152, 160), 209) S= 6941156 : distinct curves found 1  real 1  rational 0
seed ((2, 24, 109, 208), 211) S= 2363944 : distinct curves found 1  real 1  rational 0
seed ((20, 96, 104, 130), 211) S= 9020587 : distinct curves found 0  real 0  rational 0
seed ((51, 72, 90, 200), 211) S= 4853616 : distinct curves found 3  real 3  rational 0
seed ((74, 132, 134, 184), 211) S= 6180277 : distinct curves found 2  real 2  rational 0
seed ((128, 132, 144, 186), 211) S= 5313621 : distinct curves found 4  real 4  rational 0
seed ((6, 20, 117, 212), 213) S= 186160 : distinct curves found 10  real 10  rational 0
seed ((18, 82, 102, 134), 213) S= 9282541 : distinct curves found 2  real 2  rational 0
seed ((76, 93, 100, 162), 213) S= 8571460 : distinct curves found 3  real 3  rational 0
seed ((5, 51, 97, 205), 214) S= 4579934 : distinct curves found 1  real 1  rational 0
seed ((23, 30, 132, 186), 215) S= 7216176 : distinct curves found 0  real 0  rational 0
seed ((52, 94, 177, 190), 215) S= 4501796 : distinct curves found 2  real 2  rational 0
seed ((114, 136, 138, 192), 215) S= 5765895 : distinct curves found 3  real 3  rational 0
seed ((7, 58, 124, 144), 217) S= 9582512 : distinct curves found 1  real 1  rational 0
seed ((96, 102, 161, 198), 217) S= 4983372 : distinct curves found 4  real 4  rational 0
seed ((33, 157, 157, 181), 218) S= 6497626 : distinct curves found 2  real 2  rational 0
seed ((34, 51, 102, 212), 219) S= 4288604 : distinct curves found 1  real 1  rational 0
seed ((18, 20, 54, 174), 221) S= 9419685 : distinct curves found 1  real 1  rational 0
seed ((76, 131, 188, 198), 221) S= 2618096 : distinct curves found 8  real 8  rational 0
seed ((2, 16, 106, 222), 223) S= 1361407 : distinct curves found 3  real 3  rational 0
seed ((22, 24, 62, 190), 223) S= 8710655 : distinct curves found 0  real 0  rational 0
seed ((96, 116, 166, 214), 223) S= 1669855 : distinct curves found 7  real 7  rational 0
seed ((16, 150, 188, 204), 225) S= 1459327 : distinct curves found 8  real 8  rational 0
seed ((50, 151, 162, 192), 225) S= 7050164 : distinct curves found 4  real 4  rational 0
seed ((116, 159, 176, 204), 225) S= 3058736 : distinct curves found 5  real 5  rational 0
seed ((2, 66, 125, 200), 227) S= 8302072 : distinct curves found 3  real 3  rational 0
seed ((36, 93, 152, 198), 227) S= 7974024 : distinct curves found 2  real 2  rational 0
seed ((46, 99, 110, 226), 227) S= 924296 : distinct curves found 7  real 7  rational 0
seed ((120, 125, 158, 206), 227) S= 6167992 : distinct curves found 2  real 2  rational 0
seed ((16, 48, 120, 141), 229) S= 11548140 : distinct curves found 0  real 0  rational 0
seed ((24, 134, 178, 212), 229) S= 3979229 : distinct curves found 4  real 4  rational 0
seed ((62, 109, 118, 174), 229) S= 10584436 : distinct curves found 3  real 3  rational 0
seed ((41, 125, 155, 213), 230) S= 6079810 : distinct curves found 4  real 4  rational 0
seed ((39, 84, 122, 130), 231) S= 11977520 : distinct curves found 1  real 1  rational 0
seed ((15, 93, 125, 219), 232) S= 6414438 : distinct curves found 3  real 3  rational 0
seed ((4, 178, 192, 202), 233) S= 3188281 : distinct curves found 8  real 8  rational 0
seed ((26, 58, 207, 208), 233) S= 560884 : distinct curves found 14  real 14  rational 0
seed ((34, 122, 176, 207), 233) S= 6950732 : distinct curves found 2  real 2  rational 0
seed ((48, 68, 151, 212), 233) S= 7566736 : distinct curves found 2  real 2  rational 0
seed ((92, 116, 152, 177), 233) S= 10671484 : distinct curves found 5  real 5  rational 0
seed ((26, 67, 180, 226), 235) S= 1037948 : distinct curves found 7  real 7  rational 0
seed ((46, 74, 204, 214), 235) S= 361139 : distinct curves found 18  real 18  rational 0
seed ((76, 130, 132, 227), 235) S= 4614556 : distinct curves found 6  real 6  rational 0
seed ((96, 100, 131, 152), 235) S= 12217028 : distinct curves found 3  real 3  rational 0
seed ((45, 71, 153, 225), 236) S= 5482794 : distinct curves found 0  real 0  rational 0
seed ((45, 142, 170, 216), 237) S= 6580768 : distinct curves found 6  real 6  rational 0
seed ((99, 147, 155, 225), 238) S= 5205702 : distinct curves found 8  real 8  rational 0
seed ((15, 86, 134, 200), 239) S= 10778728 : distinct curves found 3  real 3  rational 0
seed ((30, 82, 110, 146), 239) S= 13214129 : distinct curves found 3  real 3  rational 0
seed ((66, 158, 170, 199), 239) S= 9192020 : distinct curves found 1  real 1  rational 0
seed ((75, 125, 125, 129), 240) S= 13367398 : distinct curves found 2  real 2  rational 0
seed ((16, 146, 192, 226), 241) S= 1704047 : distinct curves found 6  real 6  rational 0
seed ((32, 111, 116, 208), 241) S= 10518664 : distinct curves found 3  real 3  rational 0
seed ((66, 185, 194, 208), 241) S= 4633340 : distinct curves found 4  real 4  rational 0
seed ((121, 138, 166, 184), 241) S= 11231852 : distinct curves found 4  real 4  rational 0
seed ((10, 12, 20, 228), 243) S= 8087819 : distinct curves found 1  real 1  rational 0
seed ((52, 78, 180, 235), 243) S= 1791284 : distinct curves found 6  real 6  rational 0
seed ((107, 114, 122, 186), 243) S= 12549532 : distinct curves found 2  real 2  rational 0
seed ((3, 148, 196, 214), 245) S= 7281500 : distinct curves found 5  real 5  rational 0
seed ((18, 75, 126, 244), 245) S= 1031088 : distinct curves found 7  real 7  rational 0
seed ((82, 156, 168, 195), 245) S= 11139564 : distinct curves found 5  real 5  rational 0
seed ((23, 40, 190, 234), 247) S= 3982568 : distinct curves found 2  real 2  rational 0
seed ((72, 80, 143, 190), 247) S= 13079876 : distinct curves found 4  real 4  rational 0
seed ((57, 69, 137, 153), 248) S= 14596986 : distinct curves found 0  real 0  rational 0
seed ((4, 60, 76, 153), 249) S= 15009080 : distinct curves found 1  real 1  rational 0
seed ((36, 64, 78, 100), 249) S= 15396215 : distinct curves found 2  real 2  rational 0
seed ((5, 53, 103, 141), 250) S= 15331874 : distinct curves found 0  real 0  rational 0
seed ((10, 51, 58, 250), 251) S= 2421284 : distinct curves found 2  real 2  rational 0
seed ((20, 59, 194, 222), 251) S= 8774960 : distinct curves found 2  real 2  rational 0
seed ((40, 40, 136, 237), 251) S= 8155516 : distinct curves found 0  real 0  rational 0
seed ((72, 94, 114, 192), 251) S= 14033469 : distinct curves found 2  real 2  rational 0
seed ((114, 120, 184, 243), 251) S= 424380 : distinct curves found 13  real 13  rational 0
seed ((6, 60, 118, 240), 253) S= 8270757 : distinct curves found 1  real 1  rational 0
seed ((18, 148, 155, 190), 253) S= 13814204 : distinct curves found 0  real 0  rational 0
seed ((59, 62, 82, 246), 253) S= 6342772 : distinct curves found 2  real 2  rational 0
seed ((164, 186, 194, 230), 253) S= 211451 : distinct curves found 10  real 10  rational 0
seed ((40, 87, 134, 228), 255) S= 11324164 : distinct curves found 2  real 2  rational 0
seed ((4, 41, 48, 142), 257) S= 16730852 : distinct curves found 0  real 0  rational 0
seed ((18, 96, 146, 183), 257) S= 15495492 : distinct curves found 0  real 0  rational 0
seed ((32, 90, 142, 190), 257) S= 15243359 : distinct curves found 3  real 3  rational 0
seed ((48, 76, 127, 248), 257) S= 7147184 : distinct curves found 4  real 4  rational 0
seed ((68, 90, 120, 228), 257) S= 12001761 : distinct curves found 0  real 0  rational 0
seed ((94, 116, 218, 228), 257) S= 6099007 : distinct curves found 4  real 4  rational 0
seed ((136, 144, 218, 233), 257) S= 2356492 : distinct curves found 5  real 5  rational 0
seed ((18, 158, 190, 238), 259) S= 7583333 : distinct curves found 3  real 3  rational 0
seed ((46, 118, 189, 212), 259) S= 12758576 : distinct curves found 2  real 2  rational 0
seed ((118, 133, 138, 202), 259) S= 14791100 : distinct curves found 3  real 3  rational 0
seed ((4, 12, 69, 250), 261) S= 8477320 : distinct curves found 0  real 0  rational 0
seed ((30, 130, 229, 234), 261) S= 1702832 : distinct curves found 3  real 3  rational 0
seed ((54, 150, 194, 205), 261) S= 13310428 : distinct curves found 1  real 1  rational 0
seed ((114, 164, 176, 198), 261) S= 14299843 : distinct curves found 2  real 2  rational 0
seed ((10, 100, 186, 257), 263) S= 620132 : distinct curves found 13  real 13  rational 0
seed ((20, 114, 148, 188), 263) S= 16555145 : distinct curves found 2  real 2  rational 0
seed ((60, 62, 120, 180), 263) S= 17141385 : distinct curves found 0  real 0  rational 0
seed ((108, 162, 204, 223), 263) S= 10780236 : distinct curves found 4  real 4  rational 0
seed ((139, 201, 207, 239), 264) S= 588758 : distinct curves found 19  real 19  rational 0
seed ((20, 73, 114, 160), 265) S= 18088520 : distinct curves found 1  real 1  rational 0
seed ((44, 66, 145, 218), 265) S= 15152548 : distinct curves found 0  real 0  rational 0
seed ((73, 144, 190, 256), 265) S= 2954632 : distinct curves found 3  real 3  rational 0
seed ((135, 161, 181, 257), 266) S= 2732270 : distinct curves found 10  real 10  rational 0
seed ((18, 163, 226, 228), 267) S= 8355884 : distinct curves found 5  real 5  rational 0
seed ((2, 12, 109, 166), 269) S= 18875624 : distinct curves found 1  real 1  rational 0
seed ((32, 54, 120, 186), 269) S= 18288555 : distinct curves found 0  real 0  rational 0
seed ((50, 58, 109, 246), 269) S= 12471520 : distinct curves found 1  real 1  rational 0
seed ((76, 178, 204, 232), 269) S= 10903541 : distinct curves found 0  real 0  rational 0
seed ((4, 150, 190, 230), 271) S= 13770895 : distinct curves found 4  real 4  rational 0
seed ((24, 58, 136, 244), 271) S= 13368497 : distinct curves found 1  real 1  rational 0
seed ((54, 74, 202, 256), 271) S= 6819727 : distinct curves found 3  real 3  rational 0
seed ((108, 124, 164, 194), 271) S= 17835953 : distinct curves found 1  real 1  rational 0
seed ((36, 52, 112, 246), 273) S= 13797103 : distinct curves found 0  real 0  rational 0
seed ((6, 12, 45, 66), 275) S= 20794688 : distinct curves found 0  real 0  rational 0
seed ((20, 45, 102, 270), 275) S= 6629856 : distinct curves found 1  real 1  rational 0
seed ((45, 48, 114, 180), 275) S= 19906840 : distinct curves found 0  real 0  rational 0
seed ((88, 102, 124, 274), 275) S= 2031115 : distinct curves found 5  real 5  rational 0
seed ((124, 136, 204, 214), 275) S= 15950741 : distinct curves found 1  real 1  rational 0
seed ((2, 100, 213, 230), 277) S= 14467504 : distinct curves found 1  real 1  rational 0
seed ((18, 75, 80, 132), 277) S= 21118704 : distinct curves found 1  real 1  rational 0
seed ((46, 102, 102, 276), 277) S= 2726733 : distinct curves found 4  real 4  rational 0
seed ((64, 158, 213, 218), 277) S= 15342224 : distinct curves found 1  real 1  rational 0
seed ((172, 192, 194, 227), 277) S= 13623836 : distinct curves found 3  real 3  rational 0
seed ((22, 156, 228, 239), 279) S= 11418836 : distinct curves found 3  real 3  rational 0
seed ((54, 222, 232, 241), 279) S= 254084 : distinct curves found 14  real 14  rational 0
seed ((48, 102, 114, 249), 281) S= 15831496 : distinct curves found 1  real 1  rational 0
seed ((96, 108, 116, 225), 281) S= 18914460 : distinct curves found 1  real 1  rational 0
seed ((136, 158, 158, 276), 281) S= 3582409 : distinct curves found 9  real 9  rational 0
seed ((26, 148, 150, 278), 283) S= 5496125 : distinct curves found 5  real 5  rational 0
seed ((48, 72, 155, 276), 283) S= 7593360 : distinct curves found 2  real 2  rational 0
seed ((90, 100, 109, 152), 283) S= 22319708 : distinct curves found 1  real 1  rational 0
seed ((144, 187, 206, 262), 283) S= 7884392 : distinct curves found 2  real 2  rational 0
seed ((27, 155, 177, 213), 284) S= 19664598 : distinct curves found 1  real 1  rational 0
seed ((6, 67, 68, 180), 285) S= 22398224 : distinct curves found 1  real 1  rational 0
seed ((86, 170, 216, 258), 285) S= 10716827 : distinct curves found 2  real 2  rational 0
seed ((27, 39, 43, 99), 286) S= 23373306 : distinct curves found 0  real 0  rational 0
seed ((24, 76, 119, 230), 287) S= 20193476 : distinct curves found 0  real 0  rational 0
seed ((86, 119, 222, 262), 287) S= 10603948 : distinct curves found 3  real 3  rational 0
seed ((4, 106, 132, 148), 289) S= 23778239 : distinct curves found 0  real 0  rational 0
seed ((8, 180, 193, 218), 289) S= 19738112 : distinct curves found 1  real 1  rational 0
seed ((30, 38, 158, 208), 289) S= 22047233 : distinct curves found 0  real 0  rational 0
seed ((50, 96, 246, 255), 289) S= 9233688 : distinct curves found 3  real 3  rational 0
seed ((96, 170, 180, 186), 289) S= 21960927 : distinct curves found 1  real 1  rational 0
seed ((31, 57, 121, 157), 290) S= 24014030 : distinct curves found 0  real 0  rational 0
seed ((54, 88, 253, 264), 291) S= 2437664 : distinct curves found 4  real 4  rational 0
seed ((2, 60, 176, 187), 293) S= 23668160 : distinct curves found 1  real 1  rational 0
seed ((18, 74, 152, 284), 293) S= 9773213 : distinct curves found 1  real 1  rational 0
seed ((36, 109, 236, 250), 293) S= 14632844 : distinct curves found 3  real 3  rational 0
seed ((66, 123, 246, 268), 293) S= 6085032 : distinct curves found 5  real 5  rational 0
seed ((114, 220, 234, 234), 293) S= 13740291 : distinct curves found 5  real 5  rational 0
seed ((1, 10, 20, 132), 295) S= 25569140 : distinct curves found 0  real 0  rational 0
seed ((10, 160, 225, 242), 295) S= 17654684 : distinct curves found 1  real 1  rational 0
seed ((34, 92, 190, 288), 295) S= 6386441 : distinct curves found 2  real 2  rational 0
seed ((102, 164, 232, 274), 295) S= 7707145 : distinct curves found 3  real 3  rational 0
seed ((81, 87, 99, 167), 296) S= 25480194 : distinct curves found 2  real 2  rational 0
seed ((9, 118, 148, 258), 297) S= 19447384 : distinct curves found 2  real 2  rational 0
seed ((30, 30, 58, 64), 297) S= 26196007 : distinct curves found 0  real 0  rational 0
seed ((36, 60, 122, 145), 297) S= 25955708 : distinct curves found 0  real 0  rational 0
seed ((68, 82, 216, 246), 297) S= 19046137 : distinct curves found 0  real 0  rational 0
seed ((1, 177, 243, 255), 298) S= 13738230 : distinct curves found 1  real 1  rational 0
seed ((3, 8, 26, 46), 299) S= 26730716 : distinct curves found 0  real 0  rational 0
seed ((74, 96, 163, 296), 299) S= 4716868 : distinct curves found 4  real 4  rational 0
seed ((11, 183, 205, 267), 300) S= 15966274 : distinct curves found 3  real 3  rational 0
