/usr/local/lib/python3.11/dist-packages/numpy/linalg/_linalg.py:2766: RuntimeWarning: overflow encountered in dot
  sqnorm = x_real.dot(x_real) + x_imag.dot(x_imag)
seed ((1, 6, 22, 68), 71) S= 170644 : distinct curves found 5  real 0  rational 0
seed ((4, 32, 34, 39), 71) S= 349232 : distinct curves found 12  real 0  rational 0
seed ((16, 20, 30, 31), 71) S= 355532 : distinct curves found 7  real 0  rational 0
seed ((18, 22, 40, 62), 71) S= 258953 : distinct curves found 14  real 0  rational 0
seed ((20, 44, 46, 60), 71) S= 254263 : distinct curves found 17  real 0  rational 0
seed ((33, 54, 60, 60), 71) S= 93284 : distinct curves found 35  real 0  rational 0
seed ((4, 16, 47, 72), 73) S= 34988 : distinct curves found 36  real 0  rational 0
seed ((6, 22, 22, 64), 73) S= 287033 : distinct curves found 7  real 0  rational 0
seed ((17, 36, 46, 62), 73) S= 287852 : distinct curves found 17  real 0  rational 0
seed ((23, 40, 40, 72), 73) S= 60664 : distinct curves found 32  real 0  rational 0
seed ((4, 30, 40, 72), 75) S= 183955 : distinct curves found 13  real 0  rational 0
seed ((6, 11, 54, 64), 75) S= 290624 : distinct curves found 10  real 0  rational 0
seed ((6, 29, 58, 72), 75) S= 940 : distinct curves found 6  real 0  rational 0
seed ((11, 18, 30, 68), 75) S= 279904 : distinct curves found 12  real 0  rational 0
seed ((11, 54, 60, 68), 75) S= 87512 : distinct curves found 34  real 0  rational 0
seed ((12, 44, 53, 60), 75) S= 319216 : distinct curves found 13  real 0  rational 0
seed ((24, 30, 43, 52), 75) S= 388544 : distinct curves found 8  real 0  rational 0
seed ((3, 19, 31, 59), 76) S= 386762 : distinct curves found 4  real 0  rational 0
/home/user/ESOP6/research/cube_ansatz_2026_09_10/cubic_cover_through_point.py:29: RuntimeWarning: invalid value encountered in add
  r=sum(pad(pw(Gi,6)) for Gi in G)+pad(pm(pw(K,2),pw(M,6)))-pad(pw(G6,6))
seed ((21, 24, 36, 50), 77) S= 436284 : distinct curves found 4  real 0  rational 0
seed ((10, 10, 16, 57), 79) S= 456916 : distinct curves found 1  real 0  rational 0
seed ((24, 25, 66, 72), 79) S= 143820 : distinct curves found 21  real 0  rational 0
seed ((9, 23, 39, 75), 80) S= 283722 : distinct curves found 11  real 0  rational 0
seed ((11, 27, 59, 65), 80) S= 379678 : distinct curves found 11  real 0  rational 0
seed ((15, 37, 41, 79), 80) S= 108302 : distinct curves found 28  real 0  rational 0
seed ((20, 30, 39, 62), 81) S= 470444 : distinct curves found 7  real 0  rational 0
seed ((26, 36, 57, 64), 81) S= 420628 : distinct curves found 14  real 0  rational 0
seed ((24, 28, 70, 77), 83) S= 14000 : distinct curves found 22  real 0  rational 0
seed ((38, 44, 50, 60), 83) S= 504373 : distinct curves found 10  real 0  rational 0
seed ((10, 24, 38, 67), 85) S= 532436 : distinct curves found 3  real 0  rational 0
seed ((18, 48, 50, 66), 85) S= 516339 : distinct curves found 9  real 0  rational 0
seed ((1, 45, 59, 83), 86) S= 164750 : distinct curves found 27  real 0  rational 0
seed ((9, 19, 23, 79), 86) S= 401602 : distinct curves found 3  real 0  rational 0
seed ((4, 18, 48, 55), 87) S= 627440 : distinct curves found 1  real 0  rational 0
seed ((10, 15, 48, 58), 87) S= 619124 : distinct curves found 3  real 0  rational 0
seed ((12, 12, 44, 79), 87) S= 428108 : distinct curves found 3  real 0  rational 0
seed ((18, 32, 44, 81), 87) S= 377932 : distinct curves found 8  real 0  rational 0
seed ((5, 29, 45, 47), 88) S= 666878 : distinct curves found 4  real 0  rational 0
seed ((37, 37, 39, 83), 88) S= 358906 : distinct curves found 16  real 0  rational 0
/usr/local/lib/python3.11/dist-packages/numpy/linalg/_linalg.py:2766: RuntimeWarning: overflow encountered in scalar add
  sqnorm = x_real.dot(x_real) + x_imag.dot(x_imag)
seed ((16, 34, 57, 62), 89) S= 635864 : distinct curves found 4  real 0  rational 0
seed ((24, 30, 57, 86), 89) S= 239160 : distinct curves found 16  real 0  rational 0
seed ((3, 3, 37, 81), 92) S= 566886 : distinct curves found 3  real 0  rational 0
seed ((12, 48, 59, 68), 93) S= 702644 : distinct curves found 5  real 0  rational 0
seed ((24, 48, 50, 88), 93) S= 393115 : distinct curves found 9  real 0  rational 0
seed ((36, 44, 52, 72), 93) S= 691717 : distinct curves found 9  real 0  rational 0
seed ((13, 69, 79, 83), 94) S= 109174 : distinct curves found 30  real 0  rational 0
seed ((2, 36, 66, 90), 95) S= 344703 : distinct curves found 13  real 0  rational 0
seed ((9, 18, 30, 94), 95) S= 210852 : distinct curves found 4  real 0  rational 0
seed ((3, 17, 37, 45), 96) S= 878558 : distinct curves found 0  real 0  rational 0
seed ((1, 8, 12, 76), 97) S= 800168 : distinct curves found 0  real 0  rational 0
seed ((2, 23, 36, 86), 97) S= 652748 : distinct curves found 1  real 0  rational 0
seed ((12, 54, 82, 87), 97) S= 265596 : distinct curves found 20  real 0  rational 0
seed ((30, 46, 55, 82), 97) S= 700772 : distinct curves found 7  real 0  rational 0
seed ((30, 62, 78, 90), 97) S= 137121 : distinct curves found 32  real 0  rational 0
seed ((40, 68, 80, 87), 97) S= 185036 : distinct curves found 35  real 0  rational 0
seed ((3, 4, 50, 90), 99) S= 628024 : distinct curves found 3  real 0  rational 0
seed ((3, 40, 78, 82), 99) S= 638888 : distinct curves found 9  real 0  rational 0
seed ((12, 12, 44, 86), 99) S= 727771 : distinct curves found 3  real 0  rational 0
seed ((1, 9, 47, 53), 100) S= 983390 : distinct curves found 0  real 0  rational 0
seed ((2, 13, 20, 78), 101) S= 914468 : distinct curves found 1  real 0  rational 0
seed ((2, 59, 66, 92), 101) S= 574744 : distinct curves found 11  real 0  rational 0
seed ((5, 32, 54, 100), 101) S= 188816 : distinct curves found 16  real 0  rational 0
seed ((38, 48, 59, 74), 101) S= 916456 : distinct curves found 9  real 0  rational 0
seed ((25, 43, 75, 99), 102) S= 11758 : distinct curves found 16  real 0  rational 0
seed ((1, 16, 58, 72), 103) S= 1008292 : distinct curves found 2  real 0  rational 0
seed ((2, 24, 71, 88), 103) S= 775472 : distinct curves found 4  real 0  rational 0
seed ((10, 39, 76, 94), 103) S= 554944 : distinct curves found 6  real 0  rational 0
seed ((20, 39, 64, 94), 103) S= 657176 : distinct curves found 6  real 0  rational 0
seed ((26, 39, 82, 88), 103) S= 649472 : distinct curves found 6  real 0  rational 0
seed ((36, 68, 76, 97), 103) S= 259492 : distinct curves found 27  real 0  rational 0
seed ((39, 52, 60, 90), 103) S= 769848 : distinct curves found 6  real 0  rational 0
seed ((6, 17, 42, 94), 105) S= 802940 : distinct curves found 3  real 0  rational 0
seed ((6, 48, 80, 98), 105) S= 424121 : distinct curves found 6  real 0  rational 0
seed ((33, 69, 73, 81), 106) S= 935706 : distinct curves found 6  real 0  rational 0
seed ((2, 62, 92, 96), 107) S= 234131 : distinct curves found 21  real 0  rational 0
seed ((11, 18, 76, 82), 107) S= 1001992 : distinct curves found 1  real 0  rational 0
seed ((12, 75, 80, 96), 107) S= 527112 : distinct curves found 15  real 0  rational 0
seed ((18, 54, 66, 82), 107) S= 1043667 : distinct curves found 6  real 0  rational 0
seed ((20, 34, 53, 60), 107) S= 1195952 : distinct curves found 1  real 0  rational 0
seed ((22, 36, 93, 96), 107) S= 262092 : distinct curves found 17  real 0  rational 0
seed ((22, 74, 74, 102), 107) S= 214573 : distinct curves found 25  real 0  rational 0
seed ((24, 43, 58, 88), 107) S= 995864 : distinct curves found 3  real 0  rational 0
seed ((32, 46, 75, 100), 107) S= 558752 : distinct curves found 13  real 0  rational 0
seed ((32, 50, 90, 94), 107) S= 512563 : distinct curves found 12  real 0  rational 0
seed ((75, 80, 82, 92), 107) S= 387616 : distinct curves found 30  real 0  rational 0
seed ((6, 22, 43, 76), 109) S= 1215716 : distinct curves found 1  real 0  rational 0
seed ((18, 24, 30, 30), 109) S= 1294379 : distinct curves found 1  real 0  rational 0
seed ((24, 30, 30, 107), 109) S= 417996 : distinct curves found 7  real 0  rational 0
seed ((30, 58, 90, 96), 109) S= 569301 : distinct curves found 12  real 0  rational 0
seed ((40, 50, 72, 106), 109) S= 315509 : distinct curves found 15  real 0  rational 0
seed ((2, 18, 18, 82), 111) S= 1251535 : distinct curves found 0  real 0  rational 0
seed ((2, 44, 66, 90), 111) S= 1117615 : distinct curves found 5  real 0  rational 0
seed ((4, 30, 80, 108), 111) S= 143761 : distinct curves found 25  real 0  rational 0
seed ((34, 60, 82, 90), 111) S= 993361 : distinct curves found 7  real 0  rational 0
seed ((36, 82, 88, 96), 111) S= 563089 : distinct curves found 15  real 0  rational 0
seed ((6, 16, 20, 89), 113) S= 1258924 : distinct curves found 0  real 0  rational 0
seed ((12, 36, 90, 102), 113) S= 649745 : distinct curves found 7  real 0  rational 0
seed ((15, 58, 74, 110), 113) S= 328792 : distinct curves found 16  real 0  rational 0
seed ((18, 48, 76, 111), 113) S= 81072 : distinct curves found 24  real 0  rational 0
seed ((18, 62, 92, 106), 113) S= 15601 : distinct curves found 9  real 0  rational 0
seed ((20, 48, 60, 108), 113) S= 660399 : distinct curves found 6  real 0  rational 0
seed ((52, 54, 57, 102), 113) S= 936444 : distinct curves found 8  real 0  rational 0
seed ((74, 80, 89, 96), 113) S= 613076 : distinct curves found 19  real 0  rational 0
seed ((78, 78, 79, 96), 113) S= 778272 : distinct curves found 21  real 0  rational 0
seed ((2, 19, 30, 44), 115) S= 1518232 : distinct curves found 0  real 0  rational 0
seed ((10, 44, 58, 90), 115) S= 1317685 : distinct curves found 3  real 0  rational 0
seed ((30, 60, 96, 100), 115) S= 694923 : distinct curves found 11  real 0  rational 0
seed ((30, 68, 76, 82), 115) S= 1310251 : distinct curves found 3  real 0  rational 0
seed ((62, 76, 76, 90), 115) S= 1157333 : distinct curves found 15  real 0  rational 0
seed ((9, 17, 41, 67), 116) S= 1530086 : distinct curves found 0  real 0  rational 0
seed ((7, 37, 49, 63), 118) S= 1618834 : distinct curves found 2  real 0  rational 0
seed ((17, 45, 45, 69), 118) S= 1604682 : distinct curves found 2  real 0  rational 0
seed ((2, 17, 60, 98), 119) S= 1381028 : distinct curves found 1  real 0  rational 0
seed ((2, 32, 74, 84), 119) S= 1524199 : distinct curves found 2  real 0  rational 0
