/usr/local/lib/python3.11/dist-packages/numpy/linalg/_linalg.py:2766: RuntimeWarning: overflow encountered in dot
  sqnorm = x_real.dot(x_real) + x_imag.dot(x_imag)
seed ((4, 8, 11, 18), 19) S= 3316 : distinct curves found 58  real 58  rational 0
/usr/local/lib/python3.11/dist-packages/numpy/linalg/_linalg.py:2766: RuntimeWarning: overflow encountered in dot
  sqnorm = x_real.dot(x_real) + x_imag.dot(x_imag)
seed ((4, 9, 12, 18), 23) S= 10512 : distinct curves found 48  real 48  rational 0
seed ((4, 5, 12, 16), 29) S= 23980 : distinct curves found 28  real 28  rational 0
seed ((8, 9, 16, 18), 33) S= 35212 : distinct curves found 31  real 31  rational 0
seed ((4, 24, 24, 36), 37) S= 2595 : distinct curves found 55  real 55  rational 0
seed ((11, 12, 18, 24), 43) S= 78048 : distinct curves found 21  real 21  rational 0
seed ((5, 17, 27, 43), 46) S= 52358 : distinct curves found 66  real 66  rational 0
seed ((17, 24, 32, 46), 47) S= 3992 : distinct curves found 35  real 35  rational 0
seed ((10, 34, 36, 45), 51) S= 74632 : distinct curves found 66  real 66  rational 0
seed ((4, 9, 36, 54), 55) S= 26616 : distinct curves found 53  real 53  rational 0
seed ((6, 32, 34, 37), 59) S= 192344 : distinct curves found 37  real 37  rational 0
seed ((19, 19, 45, 57), 60) S= 62942 : distinct curves found 50  real 50  rational 0
seed ((1, 6, 30, 56), 63) S= 175936 : distinct curves found 47  real 47  rational 0
seed ((26, 30, 33, 48), 65) S= 246696 : distinct curves found 48  real 48  rational 0
seed ((6, 22, 32, 38), 67) S= 293701 : distinct curves found 35  real 35  rational 0
seed ((4, 18, 19, 66), 69) S= 158692 : distinct curves found 45  real 45  rational 0
seed ((18, 26, 44, 45), 69) S= 303340 : distinct curves found 38  real 38  rational 0
seed ((16, 20, 30, 31), 71) S= 355532 : distinct curves found 33  real 33  rational 0
seed ((4, 16, 47, 72), 73) S= 34988 : distinct curves found 43  real 43  rational 0
seed ((4, 30, 40, 72), 75) S= 183955 : distinct curves found 54  real 54  rational 0
seed ((11, 54, 60, 68), 75) S= 87512 : distinct curves found 64  real 64  rational 0
seed ((21, 24, 36, 50), 77) S= 436284 : distinct curves found 39  real 39  rational 0
seed ((11, 27, 59, 65), 80) S= 379678 : distinct curves found 55  real 55  rational 0
seed ((24, 28, 70, 77), 83) S= 14000 : distinct curves found 41  real 41  rational 0
seed ((1, 45, 59, 83), 86) S= 164750 : distinct curves found 56  real 56  rational 0
seed ((12, 12, 44, 79), 87) S= 428108 : distinct curves found 46  real 46  rational 0
seed ((16, 34, 57, 62), 89) S= 635864 : distinct curves found 52  real 52  rational 0
seed ((24, 48, 50, 88), 93) S= 393115 : distinct curves found 50  real 50  rational 0
seed ((9, 18, 30, 94), 95) S= 210852 : distinct curves found 47  real 47  rational 0
seed ((12, 54, 82, 87), 97) S= 265596 : distinct curves found 65  real 65  rational 0
seed ((3, 4, 50, 90), 99) S= 628024 : distinct curves found 51  real 51  rational 0
seed ((2, 13, 20, 78), 101) S= 914468 : distinct curves found 31  real 31  rational 0
seed ((25, 43, 75, 99), 102) S= 11758 : distinct curves found 45  real 45  rational 0
seed ((20, 39, 64, 94), 103) S= 657176 : distinct curves found 61  real 61  rational 0
seed ((6, 17, 42, 94), 105) S= 802940 : distinct curves found 38  real 38  rational 0
seed ((11, 18, 76, 82), 107) S= 1001992 : distinct curves found 45  real 45  rational 0
seed ((22, 36, 93, 96), 107) S= 262092 : distinct curves found 46  real 46  rational 0
seed ((32, 50, 90, 94), 107) S= 512563 : distinct curves found 66  real 66  rational 0
seed ((24, 30, 30, 107), 109) S= 417996 : distinct curves found 51  real 51  rational 0
seed ((2, 44, 66, 90), 111) S= 1117615 : distinct curves found 48  real 48  rational 0
seed ((6, 16, 20, 89), 113) S= 1258924 : distinct curves found 28  real 28  rational 0
seed ((18, 62, 92, 106), 113) S= 15601 : distinct curves found 48  real 48  rational 0
seed ((78, 78, 79, 96), 113) S= 778272 : distinct curves found 55  real 55  rational 0
seed ((30, 68, 76, 82), 115) S= 1310251 : distinct curves found 55  real 55  rational 0
seed ((17, 45, 45, 69), 118) S= 1604682 : distinct curves found 30  real 30  rational 0
seed ((6, 34, 55, 112), 119) S= 914720 : distinct curves found 51  real 51  rational 0
seed ((1, 46, 82, 96), 121) S= 1429052 : distinct curves found 44  real 44  rational 0
seed ((12, 26, 52, 74), 121) S= 1718761 : distinct curves found 30  real 30  rational 0
seed ((54, 58, 76, 116), 121) S= 668183 : distinct curves found 52  real 52  rational 0
seed ((2, 24, 27, 82), 123) S= 1777144 : distinct curves found 27  real 27  rational 0
seed ((6, 48, 67, 114), 125) S= 1231680 : distinct curves found 51  real 51  rational 0
seed ((38, 59, 60, 68), 125) S= 1903676 : distinct curves found 32  real 32  rational 0
seed ((18, 33, 108, 116), 127) S= 413856 : distinct curves found 53  real 53  rational 0
seed ((1, 3, 57, 87), 128) S= 1982454 : distinct curves found 32  real 32  rational 0
seed ((8, 73, 108, 108), 129) S= 1132780 : distinct curves found 68  real 68  rational 0
seed ((3, 4, 76, 124), 131) S= 1107248 : distinct curves found 52  real 52  rational 0
seed ((8, 22, 27, 110), 131) S= 1811588 : distinct curves found 29  real 29  rational 0
seed ((20, 61, 62, 114), 131) S= 1658480 : distinct curves found 56  real 56  rational 0
seed ((60, 90, 106, 120), 131) S= 267045 : distinct curves found 59  real 59  rational 0
seed ((10, 68, 83, 126), 133) S= 1052420 : distinct curves found 59  real 59  rational 0
seed ((10, 48, 54, 127), 135) S= 1349276 : distinct curves found 49  real 49  rational 0
seed ((15, 48, 62, 120), 137) S= 1885956 : distinct curves found 50  real 50  rational 0
seed ((38, 54, 106, 118), 137) S= 1570343 : distinct curves found 74  real 74  rational 0
seed ((11, 50, 50, 66), 139) S= 2664328 : distinct curves found 26  real 26  rational 0
seed ((32, 43, 94, 114), 139) S= 2078536 : distinct curves found 63  real 63  rational 0
seed ((24, 30, 44, 85), 141) S= 2733628 : distinct curves found 33  real 33  rational 0
seed ((4, 26, 92, 138), 143) S= 1018607 : distinct curves found 40  real 40  rational 0
seed ((48, 90, 102, 104), 143) S= 2369775 : distinct curves found 62  real 62  rational 0
seed ((102, 108, 111, 116), 143) S= 1237392 : distinct curves found 45  real 45  rational 0
seed ((10, 26, 48, 143), 145) S= 854744 : distinct curves found 34  real 34  rational 0
seed ((32, 103, 110, 114), 145) S= 2032844 : distinct curves found 62  real 62  rational 0
seed ((3, 3, 79, 123), 148) S= 2608314 : distinct curves found 50  real 50  rational 0
seed ((29, 82, 104, 144), 149) S= 675652 : distinct curves found 60  real 60  rational 0
seed ((58, 74, 110, 144), 149) S= 229325 : distinct curves found 54  real 54  rational 0
seed ((6, 87, 96, 132), 151) S= 2312504 : distinct curves found 73  real 73  rational 0
seed ((15, 24, 62, 150), 151) S= 637404 : distinct curves found 47  real 47  rational 0
seed ((30, 110, 110, 110), 151) S= 2557049 : distinct curves found 64  real 64  rational 0
seed ((68, 76, 110, 120), 151) S= 2608601 : distinct curves found 63  real 63  rational 0
seed ((30, 39, 94, 104), 153) S= 3296704 : distinct curves found 44  real 44  rational 0
seed ((62, 96, 114, 118), 153) S= 2663383 : distinct curves found 51  real 51  rational 0
seed ((16, 83, 110, 144), 155) S= 1688972 : distinct curves found 61  real 61  rational 0
seed ((38, 80, 109, 132), 155) S= 2575876 : distinct curves found 68  real 68  rational 0
seed ((8, 24, 59, 152), 157) S= 1612732 : distinct curves found 43  real 43  rational 0
seed ((62, 69, 82, 152), 157) S= 1474636 : distinct curves found 44  real 44  rational 0
seed ((108, 110, 120, 132), 157) S= 1828059 : distinct curves found 46  real 46  rational 0
seed ((12, 50, 72, 88), 159) S= 3941887 : distinct curves found 29  real 29  rational 0
seed ((5, 9, 103, 137), 160) S= 2995214 : distinct curves found 44  real 44  rational 0
seed ((9, 24, 54, 112), 161) S= 3926508 : distinct curves found 33  real 33  rational 0
seed ((38, 60, 70, 151), 161) S= 2322724 : distinct curves found 60  real 60  rational 0
seed ((8, 10, 54, 158), 163) S= 1781285 : distinct curves found 38  real 38  rational 0
seed ((60, 62, 124, 157), 163) S= 201560 : distinct curves found 34  real 34  rational 0
seed ((11, 29, 123, 137), 164) S= 3062866 : distinct curves found 46  real 46  rational 0
seed ((8, 64, 69, 150), 165) S= 2934608 : distinct curves found 54  real 54  rational 0
seed ((1, 57, 127, 149), 166) S= 2398226 : distinct curves found 57  real 57  rational 0
seed ((6, 60, 129, 156), 167) S= 1619956 : distinct curves found 60  real 60  rational 0
seed ((18, 57, 66, 146), 167) S= 3448128 : distinct curves found 44  real 44  rational 0
seed ((40, 40, 135, 158), 167) S= 269680 : distinct curves found 45  real 45  rational 0
seed ((6, 9, 26, 162), 169) S= 2285232 : distinct curves found 39  real 39  rational 0
seed ((46, 60, 110, 164), 169) S= 1419143 : distinct curves found 62  real 62  rational 0
seed ((92, 96, 113, 164), 169) S= 608764 : distinct curves found 34  real 34  rational 0
seed ((58, 88, 108, 132), 171) S= 4197965 : distinct curves found 48  real 48  rational 0
seed ((20, 51, 62, 172), 173) S= 917600 : distinct curves found 45  real 45  rational 0
seed ((38, 138, 146, 146), 173) S= 726773 : distinct curves found 70  real 70  rational 0
seed ((57, 69, 149, 157), 174) S= 1300486 : distinct curves found 50  real 50  rational 0
seed ((30, 86, 140, 148), 175) S= 3206065 : distinct curves found 58  real 58  rational 0
seed ((36, 54, 71, 86), 177) S= 5494540 : distinct curves found 31  real 31  rational 0
seed ((6, 40, 102, 120), 179) S= 5364501 : distinct curves found 42  real 42  rational 0
seed ((12, 40, 92, 128), 179) S= 5280683 : distinct curves found 29  real 29  rational 0
seed ((16, 92, 134, 141), 179) S= 4317448 : distinct curves found 55  real 55  rational 0
seed ((44, 108, 109, 164), 179) S= 3188488 : distinct curves found 61  real 61  rational 0
seed ((64, 68, 132, 139), 179) S= 4497124 : distinct curves found 53  real 53  rational 0
seed ((110, 134, 141, 152), 179) S= 2267680 : distinct curves found 58  real 58  rational 0
seed ((4, 114, 131, 172), 181) S= 1421492 : distinct curves found 60  real 60  rational 0
seed ((22, 72, 104, 146), 181) S= 4906291 : distinct curves found 52  real 52  rational 0
seed ((61, 68, 114, 116), 181) S= 5511812 : distinct curves found 35  real 35  rational 0
seed ((80, 80, 80, 156), 181) S= 4467955 : distinct curves found 49  real 49  rational 0
seed ((41, 50, 54, 144), 183) S= 5347624 : distinct curves found 45  real 45  rational 0
seed ((6, 57, 150, 166), 185) S= 2782152 : distinct curves found 53  real 53  rational 0
seed ((33, 34, 36, 120), 185) S= 6090852 : distinct curves found 36  real 36  rational 0
seed ((57, 90, 102, 174), 185) S= 3262744 : distinct curves found 61  real 61  rational 0
seed ((74, 120, 128, 167), 185) S= 3293824 : distinct curves found 60  real 60  rational 0
seed ((12, 19, 128, 148), 187) S= 5277676 : distinct curves found 43  real 43  rational 0
seed ((22, 118, 156, 166), 187) S= 2173603 : distinct curves found 65  real 65  rational 0
seed ((51, 52, 72, 138), 187) S= 5973084 : distinct curves found 38  real 38  rational 0
seed ((66, 138, 144, 172), 187) S= 981507 : distinct curves found 62  real 62  rational 0
seed ((3, 36, 68, 154), 189) S= 5669176 : distinct curves found 42  real 42  rational 0
seed ((78, 86, 91, 96), 189) S= 6602972 : distinct curves found 24  real 24  rational 0
seed ((15, 29, 43, 61), 190) S= 6854738 : distinct curves found 12  real 12  rational 0
seed ((22, 80, 80, 159), 191) S= 5645264 : distinct curves found 53  real 53  rational 0
seed ((68, 102, 110, 178), 191) S= 3707807 : distinct curves found 60  real 60  rational 0
seed ((2, 66, 132, 183), 193) S= 2958324 : distinct curves found 46  real 46  rational 0
seed ((31, 44, 62, 192), 193) S= 1233328 : distinct curves found 46  real 46  rational 0
seed ((96, 110, 150, 183), 193) S= 423372 : distinct curves found 50  real 50  rational 0
seed ((3, 92, 114, 130), 195) S= 6881296 : distinct curves found 47  real 47  rational 0
seed ((1, 142, 152, 186), 199) S= 406516 : distinct curves found 55  real 55  rational 0
seed ((25, 32, 110, 114), 199) S= 7624696 : distinct curves found 32  real 32  rational 0
seed ((80, 94, 159, 160), 199) S= 5311948 : distinct curves found 72  real 72  rational 0
seed ((2, 118, 120, 198), 201) S= 62393 : distinct curves found 59  real 59  rational 0
seed ((30, 34, 132, 145), 201) S= 7166444 : distinct curves found 48  real 48  rational 0
seed ((87, 150, 160, 166), 201) S= 4051976 : distinct curves found 73  real 73  rational 0
seed ((16, 18, 70, 152), 203) S= 7584845 : distinct curves found 40  real 40  rational 0
seed ((42, 86, 158, 194), 203) S= 838157 : distinct curves found 50  real 50  rational 0
seed ((10, 66, 141, 192), 205) S= 4022832 : distinct curves found 46  real 46  rational 0
seed ((19, 72, 108, 204), 205) S= 647880 : distinct curves found 59  real 59  rational 0
seed ((43, 100, 176, 186), 205) S= 1443892 : distinct curves found 62  real 62  rational 0
seed ((74, 75, 158, 188), 205) S= 3764164 : distinct curves found 59  real 59  rational 0
seed ((25, 40, 144, 198), 207) S= 3081748 : distinct curves found 48  real 48  rational 0
seed ((50, 150, 162, 172), 207) S= 4826831 : distinct curves found 64  real 64  rational 0
seed ((68, 138, 166, 192), 207) S= 803759 : distinct curves found 60  real 60  rational 0
seed ((20, 38, 82, 198), 209) S= 4773137 : distinct curves found 43  real 43  rational 0
seed ((34, 135, 152, 160), 209) S= 6941156 : distinct curves found 60  real 60  rational 0
seed ((2, 24, 109, 208), 211) S= 2363944 : distinct curves found 48  real 48  rational 0
seed ((20, 96, 104, 130), 211) S= 9020587 : distinct curves found 39  real 39  rational 0
seed ((51, 72, 90, 200), 211) S= 4853616 : distinct curves found 46  real 46  rational 0
seed ((74, 132, 134, 184), 211) S= 6180277 : distinct curves found 57  real 57  rational 0
seed ((128, 132, 144, 186), 211) S= 5313621 : distinct curves found 58  real 58  rational 0
seed ((6, 20, 117, 212), 213) S= 186160 : distinct curves found 41  real 41  rational 0
seed ((18, 82, 102, 134), 213) S= 9282541 : distinct curves found 32  real 32  rational 0
seed ((76, 93, 100, 162), 213) S= 8571460 : distinct curves found 57  real 57  rational 0
seed ((5, 51, 97, 205), 214) S= 4579934 : distinct curves found 42  real 42  rational 0
seed ((23, 30, 132, 186), 215) S= 7216176 : distinct curves found 59  real 59  rational 0
seed ((52, 94, 177, 190), 215) S= 4501796 : distinct curves found 66  real 66  rational 0
seed ((114, 136, 138, 192), 215) S= 5765895 : distinct curves found 56  real 56  rational 0
seed ((7, 58, 124, 144), 217) S= 9582512 : distinct curves found 36  real 36  rational 0
seed ((96, 102, 161, 198), 217) S= 4983372 : distinct curves found 58  real 58  rational 0
seed ((33, 157, 157, 181), 218) S= 6497626 : distinct curves found 66  real 66  rational 0
seed ((34, 51, 102, 212), 219) S= 4288604 : distinct curves found 55  real 55  rational 0
seed ((18, 20, 54, 174), 221) S= 9419685 : distinct curves found 33  real 33  rational 0
seed ((76, 131, 188, 198), 221) S= 2618096 : distinct curves found 63  real 63  rational 0
seed ((2, 16, 106, 222), 223) S= 1361407 : distinct curves found 56  real 56  rational 0
seed ((22, 24, 62, 190), 223) S= 8710655 : distinct curves found 30  real 30  rational 0
seed ((96, 116, 166, 214), 223) S= 1669855 : distinct curves found 49  real 49  rational 0
seed ((16, 150, 188, 204), 225) S= 1459327 : distinct curves found 57  real 57  rational 0
seed ((50, 151, 162, 192), 225) S= 7050164 : distinct curves found 64  real 64  rational 0
seed ((116, 159, 176, 204), 225) S= 3058736 : distinct curves found 67  real 67  rational 0
seed ((2, 66, 125, 200), 227) S= 8302072 : distinct curves found 51  real 51  rational 0
seed ((36, 93, 152, 198), 227) S= 7974024 : distinct curves found 57  real 57  rational 0
seed ((46, 99, 110, 226), 227) S= 924296 : distinct curves found 43  real 43  rational 0
seed ((120, 125, 158, 206), 227) S= 6167992 : distinct curves found 69  real 69  rational 0
seed ((16, 48, 120, 141), 229) S= 11548140 : distinct curves found 43  real 43  rational 0
seed ((24, 134, 178, 212), 229) S= 3979229 : distinct curves found 66  real 66  rational 0
seed ((62, 109, 118, 174), 229) S= 10584436 : distinct curves found 43  real 43  rational 0
seed ((41, 125, 155, 213), 230) S= 6079810 : distinct curves found 62  real 62  rational 0
seed ((39, 84, 122, 130), 231) S= 11977520 : distinct curves found 37  real 37  rational 0
seed ((15, 93, 125, 219), 232) S= 6414438 : distinct curves found 60  real 60  rational 0
seed ((4, 178, 192, 202), 233) S= 3188281 : distinct curves found 47  real 47  rational 0
seed ((26, 58, 207, 208), 233) S= 560884 : distinct curves found 52  real 52  rational 0
seed ((34, 122, 176, 207), 233) S= 6950732 : distinct curves found 63  real 63  rational 0
seed ((48, 68, 151, 212), 233) S= 7566736 : distinct curves found 56  real 56  rational 0
seed ((92, 116, 152, 177), 233) S= 10671484 : distinct curves found 60  real 60  rational 0
seed ((26, 67, 180, 226), 235) S= 1037948 : distinct curves found 39  real 39  rational 0
seed ((46, 74, 204, 214), 235) S= 361139 : distinct curves found 46  real 46  rational 0
seed ((76, 130, 132, 227), 235) S= 4614556 : distinct curves found 50  real 50  rational 0
seed ((96, 100, 131, 152), 235) S= 12217028 : distinct curves found 32  real 32  rational 0
seed ((45, 71, 153, 225), 236) S= 5482794 : distinct curves found 42  real 42  rational 0
seed ((45, 142, 170, 216), 237) S= 6580768 : distinct curves found 66  real 66  rational 0
seed ((99, 147, 155, 225), 238) S= 5205702 : distinct curves found 64  real 64  rational 0
seed ((15, 86, 134, 200), 239) S= 10778728 : distinct curves found 54  real 54  rational 0
seed ((30, 82, 110, 146), 239) S= 13214129 : distinct curves found 35  real 35  rational 0
seed ((66, 158, 170, 199), 239) S= 9192020 : distinct curves found 57  real 57  rational 0
seed ((75, 125, 125, 129), 240) S= 13367398 : distinct curves found 22  real 22  rational 0
seed ((16, 146, 192, 226), 241) S= 1704047 : distinct curves found 53  real 53  rational 0
seed ((32, 111, 116, 208), 241) S= 10518664 : distinct curves found 53  real 53  rational 0
seed ((66, 185, 194, 208), 241) S= 4633340 : distinct curves found 63  real 63  rational 0
seed ((121, 138, 166, 184), 241) S= 11231852 : distinct curves found 59  real 59  rational 0
seed ((10, 12, 20, 228), 243) S= 8087819 : distinct curves found 32  real 32  rational 0
seed ((52, 78, 180, 235), 243) S= 1791284 : distinct curves found 44  real 44  rational 0
seed ((107, 114, 122, 186), 243) S= 12549532 : distinct curves found 52  real 52  rational 0
seed ((3, 148, 196, 214), 245) S= 7281500 : distinct curves found 68  real 68  rational 0
seed ((18, 75, 126, 244), 245) S= 1031088 : distinct curves found 53  real 53  rational 0
seed ((82, 156, 168, 195), 245) S= 11139564 : distinct curves found 72  real 72  rational 0
seed ((23, 40, 190, 234), 247) S= 3982568 : distinct curves found 51  real 51  rational 0
seed ((72, 80, 143, 190), 247) S= 13079876 : distinct curves found 51  real 51  rational 0
seed ((57, 69, 137, 153), 248) S= 14596986 : distinct curves found 27  real 27  rational 0
seed ((4, 60, 76, 153), 249) S= 15009080 : distinct curves found 28  real 28  rational 0
seed ((36, 64, 78, 100), 249) S= 15396215 : distinct curves found 32  real 32  rational 0
seed ((5, 53, 103, 141), 250) S= 15331874 : distinct curves found 34  real 34  rational 0
seed ((10, 51, 58, 250), 251) S= 2421284 : distinct curves found 37  real 37  rational 0
seed ((20, 59, 194, 222), 251) S= 8774960 : distinct curves found 61  real 61  rational 0
seed ((40, 40, 136, 237), 251) S= 8155516 : distinct curves found 51  real 51  rational 0
seed ((72, 94, 114, 192), 251) S= 14033469 : distinct curves found 51  real 51  rational 0
seed ((114, 120, 184, 243), 251) S= 424380 : distinct curves found 34  real 34  rational 0
seed ((6, 60, 118, 240), 253) S= 8270757 : distinct curves found 52  real 52  rational 0
seed ((18, 148, 155, 190), 253) S= 13814204 : distinct curves found 50  real 50  rational 0
seed ((59, 62, 82, 246), 253) S= 6342772 : distinct curves found 44  real 44  rational 0
seed ((164, 186, 194, 230), 253) S= 211451 : distinct curves found 37  real 37  rational 0
seed ((40, 87, 134, 228), 255) S= 11324164 : distinct curves found 53  real 53  rational 0
seed ((4, 41, 48, 142), 257) S= 16730852 : distinct curves found 19  real 19  rational 0
seed ((18, 96, 146, 183), 257) S= 15495492 : distinct curves found 44  real 44  rational 0
seed ((32, 90, 142, 190), 257) S= 15243359 : distinct curves found 38  real 38  rational 0
seed ((48, 76, 127, 248), 257) S= 7147184 : distinct curves found 36  real 36  rational 0
seed ((68, 90, 120, 228), 257) S= 12001761 : distinct curves found 61  real 61  rational 0
seed ((94, 116, 218, 228), 257) S= 6099007 : distinct curves found 56  real 56  rational 0
seed ((136, 144, 218, 233), 257) S= 2356492 : distinct curves found 51  real 51  rational 0
seed ((18, 158, 190, 238), 259) S= 7583333 : distinct curves found 57  real 57  rational 0
seed ((46, 118, 189, 212), 259) S= 12758576 : distinct curves found 56  real 56  rational 0
seed ((118, 133, 138, 202), 259) S= 14791100 : distinct curves found 53  real 53  rational 0
seed ((4, 12, 69, 250), 261) S= 8477320 : distinct curves found 35  real 35  rational 0
seed ((30, 130, 229, 234), 261) S= 1702832 : distinct curves found 57  real 57  rational 0
seed ((54, 150, 194, 205), 261) S= 13310428 : distinct curves found 61  real 61  rational 0
seed ((114, 164, 176, 198), 261) S= 14299843 : distinct curves found 61  real 61  rational 0
seed ((10, 100, 186, 257), 263) S= 620132 : distinct curves found 51  real 51  rational 0
seed ((20, 114, 148, 188), 263) S= 16555145 : distinct curves found 46  real 46  rational 0
seed ((60, 62, 120, 180), 263) S= 17141385 : distinct curves found 39  real 39  rational 0
seed ((108, 162, 204, 223), 263) S= 10780236 : distinct curves found 55  real 55  rational 0
seed ((139, 201, 207, 239), 264) S= 588758 : distinct curves found 60  real 60  rational 0
seed ((20, 73, 114, 160), 265) S= 18088520 : distinct curves found 30  real 30  rational 0
seed ((44, 66, 145, 218), 265) S= 15152548 : distinct curves found 45  real 45  rational 0
seed ((73, 144, 190, 256), 265) S= 2954632 : distinct curves found 58  real 58  rational 0
seed ((135, 161, 181, 257), 266) S= 2732270 : distinct curves found 50  real 50  rational 0
seed ((18, 163, 226, 228), 267) S= 8355884 : distinct curves found 52  real 52  rational 0
seed ((2, 12, 109, 166), 269) S= 18875624 : distinct curves found 30  real 30  rational 0
seed ((32, 54, 120, 186), 269) S= 18288555 : distinct curves found 33  real 33  rational 0
seed ((50, 58, 109, 246), 269) S= 12471520 : distinct curves found 49  real 49  rational 0
seed ((76, 178, 204, 232), 269) S= 10903541 : distinct curves found 67  real 67  rational 0
seed ((4, 150, 190, 230), 271) S= 13770895 : distinct curves found 63  real 63  rational 0
seed ((24, 58, 136, 244), 271) S= 13368497 : distinct curves found 43  real 43  rational 0
seed ((54, 74, 202, 256), 271) S= 6819727 : distinct curves found 49  real 49  rational 0
seed ((108, 124, 164, 194), 271) S= 17835953 : distinct curves found 57  real 57  rational 0
seed ((36, 52, 112, 246), 273) S= 13797103 : distinct curves found 42  real 42  rational 0
seed ((6, 12, 45, 66), 275) S= 20794688 : distinct curves found 1  real 1  rational 0
seed ((20, 45, 102, 270), 275) S= 6629856 : distinct curves found 42  real 42  rational 0
seed ((45, 48, 114, 180), 275) S= 19906840 : distinct curves found 32  real 32  rational 0
seed ((88, 102, 124, 274), 275) S= 2031115 : distinct curves found 52  real 52  rational 0
seed ((124, 136, 204, 214), 275) S= 15950741 : distinct curves found 59  real 59  rational 0
seed ((2, 100, 213, 230), 277) S= 14467504 : distinct curves found 47  real 47  rational 0
seed ((18, 75, 80, 132), 277) S= 21118704 : distinct curves found 28  real 28  rational 0
seed ((46, 102, 102, 276), 277) S= 2726733 : distinct curves found 53  real 53  rational 0
seed ((64, 158, 213, 218), 277) S= 15342224 : distinct curves found 67  real 67  rational 0
seed ((172, 192, 194, 227), 277) S= 13623836 : distinct curves found 57  real 57  rational 0
seed ((22, 156, 228, 239), 279) S= 11418836 : distinct curves found 57  real 57  rational 0
seed ((54, 222, 232, 241), 279) S= 254084 : distinct curves found 61  real 61  rational 0
seed ((48, 102, 114, 249), 281) S= 15831496 : distinct curves found 51  real 51  rational 0
seed ((96, 108, 116, 225), 281) S= 18914460 : distinct curves found 58  real 58  rational 0
seed ((136, 158, 158, 276), 281) S= 3582409 : distinct curves found 49  real 49  rational 0
seed ((26, 148, 150, 278), 283) S= 5496125 : distinct curves found 63  real 63  rational 0
seed ((48, 72, 155, 276), 283) S= 7593360 : distinct curves found 40  real 40  rational 0
seed ((90, 100, 109, 152), 283) S= 22319708 : distinct curves found 27  real 27  rational 0
seed ((144, 187, 206, 262), 283) S= 7884392 : distinct curves found 59  real 59  rational 0
seed ((27, 155, 177, 213), 284) S= 19664598 : distinct curves found 50  real 50  rational 0
seed ((6, 67, 68, 180), 285) S= 22398224 : distinct curves found 24  real 24  rational 0
seed ((86, 170, 216, 258), 285) S= 10716827 : distinct curves found 61  real 61  rational 0
seed ((27, 39, 43, 99), 286) S= 23373306 : distinct curves found 11  real 11  rational 0
seed ((24, 76, 119, 230), 287) S= 20193476 : distinct curves found 32  real 32  rational 0
seed ((86, 119, 222, 262), 287) S= 10603948 : distinct curves found 60  real 60  rational 0
seed ((4, 106, 132, 148), 289) S= 23778239 : distinct curves found 34  real 34  rational 0
seed ((8, 180, 193, 218), 289) S= 19738112 : distinct curves found 45  real 45  rational 0
seed ((30, 38, 158, 208), 289) S= 22047233 : distinct curves found 35  real 35  rational 0
seed ((50, 96, 246, 255), 289) S= 9233688 : distinct curves found 56  real 56  rational 0
