/usr/local/lib/python3.11/dist-packages/numpy/linalg/_linalg.py:2766: RuntimeWarning: overflow encountered in dot
  sqnorm = x_real.dot(x_real) + x_imag.dot(x_imag)
seed ((8, 54, 66, 87), 151) S= 3363456 : distinct curves found 4  real 4  rational 0
/usr/local/lib/python3.11/dist-packages/numpy/linalg/_linalg.py:2766: RuntimeWarning: overflow encountered in dot
  sqnorm = x_real.dot(x_real) + x_imag.dot(x_imag)
seed ((17, 34, 50, 66), 151) S= 3428420 : distinct curves found 1  real 1  rational 0
seed ((36, 81, 120, 138), 151) S= 1294820 : distinct curves found 4  real 4  rational 0
seed ((74, 86, 92, 138), 151) S= 1942169 : distinct curves found 5  real 5  rational 0
seed ((30, 46, 89, 144), 153) S= 1845104 : distinct curves found 6  real 6  rational 0
seed ((11, 101, 103, 147), 154) S= 996574 : distinct curves found 7  real 7  rational 0
seed ((24, 100, 124, 142), 155) S= 1016573 : distinct curves found 7  real 7  rational 0
seed ((48, 59, 74, 110), 155) S= 3446312 : distinct curves found 3  real 3  rational 0
seed ((20, 36, 102, 120), 157) S= 3295707 : distinct curves found 2  real 2  rational 0
seed ((62, 102, 131, 142), 157) S= 735376 : distinct curves found 6  real 6  rational 0
seed ((27, 47, 47, 151), 158) S= 1918786 : distinct curves found 5  real 5  rational 0
seed ((24, 96, 137, 142), 159) S= 751396 : distinct curves found 7  real 7  rational 0
seed ((17, 45, 135, 135), 160) S= 2159166 : distinct curves found 4  real 4  rational 0
seed ((12, 98, 128, 137), 161) S= 2349580 : distinct curves found 4  real 4  rational 0
seed ((68, 84, 86, 118), 161) S= 3723169 : distinct curves found 5  real 5  rational 0
seed ((16, 36, 59, 160), 163) S= 1390604 : distinct curves found 3  real 3  rational 0
seed ((60, 68, 128, 131), 163) S= 3026200 : distinct curves found 4  real 4  rational 0
seed ((55, 93, 107, 107), 164) S= 3972442 : distinct curves found 2  real 2  rational 0
seed ((12, 51, 68, 160), 165) S= 1812596 : distinct curves found 5  real 5  rational 0
seed ((15, 57, 79, 165), 166) S= 683814 : distinct curves found 9  real 9  rational 0
seed ((8, 32, 48, 64), 167) S= 4648649 : distinct curves found 1  real 1  rational 0
seed ((20, 24, 32, 142), 167) S= 3673175 : distinct curves found 1  real 1  rational 0
seed ((57, 58, 86, 116), 167) S= 4333432 : distinct curves found 1  real 1  rational 0
seed ((15, 16, 110, 142), 169) S= 3650764 : distinct curves found 3  real 3  rational 0
seed ((47, 66, 72, 156), 169) S= 2941524 : distinct curves found 7  real 7  rational 0
seed ((19, 85, 87, 149), 170) S= 3519122 : distinct curves found 4  real 4  rational 0
seed ((74, 88, 132, 144), 171) S= 3188659 : distinct curves found 4  real 4  rational 0
seed ((32, 53, 108, 166), 173) S= 2067476 : distinct curves found 2  real 2  rational 0
seed ((45, 66, 102, 138), 173) S= 4322600 : distinct curves found 3  real 3  rational 0
seed ((14, 22, 118, 135), 175) S= 4468756 : distinct curves found 2  real 2  rational 0
seed ((30, 106, 112, 134), 175) S= 4420463 : distinct curves found 2  real 2  rational 0
seed ((9, 45, 57, 177), 178) S= 1007270 : distinct curves found 7  real 7  rational 0
seed ((6, 54, 132, 139), 179) S= 4512972 : distinct curves found 1  real 1  rational 0
seed ((12, 50, 120, 174), 179) S= 1463019 : distinct curves found 5  real 5  rational 0
seed ((26, 115, 152, 156), 179) S= 1958360 : distinct curves found 6  real 6  rational 0
seed ((44, 109, 132, 172), 179) S= 166136 : distinct curves found 14  real 14  rational 0
seed ((76, 78, 96, 141), 179) S= 4882152 : distinct curves found 4  real 4  rational 0
seed ((51, 129, 137, 167), 180) S= 1040450 : distinct curves found 9  real 9  rational 0
seed ((6, 40, 85, 164), 181) S= 3914608 : distinct curves found 5  real 5  rational 0
seed ((29, 34, 122, 144), 181) S= 4790228 : distinct curves found 0  real 0  rational 0
seed ((66, 116, 150, 150), 181) S= 3140307 : distinct curves found 4  real 4  rational 0
seed ((37, 85, 105, 131), 182) S= 5437822 : distinct curves found 4  real 4  rational 0
seed ((1, 60, 64, 172), 185) S= 3752572 : distinct curves found 2  real 2  rational 0
seed ((18, 22, 103, 118), 185) S= 6016288 : distinct curves found 1  real 1  rational 0
seed ((38, 60, 62, 116), 185) S= 6127529 : distinct curves found 3  real 3  rational 0
seed ((58, 74, 76, 153), 185) S= 5183320 : distinct curves found 2  real 2  rational 0
seed ((86, 100, 120, 148), 185) S= 5018935 : distinct curves found 4  real 4  rational 0
seed ((12, 100, 106, 110), 187) S= 6210563 : distinct curves found 4  real 4  rational 0
seed ((24, 72, 152, 174), 187) S= 1592733 : distinct curves found 7  real 7  rational 0
seed ((52, 78, 141, 180), 187) S= 803700 : distinct curves found 8  real 8  rational 0
seed ((31, 57, 73, 163), 188) S= 5020934 : distinct curves found 1  real 1  rational 0
seed ((37, 54, 74, 168), 189) S= 4785916 : distinct curves found 3  real 3  rational 0
seed ((118, 126, 144, 176), 189) S= 490523 : distinct curves found 12  real 12  rational 0
seed ((15, 57, 59, 129), 190) S= 6508542 : distinct curves found 0  real 0  rational 0
seed ((23, 86, 132, 176), 191) S= 3624196 : distinct curves found 2  real 2  rational 0
seed ((102, 144, 144, 164), 191) S= 3183777 : distinct curves found 8  real 8  rational 0
seed ((6, 10, 95, 188), 193) S= 2606872 : distinct curves found 3  real 3  rational 0
seed ((36, 44, 86, 190), 193) S= 2054911 : distinct curves found 2  real 2  rational 0
seed ((37, 75, 139, 145), 194) S= 6051694 : distinct curves found 1  real 1  rational 0
seed ((8, 19, 94, 162), 197) S= 6299708 : distinct curves found 0  real 0  rational 0
seed ((4, 92, 118, 186), 199) S= 4170199 : distinct curves found 4  real 4  rational 0
seed ((30, 44, 135, 192), 199) S= 2438424 : distinct curves found 3  real 3  rational 0
seed ((82, 82, 100, 198), 199) S= 491017 : distinct curves found 10  real 10  rational 0
seed ((9, 48, 134, 148), 201) S= 7045096 : distinct curves found 1  real 1  rational 0
seed ((46, 102, 134, 183), 201) S= 4632584 : distinct curves found 4  real 4  rational 0
seed ((15, 57, 165, 177), 202) S= 4119974 : distinct curves found 3  real 3  rational 0
seed ((20, 32, 58, 189), 203) S= 4935740 : distinct curves found 1  real 1  rational 0
seed ((122, 126, 158, 181), 203) S= 3458632 : distinct curves found 3  real 3  rational 0
seed ((11, 40, 124, 192), 205) S= 4525988 : distinct curves found 1  real 1  rational 0
seed ((22, 134, 138, 146), 205) S= 7199915 : distinct curves found 2  real 2  rational 0
seed ((45, 106, 158, 170), 205) S= 5753120 : distinct curves found 3  real 3  rational 0
seed ((75, 92, 180, 180), 205) S= 2326284 : distinct curves found 5  real 5  rational 0
seed ((36, 70, 168, 175), 207) S= 5229392 : distinct curves found 2  real 2  rational 0
seed ((57, 66, 136, 202), 207) S= 2071372 : distinct curves found 4  real 4  rational 0
seed ((23, 39, 59, 167), 208) S= 7696922 : distinct curves found 0  real 0  rational 0
seed ((26, 57, 96, 96), 209) S= 9041268 : distinct curves found 1  real 1  rational 0
seed ((76, 114, 172, 185), 209) S= 3869780 : distinct curves found 4  real 4  rational 0
seed ((2, 48, 74, 106), 211) S= 9308651 : distinct curves found 1  real 1  rational 0
seed ((22, 43, 184, 186), 211) S= 2832916 : distinct curves found 1  real 1  rational 0
seed ((51, 92, 96, 198), 211) S= 5156016 : distinct curves found 3  real 3  rational 0
seed ((102, 104, 104, 194), 211) S= 5592757 : distinct curves found 1  real 1  rational 0
seed ((142, 158, 174, 181), 211) S= 1255396 : distinct curves found 13  real 13  rational 0
seed ((12, 42, 154, 203), 213) S= 3171784 : distinct curves found 2  real 2  rational 0
seed ((24, 68, 138, 200), 213) S= 4730675 : distinct curves found 3  real 3  rational 0
seed ((84, 98, 126, 208), 213) S= 2676947 : distinct curves found 4  real 4  rational 0
seed ((25, 125, 171, 187), 214) S= 4946566 : distinct curves found 3  real 3  rational 0
seed ((26, 78, 120, 207), 215) S= 4109436 : distinct curves found 1  real 1  rational 0
seed ((76, 100, 143, 156), 215) S= 8637988 : distinct curves found 1  real 1  rational 0
seed ((1, 93, 127, 129), 216) S= 9597334 : distinct curves found 1  real 1  rational 0
seed ((26, 57, 158, 182), 217) S= 7244176 : distinct curves found 1  real 1  rational 0
seed ((102, 159, 168, 174), 217) S= 6074108 : distinct curves found 4  real 4  rational 0
seed ((65, 113, 177, 205), 218) S= 455026 : distinct curves found 9  real 9  rational 0
seed ((45, 66, 152, 200), 219) S= 5822276 : distinct curves found 1  real 1  rational 0
seed ((20, 58, 131, 204), 221) S= 6272240 : distinct curves found 3  real 3  rational 0
seed ((90, 108, 130, 174), 221) S= 9044901 : distinct curves found 4  real 4  rational 0
seed ((2, 32, 76, 201), 223) S= 7539268 : distinct curves found 0  real 0  rational 0
seed ((31, 110, 144, 166), 223) S= 9558544 : distinct curves found 1  real 1  rational 0
seed ((97, 110, 162, 200), 223) S= 6188576 : distinct curves found 3  real 3  rational 0
seed ((24, 96, 158, 220), 225) S= 160897 : distinct curves found 12  real 12  rational 0
seed ((52, 122, 156, 201), 225) S= 6787660 : distinct curves found 4  real 4  rational 0
seed ((148, 159, 176, 192), 225) S= 4822960 : distinct curves found 3  real 3  rational 0
seed ((5, 44, 102, 190), 227) S= 9415012 : distinct curves found 1  real 1  rational 0
seed ((37, 38, 50, 90), 227) S= 11673436 : distinct curves found 0  real 0  rational 0
seed ((80, 99, 172, 212), 227) S= 4352080 : distinct curves found 2  real 2  rational 0
seed ((89, 123, 177, 209), 228) S= 4735418 : distinct curves found 6  real 6  rational 0
seed ((19, 64, 164, 222), 229) S= 2232508 : distinct curves found 5  real 5  rational 0
seed ((38, 68, 106, 144), 229) S= 11566301 : distinct curves found 2  real 2  rational 0
seed ((76, 94, 120, 202), 229) S= 8509405 : distinct curves found 1  real 1  rational 0
seed ((10, 28, 57, 228), 231) S= 3380368 : distinct curves found 0  real 0  rational 0
seed ((56, 66, 202, 204), 231) S= 3437257 : distinct curves found 3  real 3  rational 0
seed ((51, 123, 125, 225), 232) S= 4346022 : distinct curves found 3  real 3  rational 0
seed ((8, 17, 22, 24), 233) S= 12649324 : distinct curves found 0  real 0  rational 0
seed ((30, 50, 73, 194), 233) S= 10321232 : distinct curves found 0  real 0  rational 0
seed ((41, 62, 158, 180), 233) S= 10505920 : distinct curves found 0  real 0  rational 0
seed ((55, 90, 202, 212), 233) S= 850936 : distinct curves found 11  real 11  rational 0
seed ((47, 57, 155, 207), 234) S= 8460842 : distinct curves found 3  real 3  rational 0
seed ((26, 85, 158, 228), 235) S= 3465824 : distinct curves found 2  real 2  rational 0
seed ((46, 92, 96, 100), 235) S= 12885133 : distinct curves found 1  real 1  rational 0
seed ((80, 99, 160, 218), 235) S= 6565820 : distinct curves found 4  real 4  rational 0
seed ((102, 104, 130, 139), 235) S= 12409448 : distinct curves found 2  real 2  rational 0
seed ((47, 117, 117, 117), 236) S= 12847770 : distinct curves found 0  real 0  rational 0
seed ((76, 138, 188, 222), 237) S= 2500619 : distinct curves found 6  real 6  rational 0
seed ((6, 15, 20, 174), 239) S= 12594552 : distinct curves found 0  real 0  rational 0
seed ((20, 30, 116, 226), 239) S= 7119887 : distinct curves found 1  real 1  rational 0
seed ((38, 78, 108, 153), 239) S= 13104660 : distinct curves found 2  real 2  rational 0
seed ((72, 92, 144, 144), 239) S= 12953649 : distinct curves found 3  real 3  rational 0
seed ((75, 173, 199, 213), 240) S= 2937226 : distinct curves found 4  real 4  rational 0
seed ((20, 46, 57, 190), 241) S= 12200036 : distinct curves found 2  real 2  rational 0
seed ((36, 48, 90, 145), 241) S= 13641504 : distinct curves found 0  real 0  rational 0
seed ((74, 174, 200, 202), 241) S= 6006415 : distinct curves found 4  real 4  rational 0
seed ((25, 47, 85, 207), 242) S= 11036254 : distinct curves found 0  real 0  rational 0
seed ((18, 22, 90, 104), 243) S= 14286155 : distinct curves found 0  real 0  rational 0
seed ((60, 118, 149, 240), 243) S= 1048532 : distinct curves found 10  real 10  rational 0
seed ((43, 165, 211, 215), 244) S= 1955686 : distinct curves found 9  real 9  rational 0
seed ((8, 44, 112, 216), 245) S= 10617395 : distinct curves found 0  real 0  rational 0
seed ((28, 102, 125, 244), 245) S= 548924 : distinct curves found 10  real 10  rational 0
seed ((15, 36, 52, 78), 247) S= 15061020 : distinct curves found 0  real 0  rational 0
seed ((32, 44, 162, 242), 247) S= 2852761 : distinct curves found 6  real 6  rational 0
seed ((80, 132, 190, 236), 247) S= 1308487 : distinct curves found 9  real 9  rational 0
seed ((107, 171, 199, 227), 248) S= 2687998 : distinct curves found 6  real 6  rational 0
seed ((8, 116, 144, 153), 249) S= 14634184 : distinct curves found 0  real 0  rational 0
seed ((57, 108, 202, 230), 249) S= 4554688 : distinct curves found 5  real 5  rational 0
seed ((5, 85, 165, 241), 250) S= 5258678 : distinct curves found 3  real 3  rational 0
seed ((12, 32, 69, 246), 251) S= 5322504 : distinct curves found 0  real 0  rational 0
seed ((26, 83, 106, 240), 251) S= 7563740 : distinct curves found 2  real 2  rational 0
seed ((40, 68, 100, 219), 251) S= 11774264 : distinct curves found 2  real 2  rational 0
seed ((74, 106, 152, 234), 251) S= 8483683 : distinct curves found 5  real 5  rational 0
seed ((6, 6, 40, 246), 253) S= 6374139 : distinct curves found 1  real 1  rational 0
seed ((8, 67, 134, 246), 253) S= 5895248 : distinct curves found 4  real 4  rational 0
seed ((28, 140, 150, 196), 253) S= 13661627 : distinct curves found 3  real 3  rational 0
seed ((64, 76, 120, 176), 253) S= 15142171 : distinct curves found 0  real 0  rational 0
seed ((11, 27, 99, 183), 254) S= 15166926 : distinct curves found 0  real 0  rational 0
seed ((44, 180, 183, 200), 255) S= 11805260 : distinct curves found 4  real 4  rational 0
seed ((6, 90, 151, 174), 257) S= 15747996 : distinct curves found 0  real 0  rational 0
seed ((23, 108, 188, 194), 257) S= 13750924 : distinct curves found 2  real 2  rational 0
seed ((33, 92, 96, 162), 257) S= 16391184 : distinct curves found 2  real 2  rational 0
seed ((50, 134, 183, 248), 257) S= 3481340 : distinct curves found 5  real 5  rational 0
seed ((72, 122, 191, 220), 257) S= 11080120 : distinct curves found 1  real 1  rational 0
seed ((95, 158, 160, 216), 257) S= 12389792 : distinct curves found 3  real 3  rational 0
seed ((138, 178, 202, 236), 257) S= 2952031 : distinct curves found 6  real 6  rational 0
seed ((35, 62, 90, 254), 259) S= 5720944 : distinct curves found 3  real 3  rational 0
seed ((56, 102, 136, 206), 259) S= 14763173 : distinct curves found 2  real 2  rational 0
seed ((168, 198, 200, 228), 259) S= 3826107 : distinct curves found 5  real 5  rational 0
seed ((8, 54, 109, 222), 261) S= 13953676 : distinct curves found 0  real 0  rational 0
seed ((36, 92, 120, 256), 261) S= 5571715 : distinct curves found 3  real 3  rational 0
seed ((83, 90, 158, 228), 261) S= 12618212 : distinct curves found 3  real 3  rational 0
seed ((5, 107, 165, 209), 262) S= 14779238 : distinct curves found 1  real 1  rational 0
seed ((12, 32, 170, 226), 263) S= 13173655 : distinct curves found 0  real 0  rational 0
seed ((24, 57, 88, 258), 263) S= 5958216 : distinct curves found 0  real 0  rational 0
seed ((60, 127, 216, 240), 263) S= 5832948 : distinct curves found 4  real 4  rational 0
seed ((120, 186, 186, 226), 263) S= 10577481 : distinct curves found 4  real 4  rational 0
seed ((16, 44, 110, 183), 265) S= 17520872 : distinct curves found 1  real 1  rational 0
seed ((26, 130, 162, 256), 265) S= 6476153 : distinct curves found 7  real 7  rational 0
seed ((50, 80, 162, 209), 265) S= 15640340 : distinct curves found 3  real 3  rational 0
seed ((81, 96, 180, 228), 265) S= 13067612 : distinct curves found 4  real 4  rational 0
seed ((3, 58, 180, 260), 267) S= 4396964 : distinct curves found 4  real 4  rational 0
seed ((26, 117, 218, 246), 267) S= 5547848 : distinct curves found 2  real 2  rational 0
seed ((6, 146, 218, 244), 269) S= 7130443 : distinct curves found 3  real 3  rational 0
seed ((36, 152, 206, 256), 269) S= 2942987 : distinct curves found 6  real 6  rational 0
seed ((58, 62, 85, 258), 269) S= 9137228 : distinct curves found 1  real 1  rational 0
seed ((78, 124, 124, 226), 269) S= 15432107 : distinct curves found 2  real 2  rational 0
seed ((10, 32, 66, 244), 271) S= 13601425 : distinct curves found 0  real 0  rational 0
seed ((36, 60, 90, 136), 271) S= 19728207 : distinct curves found 0  real 0  rational 0
seed ((74, 74, 228, 248), 271) S= 4759151 : distinct curves found 2  real 2  rational 0
seed ((111, 116, 208, 260), 271) S= 1380920 : distinct curves found 7  real 7  rational 0
seed ((39, 117, 177, 241), 274) S= 13925154 : distinct curves found 2  real 2  rational 0
seed ((8, 66, 122, 235), 275) S= 16146356 : distinct curves found 0  real 0  rational 0
seed ((20, 152, 176, 213), 275) S= 17235724 : distinct curves found 3  real 3  rational 0
seed ((45, 118, 164, 272), 275) S= 2320456 : distinct curves found 6  real 6  rational 0
seed ((110, 194, 222, 226), 275) S= 11156917 : distinct curves found 3  real 3  rational 0
seed ((136, 194, 213, 218), 275) S= 13120700 : distinct curves found 5  real 5  rational 0
seed ((3, 36, 100, 240), 277) S= 16112868 : distinct curves found 0  real 0  rational 0
seed ((20, 40, 85, 102), 277) S= 21218440 : distinct curves found 0  real 0  rational 0
seed ((48, 76, 85, 218), 277) S= 18542200 : distinct curves found 1  real 1  rational 0
seed ((82, 148, 174, 220), 277) S= 17314285 : distinct curves found 2  real 2  rational 0
seed ((69, 145, 163, 275), 278) S= 967342 : distinct curves found 11  real 11  rational 0
seed ((26, 66, 152, 276), 279) S= 4148167 : distinct curves found 3  real 3  rational 0
seed ((96, 162, 184, 254), 279) S= 12060473 : distinct curves found 4  real 4  rational 0
seed ((86, 116, 216, 268), 281) S= 4170217 : distinct curves found 4  real 4  rational 0
seed ((96, 114, 228, 254), 281) S= 8961993 : distinct curves found 4  real 4  rational 0
seed ((153, 226, 234, 234), 281) S= 4230312 : distinct curves found 6  real 6  rational 0
seed ((40, 155, 204, 212), 283) S= 18357008 : distinct curves found 1  real 1  rational 0
seed ((48, 123, 200, 270), 283) S= 7669104 : distinct curves found 3  real 3  rational 0
seed ((90, 101, 222, 270), 283) S= 2233992 : distinct curves found 7  real 7  rational 0
seed ((148, 148, 206, 261), 283) S= 10007968 : distinct curves found 3  real 3  rational 0
seed ((29, 85, 199, 267), 284) S= 9995890 : distinct curves found 2  real 2  rational 0
seed ((12, 12, 76, 170), 285) S= 22617509 : distinct curves found 0  real 0  rational 0
seed ((108, 122, 222, 272), 285) S= 2515963 : distinct curves found 7  real 7  rational 0
seed ((33, 71, 233, 269), 286) S= 2870114 : distinct curves found 5  real 5  rational 0
seed ((28, 96, 118, 272), 287) S= 12263809 : distinct curves found 2  real 2  rational 0
seed ((115, 201, 229, 261), 288) S= 6484126 : distinct curves found 5  real 5  rational 0
seed ((6, 58, 208, 254), 289) S= 15266561 : distinct curves found 0  real 0  rational 0
seed ((18, 22, 73, 142), 289) S= 23963980 : distinct curves found 0  real 0  rational 0
seed ((34, 68, 190, 255), 289) S= 16141064 : distinct curves found 1  real 1  rational 0
seed ((50, 222, 240, 246), 289) S= 7083519 : distinct curves found 8  real 8  rational 0
seed ((137, 164, 166, 180), 289) S= 22396820 : distinct curves found 0  real 0  rational 0
seed ((43, 183, 193, 193), 290) S= 21304778 : distinct curves found 1  real 1  rational 0
seed ((90, 148, 195, 254), 291) S= 16513016 : distinct curves found 4  real 4  rational 0
seed ((4, 16, 30, 86), 293) S= 25145699 : distinct curves found 0  real 0  rational 0
seed ((24, 90, 138, 198), 293) S= 23770115 : distinct curves found 0  real 0  rational 0
seed ((54, 80, 94, 104), 293) S= 25109149 : distinct curves found 0  real 0  rational 0
seed ((96, 96, 115, 276), 293) S= 13667484 : distinct curves found 3  real 3  rational 0
seed ((122, 179, 216, 278), 293) S= 5775548 : distinct curves found 5  real 5  rational 0
seed ((2, 153, 222, 228), 295) S= 19648368 : distinct curves found 4  real 4  rational 0
seed ((20, 129, 188, 206), 295) S= 23106092 : distinct curves found 0  real 0  rational 0
seed ((34, 138, 185, 290), 295) S= 4153280 : distinct curves found 4  real 4  rational 0
seed ((120, 216, 242, 249), 295) S= 10738992 : distinct curves found 2  real 2  rational 0
seed ((101, 209, 219, 277), 296) S= 5111878 : distinct curves found 7  real 7  rational 0
seed ((9, 218, 244, 258), 297) S= 8546792 : distinct curves found 3  real 3  rational 0
seed ((30, 146, 198, 265), 297) S= 16434112 : distinct curves found 3  real 3  rational 0
seed ((36, 74, 144, 286), 297) S= 11401465 : distinct curves found 2  real 2  rational 0
seed ((78, 116, 134, 282), 297) S= 13227737 : distinct curves found 5  real 5  rational 0
seed ((47, 89, 177, 251), 298) S= 20469622 : distinct curves found 2  real 2  rational 0
seed ((4, 10, 80, 96), 299) S= 26711347 : distinct curves found 0  real 0  rational 0
seed ((74, 122, 202, 234), 299) S= 21885421 : distinct curves found 2  real 2  rational 0
