/usr/local/lib/python3.11/dist-packages/numpy/linalg/_linalg.py:2766: RuntimeWarning: overflow encountered in dot
  sqnorm = x_real.dot(x_real) + x_imag.dot(x_imag)
seed ((4, 8, 11, 18), 19) S= 3316 : distinct curves found 72  real 72  rational 0
seed ((2, 6, 17, 22), 23) S= 3236 : distinct curves found 57  real 57  rational 0
seed ((6, 12, 18, 20), 23) S= 6855 : distinct curves found 69  real 69  rational 0
seed ((16, 16, 20, 30), 31) S= 7807 : distinct curves found 75  real 75  rational 0
/usr/local/lib/python3.11/dist-packages/numpy/linalg/_linalg.py:2766: RuntimeWarning: overflow encountered in dot
  sqnorm = x_real.dot(x_real) + x_imag.dot(x_imag)
seed ((8, 9, 16, 18), 33) S= 35212 : distinct curves found 33  real 33  rational 0
seed ((2, 8, 12, 34), 37) S= 31901 : distinct curves found 28  real 28  rational 0
seed ((9, 18, 24, 38), 41) S= 38904 : distinct curves found 41  real 41  rational 0
seed ((3, 19, 29, 41), 44) S= 43178 : distinct curves found 38  real 38  rational 0
seed ((5, 17, 27, 43), 46) S= 52358 : distinct curves found 32  real 32  rational 0
seed ((15, 32, 38, 40), 47) S= 50864 : distinct curves found 49  real 49  rational 0
seed ((7, 16, 36, 40), 49) S= 86900 : distinct curves found 33  real 33  rational 0
seed ((12, 16, 34, 36), 51) S= 117707 : distinct curves found 27  real 27  rational 0
seed ((4, 9, 36, 54), 55) S= 26616 : distinct curves found 37  real 37  rational 0
seed ((5, 16, 22, 54), 59) S= 131360 : distinct curves found 17  real 17  rational 0
seed ((36, 37, 50, 50), 59) S= 78664 : distinct curves found 50  real 50  rational 0
seed ((4, 6, 38, 46), 61) S= 197573 : distinct curves found 16  real 16  rational 0
seed ((1, 6, 30, 56), 63) S= 175936 : distinct curves found 12  real 12  rational 0
seed ((18, 36, 54, 55), 65) S= 143988 : distinct curves found 31  real 31  rational 0
seed ((3, 6, 24, 52), 67) S= 265512 : distinct curves found 9  real 9  rational 0
seed ((8, 10, 29, 30), 67) S= 298552 : distinct curves found 8  real 8  rational 0
seed ((4, 18, 19, 66), 69) S= 158692 : distinct curves found 19  real 19  rational 0
seed ((16, 36, 36, 68), 69) S= 68413 : distinct curves found 42  real 42  rational 0
seed ((1, 6, 22, 68), 71) S= 170644 : distinct curves found 11  real 11  rational 0
seed ((18, 22, 40, 62), 71) S= 258953 : distinct curves found 15  real 15  rational 0
seed ((4, 16, 47, 72), 73) S= 34988 : distinct curves found 41  real 41  rational 0
seed ((23, 40, 40, 72), 73) S= 60664 : distinct curves found 51  real 51  rational 0
seed ((6, 29, 58, 72), 75) S= 940 : distinct curves found 28  real 28  rational 0
seed ((12, 44, 53, 60), 75) S= 319216 : distinct curves found 14  real 14  rational 0
seed ((21, 24, 36, 50), 77) S= 436284 : distinct curves found 15  real 15  rational 0
seed ((9, 23, 39, 75), 80) S= 283722 : distinct curves found 14  real 14  rational 0
seed ((20, 30, 39, 62), 81) S= 470444 : distinct curves found 14  real 14  rational 0
seed ((38, 44, 50, 60), 83) S= 504373 : distinct curves found 17  real 17  rational 0
seed ((1, 45, 59, 83), 86) S= 164750 : distinct curves found 34  real 34  rational 0
seed ((10, 15, 48, 58), 87) S= 619124 : distinct curves found 8  real 8  rational 0
seed ((5, 29, 45, 47), 88) S= 666878 : distinct curves found 11  real 11  rational 0
seed ((24, 30, 57, 86), 89) S= 239160 : distinct curves found 21  real 21  rational 0
seed ((24, 48, 50, 88), 93) S= 393115 : distinct curves found 24  real 24  rational 0
seed ((2, 36, 66, 90), 95) S= 344703 : distinct curves found 21  real 21  rational 0
seed ((1, 8, 12, 76), 97) S= 800168 : distinct curves found 6  real 6  rational 0
seed ((30, 46, 55, 82), 97) S= 700772 : distinct curves found 13  real 13  rational 0
seed ((3, 4, 50, 90), 99) S= 628024 : distinct curves found 8  real 8  rational 0
seed ((1, 9, 47, 53), 100) S= 983390 : distinct curves found 6  real 6  rational 0
seed ((5, 32, 54, 100), 101) S= 188816 : distinct curves found 19  real 19  rational 0
seed ((1, 16, 58, 72), 103) S= 1008292 : distinct curves found 8  real 8  rational 0
seed ((20, 39, 64, 94), 103) S= 657176 : distinct curves found 13  real 13  rational 0
seed ((39, 52, 60, 90), 103) S= 769848 : distinct curves found 11  real 11  rational 0
seed ((33, 69, 73, 81), 106) S= 935706 : distinct curves found 15  real 15  rational 0
/home/user/ESOP6/research/cube_ansatz_2026_09_10/cubic_cover_through_point.py:29: RuntimeWarning: invalid value encountered in subtract
  r=sum(pad(pw(Gi,6)) for Gi in G)+pad(pm(pw(K,2),pw(M,6)))-pad(pw(G6,6))
seed ((12, 75, 80, 96), 107) S= 527112 : distinct curves found 17  real 17  rational 0
seed ((22, 36, 93, 96), 107) S= 262092 : distinct curves found 20  real 20  rational 0
seed ((32, 46, 75, 100), 107) S= 558752 : distinct curves found 11  real 11  rational 0
seed ((6, 22, 43, 76), 109) S= 1215716 : distinct curves found 10  real 10  rational 0
seed ((30, 58, 90, 96), 109) S= 569301 : distinct curves found 15  real 15  rational 0
seed ((2, 44, 66, 90), 111) S= 1117615 : distinct curves found 12  real 12  rational 0
seed ((36, 82, 88, 96), 111) S= 563089 : distinct curves found 18  real 18  rational 0
seed ((15, 58, 74, 110), 113) S= 328792 : distinct curves found 21  real 21  rational 0
seed ((20, 48, 60, 108), 113) S= 660399 : distinct curves found 16  real 16  rational 0
seed ((78, 78, 79, 96), 113) S= 778272 : distinct curves found 15  real 15  rational 0
seed ((30, 60, 96, 100), 115) S= 694923 : distinct curves found 10  real 10  rational 0
seed ((9, 17, 41, 67), 116) S= 1530086 : distinct curves found 3  real 3  rational 0
seed ((2, 17, 60, 98), 119) S= 1381028 : distinct curves found 3  real 3  rational 0
seed ((6, 34, 55, 112), 119) S= 914720 : distinct curves found 8  real 8  rational 0
seed ((44, 46, 87, 112), 119) S= 644656 : distinct curves found 16  real 16  rational 0
seed ((6, 66, 106, 108), 121) S= 224457 : distinct curves found 25  real 25  rational 0
seed ((22, 32, 80, 102), 121) S= 1322473 : distinct curves found 10  real 10  rational 0
seed ((54, 58, 76, 116), 121) S= 668183 : distinct curves found 18  real 18  rational 0
seed ((33, 33, 69, 121), 122) S= 219942 : distinct curves found 21  real 21  rational 0
seed ((40, 45, 54, 82), 123) S= 1766812 : distinct curves found 9  real 9  rational 0
seed ((10, 64, 68, 102), 125) S= 1587749 : distinct curves found 13  real 13  rational 0
seed ((38, 59, 60, 68), 125) S= 1903676 : distinct curves found 8  real 8  rational 0
seed ((10, 20, 95, 120), 127) S= 689008 : distinct curves found 13  real 13  rational 0
seed ((33, 40, 68, 104), 127) S= 1681160 : distinct curves found 6  real 6  rational 0
seed ((3, 5, 85, 121), 128) S= 939398 : distinct curves found 11  real 11  rational 0
seed ((8, 73, 108, 108), 129) S= 1132780 : distinct curves found 8  real 8  rational 0
seed ((17, 43, 83, 93), 130) S= 1961258 : distinct curves found 9  real 9  rational 0
seed ((3, 66, 66, 66), 131) S= 2192248 : distinct curves found 11  real 11  rational 0
seed ((10, 29, 72, 100), 131) S= 1978384 : distinct curves found 6  real 6  rational 0
seed ((20, 61, 62, 114), 131) S= 1658480 : distinct curves found 9  real 9  rational 0
seed ((34, 52, 114, 118), 131) S= 371579 : distinct curves found 16  real 16  rational 0
seed ((27, 29, 73, 123), 132) S= 1294106 : distinct curves found 9  real 9  rational 0
seed ((42, 108, 109, 114), 133) S= 265452 : distinct curves found 27  real 27  rational 0
seed ((10, 48, 54, 127), 135) S= 1349276 : distinct curves found 7  real 7  rational 0
seed ((10, 66, 72, 120), 137) S= 1844967 : distinct curves found 8  real 8  rational 0
seed ((20, 55, 72, 86), 137) S= 2457688 : distinct curves found 9  real 9  rational 0
seed ((72, 73, 90, 90), 137) S= 2293104 : distinct curves found 10  real 10  rational 0
seed ((11, 50, 50, 66), 139) S= 2664328 : distinct curves found 5  real 5  rational 0
seed ((24, 52, 99, 132), 139) S= 980436 : distinct curves found 11  real 11  rational 0
seed ((6, 53, 74, 132), 141) S= 1543316 : distinct curves found 11  real 11  rational 0
seed ((34, 58, 114, 132), 141) S= 577589 : distinct curves found 15  real 15  rational 0
seed ((4, 26, 92, 138), 143) S= 1018607 : distinct curves found 12  real 12  rational 0
seed ((39, 82, 92, 136), 143) S= 1144372 : distinct curves found 11  real 11  rational 0
seed ((78, 82, 89, 118), 143) S= 2196644 : distinct curves found 11  real 11  rational 0
seed ((108, 108, 108, 116), 143) S= 1163601 : distinct curves found 23  real 23  rational 0
seed ((10, 26, 48, 143), 145) S= 854744 : distinct curves found 8  real 8  rational 0
seed ((25, 90, 116, 130), 145) S= 1224428 : distinct curves found 5  real 5  rational 0
seed ((19, 31, 53, 99), 146) S= 2953102 : distinct curves found 5  real 5  rational 0
seed ((2, 85, 96, 134), 149) S= 1998320 : distinct curves found 10  real 10  rational 0
seed ((29, 82, 104, 144), 149) S= 675652 : distinct curves found 16  real 16  rational 0
seed ((58, 62, 125, 132), 149) S= 1320268 : distinct curves found 15  real 15  rational 0
seed ((27, 51, 79, 115), 150) S= 2969258 : distinct curves found 8  real 8  rational 0
