seed ((6, 10, 12, 15), 17) S= 2952 : distinct curves found 80  real 80  rational 0
/usr/local/lib/python3.11/dist-packages/numpy/linalg/_linalg.py:2766: RuntimeWarning: overflow encountered in dot
  sqnorm = x_real.dot(x_real) + x_imag.dot(x_imag)
seed ((3, 11, 17, 19), 22) S= 6358 : distinct curves found 61  real 61  rational 0
seed ((6, 12, 15, 18), 23) S= 9980 : distinct curves found 66  real 66  rational 0
seed ((4, 5, 12, 16), 29) S= 23980 : distinct curves found 26  real 26  rational 0
seed ((2, 9, 24, 32), 33) S= 5108 : distinct curves found 59  real 59  rational 0
seed ((11, 11, 27, 33), 36) S= 22234 : distinct curves found 58  real 58  rational 0
seed ((2, 6, 6, 36), 41) S= 50727 : distinct curves found 15  real 15  rational 0
seed ((11, 12, 18, 24), 43) S= 78048 : distinct curves found 24  real 24  rational 0
seed ((22, 32, 36, 36), 45) S= 52565 : distinct curves found 49  real 49  rational 0
seed ((6, 18, 18, 20), 47) S= 103185 : distinct curves found 19  real 19  rational 0
seed ((6, 7, 18, 36), 49) S= 107844 : distinct curves found 20  real 20  rational 0
seed ((10, 34, 36, 45), 51) S= 74632 : distinct curves found 39  real 39  rational 0
seed ((4, 9, 32, 50), 55) S= 104792 : distinct curves found 15  real 15  rational 0
seed ((2, 12, 22, 24), 57) S= 184361 : distinct curves found 10  real 10  rational 0
seed ((22, 30, 37, 58), 59) S= 26528 : distinct curves found 54  real 54  rational 0
seed ((19, 19, 45, 57), 60) S= 62942 : distinct curves found 42  real 42  rational 0
seed ((19, 33, 55, 55), 62) S= 10022 : distinct curves found 54  real 54  rational 0
seed ((12, 16, 41, 50), 65) S= 234572 : distinct curves found 22  real 22  rational 0
seed ((2, 27, 48, 54), 67) S= 230316 : distinct curves found 13  real 13  rational 0
seed ((6, 22, 32, 38), 67) S= 293701 : distinct curves found 12  real 12  rational 0
seed ((30, 50, 50, 50), 67) S= 207013 : distinct curves found 28  real 28  rational 0
seed ((8, 24, 36, 50), 69) S= 299875 : distinct curves found 17  real 17  rational 0
seed ((27, 35, 39, 69), 70) S= 63138 : distinct curves found 56  real 56  rational 0
seed ((16, 20, 30, 31), 71) S= 355532 : distinct curves found 12  real 12  rational 0
seed ((33, 54, 60, 60), 71) S= 93284 : distinct curves found 52  real 52  rational 0
seed ((17, 36, 46, 62), 73) S= 287852 : distinct curves found 16  real 16  rational 0
seed ((6, 11, 54, 64), 75) S= 290624 : distinct curves found 11  real 11  rational 0
seed ((11, 54, 60, 68), 75) S= 87512 : distinct curves found 31  real 31  rational 0
seed ((3, 19, 31, 59), 76) S= 386762 : distinct curves found 4  real 4  rational 0
seed ((24, 25, 66, 72), 79) S= 143820 : distinct curves found 29  real 29  rational 0
seed ((15, 37, 41, 79), 80) S= 108302 : distinct curves found 34  real 34  rational 0
seed ((24, 28, 70, 77), 83) S= 14000 : distinct curves found 40  real 40  rational 0
seed ((18, 48, 50, 66), 85) S= 516339 : distinct curves found 14  real 14  rational 0
seed ((4, 18, 48, 55), 87) S= 627440 : distinct curves found 7  real 7  rational 0
seed ((18, 32, 44, 81), 87) S= 377932 : distinct curves found 11  real 11  rational 0
seed ((16, 34, 57, 62), 89) S= 635864 : distinct curves found 8  real 8  rational 0
seed ((12, 48, 59, 68), 93) S= 702644 : distinct curves found 12  real 12  rational 0
seed ((13, 69, 79, 83), 94) S= 109174 : distinct curves found 42  real 42  rational 0
seed ((3, 17, 37, 45), 96) S= 878558 : distinct curves found 3  real 3  rational 0
seed ((12, 54, 82, 87), 97) S= 265596 : distinct curves found 22  real 22  rational 0
seed ((40, 68, 80, 87), 97) S= 185036 : distinct curves found 30  real 30  rational 0
seed ((12, 12, 44, 86), 99) S= 727771 : distinct curves found 4  real 4  rational 0
seed ((2, 59, 66, 92), 101) S= 574744 : distinct curves found 15  real 15  rational 0
seed ((25, 43, 75, 99), 102) S= 11758 : distinct curves found 45  real 45  rational 0
seed ((10, 39, 76, 94), 103) S= 554944 : distinct curves found 16  real 16  rational 0
seed ((36, 68, 76, 97), 103) S= 259492 : distinct curves found 15  real 15  rational 0
seed ((6, 48, 80, 98), 105) S= 424121 : distinct curves found 20  real 20  rational 0
seed ((11, 18, 76, 82), 107) S= 1001992 : distinct curves found 8  real 8  rational 0
seed ((20, 34, 53, 60), 107) S= 1195952 : distinct curves found 12  real 12  rational 0
seed ((24, 43, 58, 88), 107) S= 995864 : distinct curves found 5  real 5  rational 0
seed ((75, 80, 82, 92), 107) S= 387616 : distinct curves found 39  real 39  rational 0
seed ((24, 30, 30, 107), 109) S= 417996 : distinct curves found 12  real 12  rational 0
seed ((2, 18, 18, 82), 111) S= 1251535 : distinct curves found 2  real 2  rational 0
seed ((34, 60, 82, 90), 111) S= 993361 : distinct curves found 11  real 11  rational 0
seed ((12, 36, 90, 102), 113) S= 649745 : distinct curves found 11  real 11  rational 0
seed ((18, 62, 92, 106), 113) S= 15601 : distinct curves found 40  real 40  rational 0
seed ((74, 80, 89, 96), 113) S= 613076 : distinct curves found 22  real 22  rational 0
seed ((10, 44, 58, 90), 115) S= 1317685 : distinct curves found 10  real 10  rational 0
seed ((62, 76, 76, 90), 115) S= 1157333 : distinct curves found 10  real 10  rational 0
seed ((17, 45, 45, 69), 118) S= 1604682 : distinct curves found 10  real 10  rational 0
seed ((6, 18, 80, 105), 119) S= 1112424 : distinct curves found 9  real 9  rational 0
seed ((14, 58, 81, 116), 119) S= 287852 : distinct curves found 22  real 22  rational 0
seed ((2, 50, 60, 74), 121) S= 1706441 : distinct curves found 6  real 6  rational 0
seed ((12, 26, 52, 74), 121) S= 1718761 : distinct curves found 8  real 8  rational 0
seed ((32, 82, 89, 114), 121) S= 376024 : distinct curves found 20  real 20  rational 0
seed ((3, 47, 85, 115), 122) S= 772214 : distinct curves found 14  real 14  rational 0
seed ((6, 22, 60, 122), 123) S= 344605 : distinct curves found 14  real 14  rational 0
seed ((6, 48, 67, 114), 125) S= 1231680 : distinct curves found 12  real 12  rational 0
seed ((16, 67, 94, 120), 125) S= 219928 : distinct curves found 32  real 32  rational 0
seed ((6, 38, 80, 110), 127) S= 1469407 : distinct curves found 8  real 8  rational 0
seed ((30, 30, 48, 72), 127) S= 2010689 : distinct curves found 6  real 6  rational 0
seed ((1, 3, 57, 87), 128) S= 1982454 : distinct curves found 4  real 4  rational 0
seed ((1, 62, 66, 114), 129) S= 1507928 : distinct curves found 8  real 8  rational 0
seed ((9, 39, 61, 129), 130) S= 404346 : distinct curves found 13  real 13  rational 0
seed ((3, 32, 104, 104), 131) S= 1588144 : distinct curves found 6  real 6  rational 0
seed ((8, 22, 27, 110), 131) S= 1811588 : distinct curves found 4  real 4  rational 0
seed ((16, 59, 108, 122), 131) S= 357124 : distinct curves found 24  real 24  rational 0
seed ((34, 36, 108, 123), 131) S= 22164 : distinct curves found 44  real 44  rational 0
seed ((13, 33, 65, 129), 132) S= 777730 : distinct curves found 13  real 13  rational 0
seed ((10, 68, 83, 126), 133) S= 1052420 : distinct curves found 14  real 14  rational 0
seed ((1, 18, 54, 80), 135) S= 2401348 : distinct curves found 1  real 1  rational 0
seed ((9, 37, 71, 103), 136) S= 2236694 : distinct curves found 6  real 6  rational 0
seed ((18, 36, 118, 120), 137) S= 961305 : distinct curves found 13  real 13  rational 0
seed ((38, 54, 106, 118), 137) S= 1570343 : distinct curves found 8  real 8  rational 0
seed ((10, 12, 40, 136), 139) S= 938579 : distinct curves found 9  real 9  rational 0
seed ((24, 32, 86, 134), 139) S= 1008653 : distinct curves found 11  real 11  rational 0
seed ((85, 90, 90, 114), 139) S= 1891440 : distinct curves found 11  real 11  rational 0
seed ((24, 30, 44, 85), 141) S= 2733628 : distinct curves found 2  real 2  rational 0
seed ((52, 96, 116, 117), 141) S= 1433164 : distinct curves found 18  real 18  rational 0
seed ((38, 78, 79, 124), 143) S= 2108192 : distinct curves found 7  real 7  rational 0
seed ((66, 76, 78, 108), 143) S= 2542353 : distinct curves found 8  real 8  rational 0
seed ((102, 108, 111, 116), 143) S= 1237392 : distinct curves found 17  real 17  rational 0
seed ((6, 66, 108, 113), 145) S= 2354280 : distinct curves found 7  real 7  rational 0
seed ((22, 36, 58, 134), 145) S= 1861295 : distinct curves found 6  real 6  rational 0
seed ((46, 100, 113, 114), 145) S= 2001928 : distinct curves found 10  real 10  rational 0
seed ((3, 3, 79, 123), 148) S= 2608314 : distinct curves found 3  real 3  rational 0
seed ((24, 24, 92, 144), 149) S= 1191507 : distinct curves found 7  real 7  rational 0
seed ((54, 64, 82, 131), 149) S= 2343308 : distinct curves found 9  real 9  rational 0
seed ((72, 92, 108, 138), 149) S= 1305075 : distinct curves found 14  real 14  rational 0
