seed ((6, 10, 12, 15), 17) S= 2952 : distinct curves found 60  real 60  rational 0
/usr/local/lib/python3.11/dist-packages/numpy/linalg/_linalg.py:2766: RuntimeWarning: overflow encountered in dot
  sqnorm = x_real.dot(x_real) + x_imag.dot(x_imag)
seed ((2, 6, 17, 22), 23) S= 3236 : distinct curves found 52  real 52  rational 0
seed ((10, 12, 12, 20), 27) S= 17789 : distinct curves found 43  real 43  rational 0
seed ((2, 9, 24, 32), 33) S= 5108 : distinct curves found 40  real 40  rational 0
seed ((2, 8, 12, 34), 37) S= 31901 : distinct curves found 43  real 43  rational 0
seed ((15, 22, 32, 38), 41) S= 23252 : distinct curves found 50  real 50  rational 0
seed ((22, 32, 36, 36), 45) S= 52565 : distinct curves found 52  real 52  rational 0
seed ((15, 32, 38, 40), 47) S= 50864 : distinct curves found 73  real 73  rational 0
seed ((6, 16, 22, 45), 51) S= 95720 : distinct curves found 50  real 50  rational 0
seed ((4, 9, 32, 50), 55) S= 104792 : distinct curves found 43  real 43  rational 0
seed ((5, 16, 22, 54), 59) S= 131360 : distinct curves found 45  real 45  rational 0
seed ((15, 17, 17, 51), 60) S= 170294 : distinct curves found 44  real 44  rational 0
seed ((19, 33, 55, 55), 62) S= 10022 : distinct curves found 47  real 47  rational 0
seed ((18, 36, 54, 55), 65) S= 143988 : distinct curves found 47  real 47  rational 0
seed ((4, 8, 22, 54), 67) S= 256027 : distinct curves found 33  real 33  rational 0
seed ((30, 50, 50, 50), 67) S= 207013 : distinct curves found 64  real 64  rational 0
seed ((16, 36, 36, 68), 69) S= 68413 : distinct curves found 46  real 46  rational 0
seed ((4, 32, 34, 39), 71) S= 349232 : distinct curves found 45  real 45  rational 0
seed ((33, 54, 60, 60), 71) S= 93284 : distinct curves found 54  real 54  rational 0
seed ((23, 40, 40, 72), 73) S= 60664 : distinct curves found 56  real 56  rational 0
seed ((11, 18, 30, 68), 75) S= 279904 : distinct curves found 50  real 50  rational 0
seed ((3, 19, 31, 59), 76) S= 386762 : distinct curves found 40  real 40  rational 0
seed ((9, 23, 39, 75), 80) S= 283722 : distinct curves found 55  real 55  rational 0
seed ((26, 36, 57, 64), 81) S= 420628 : distinct curves found 52  real 52  rational 0
seed ((18, 48, 50, 66), 85) S= 516339 : distinct curves found 55  real 55  rational 0
seed ((10, 15, 48, 58), 87) S= 619124 : distinct curves found 42  real 42  rational 0
seed ((37, 37, 39, 83), 88) S= 358906 : distinct curves found 42  real 42  rational 0
seed ((12, 48, 59, 68), 93) S= 702644 : distinct curves found 57  real 57  rational 0
seed ((2, 36, 66, 90), 95) S= 344703 : distinct curves found 51  real 51  rational 0
seed ((2, 23, 36, 86), 97) S= 652748 : distinct curves found 45  real 45  rational 0
seed ((40, 68, 80, 87), 97) S= 185036 : distinct curves found 62  real 62  rational 0
seed ((1, 9, 47, 53), 100) S= 983390 : distinct curves found 38  real 38  rational 0
seed ((38, 48, 59, 74), 101) S= 916456 : distinct curves found 49  real 49  rational 0
seed ((10, 39, 76, 94), 103) S= 554944 : distinct curves found 56  real 56  rational 0
seed ((39, 52, 60, 90), 103) S= 769848 : distinct curves found 68  real 68  rational 0
seed ((2, 62, 92, 96), 107) S= 234131 : distinct curves found 67  real 67  rational 0
seed ((20, 34, 53, 60), 107) S= 1195952 : distinct curves found 24  real 24  rational 0
seed ((32, 46, 75, 100), 107) S= 558752 : distinct curves found 64  real 64  rational 0
seed ((18, 24, 30, 30), 109) S= 1294379 : distinct curves found 30  real 30  rational 0
seed ((2, 18, 18, 82), 111) S= 1251535 : distinct curves found 35  real 35  rational 0
seed ((36, 82, 88, 96), 111) S= 563089 : distinct curves found 69  real 69  rational 0
seed ((18, 48, 76, 111), 113) S= 81072 : distinct curves found 51  real 51  rational 0
seed ((74, 80, 89, 96), 113) S= 613076 : distinct curves found 48  real 48  rational 0
seed ((30, 60, 96, 100), 115) S= 694923 : distinct curves found 56  real 56  rational 0
seed ((7, 37, 49, 63), 118) S= 1618834 : distinct curves found 28  real 28  rational 0
seed ((6, 18, 80, 105), 119) S= 1112424 : distinct curves found 47  real 47  rational 0
seed ((44, 46, 87, 112), 119) S= 644656 : distinct curves found 58  real 58  rational 0
seed ((10, 71, 106, 108), 121) S= 70240 : distinct curves found 60  real 60  rational 0
seed ((32, 82, 89, 114), 121) S= 376024 : distinct curves found 62  real 62  rational 0
seed ((33, 33, 69, 121), 122) S= 219942 : distinct curves found 50  real 50  rational 0
seed ((9, 19, 71, 113), 124) S= 1193782 : distinct curves found 49  real 49  rational 0
seed ((16, 67, 94, 120), 125) S= 219928 : distinct curves found 58  real 58  rational 0
seed ((10, 20, 95, 120), 127) S= 689008 : distinct curves found 47  real 47  rational 0
seed ((33, 60, 72, 116), 127) S= 1253880 : distinct curves found 53  real 53  rational 0
seed ((1, 62, 66, 114), 129) S= 1507928 : distinct curves found 69  real 69  rational 0
seed ((17, 43, 83, 93), 130) S= 1961258 : distinct curves found 49  real 49  rational 0
seed ((3, 66, 110, 114), 131) S= 1002360 : distinct curves found 61  real 61  rational 0
seed ((16, 59, 108, 122), 131) S= 357124 : distinct curves found 65  real 65  rational 0
seed ((34, 52, 114, 118), 131) S= 371579 : distinct curves found 53  real 53  rational 0
seed ((43, 45, 45, 95), 132) S= 2128810 : distinct curves found 40  real 40  rational 0
seed ((1, 18, 54, 80), 135) S= 2401348 : distinct curves found 24  real 24  rational 0
seed ((10, 66, 72, 120), 137) S= 1844967 : distinct curves found 60  real 60  rational 0
seed ((22, 96, 116, 118), 137) S= 832487 : distinct curves found 60  real 60  rational 0
seed ((10, 12, 40, 136), 139) S= 938579 : distinct curves found 36  real 36  rational 0
seed ((24, 52, 99, 132), 139) S= 980436 : distinct curves found 50  real 50  rational 0
seed ((10, 24, 30, 118), 141) S= 2271029 : distinct curves found 25  real 25  rational 0
seed ((52, 96, 116, 117), 141) S= 1433164 : distinct curves found 66  real 66  rational 0
seed ((39, 82, 92, 136), 143) S= 1144372 : distinct curves found 58  real 58  rational 0
seed ((100, 102, 111, 120), 143) S= 1252368 : distinct curves found 51  real 51  rational 0
seed ((6, 66, 108, 113), 145) S= 2354280 : distinct curves found 57  real 57  rational 0
seed ((25, 90, 116, 130), 145) S= 1224428 : distinct curves found 54  real 54  rational 0
seed ((39, 71, 123, 135), 146) S= 193650 : distinct curves found 46  real 46  rational 0
seed ((24, 24, 92, 144), 149) S= 1191507 : distinct curves found 52  real 52  rational 0
seed ((58, 62, 125, 132), 149) S= 1320268 : distinct curves found 46  real 46  rational 0
seed ((33, 71, 99, 137), 150) S= 1925590 : distinct curves found 61  real 61  rational 0
seed ((12, 72, 111, 146), 151) S= 398484 : distinct curves found 58  real 58  rational 0
seed ((22, 55, 86, 150), 151) S= 175856 : distinct curves found 40  real 40  rational 0
seed ((48, 54, 60, 150), 151) S= 616121 : distinct curves found 49  real 49  rational 0
seed ((10, 10, 18, 138), 153) S= 2433289 : distinct curves found 37  real 37  rational 0
seed ((38, 58, 66, 129), 153) S= 2845292 : distinct curves found 46  real 46  rational 0
seed ((8, 45, 96, 114), 155) S= 3298668 : distinct curves found 43  real 43  rational 0
seed ((30, 114, 128, 132), 155) S= 1408419 : distinct curves found 63  real 63  rational 0
seed ((59, 74, 86, 114), 155) S= 3325856 : distinct curves found 51  real 51  rational 0
seed ((27, 30, 36, 132), 157) S= 3111740 : distinct curves found 41  real 41  rational 0
seed ((82, 100, 120, 136), 157) S= 2087717 : distinct curves found 60  real 60  rational 0
seed ((2, 87, 132, 142), 159) S= 1495300 : distinct curves found 64  real 64  rational 0
seed ((80, 87, 90, 146), 159) S= 2290244 : distinct curves found 60  real 60  rational 0
seed ((2, 63, 100, 152), 161) S= 2005232 : distinct curves found 54  real 54  rational 0
seed ((31, 42, 76, 134), 161) S= 3380512 : distinct curves found 42  real 42  rational 0
seed ((6, 12, 12, 134), 163) S= 3600837 : distinct curves found 32  real 32  rational 0
seed ((34, 68, 118, 123), 163) S= 3534484 : distinct curves found 56  real 56  rational 0
seed ((100, 128, 131, 132), 163) S= 1735960 : distinct curves found 54  real 54  rational 0
seed ((5, 34, 48, 162), 165) S= 1445656 : distinct curves found 38  real 38  rational 0
seed ((78, 78, 106, 110), 165) S= 4066781 : distinct curves found 51  real 51  rational 0
seed ((6, 25, 92, 158), 167) S= 2351120 : distinct curves found 47  real 47  rational 0
seed ((18, 34, 72, 153), 167) S= 2953536 : distinct curves found 43  real 43  rational 0
seed ((24, 72, 142, 153), 167) S= 725496 : distinct curves found 61  real 61  rational 0
seed ((27, 27, 31, 133), 168) S= 4116614 : distinct curves found 28  real 28  rational 0
seed ((23, 82, 82, 120), 169) S= 4438912 : distinct curves found 42  real 42  rational 0
seed ((76, 79, 108, 136), 169) S= 3866252 : distinct curves found 56  real 56  rational 0
seed ((32, 96, 102, 134), 171) S= 4159661 : distinct curves found 46  real 46  rational 0
seed ((8, 24, 46, 88), 173) S= 5131733 : distinct curves found 25  real 25  rational 0
seed ((38, 88, 102, 149), 173) S= 3777916 : distinct curves found 66  real 66  rational 0
seed ((88, 106, 118, 150), 173) S= 3291755 : distinct curves found 64  real 64  rational 0
seed ((28, 30, 64, 122), 175) S= 5035441 : distinct curves found 40  real 40  rational 0
seed ((39, 70, 100, 130), 175) S= 4772308 : distinct curves found 48  real 48  rational 0
seed ((53, 103, 131, 171), 178) S= 731138 : distinct curves found 57  real 57  rational 0
seed ((12, 32, 75, 132), 179) S= 5236908 : distinct curves found 38  real 38  rational 0
seed ((16, 30, 74, 178), 179) S= 960395 : distinct curves found 46  real 46  rational 0
seed ((40, 68, 115, 174), 179) S= 1651064 : distinct curves found 50  real 50  rational 0
seed ((58, 106, 114, 173), 179) S= 1560064 : distinct curves found 49  real 49  rational 0
seed ((83, 90, 118, 172), 179) S= 1855768 : distinct curves found 58  real 58  rational 0
seed ((4, 108, 118, 176), 181) S= 1074029 : distinct curves found 71  real 71  rational 0
seed ((18, 74, 82, 146), 181) S= 5000819 : distinct curves found 40  real 40  rational 0
seed ((54, 104, 110, 148), 181) S= 4646605 : distinct curves found 66  real 66  rational 0
seed ((74, 99, 128, 170), 181) S= 2349580 : distinct curves found 69  real 69  rational 0
seed ((22, 36, 41, 138), 183) S= 5535752 : distinct curves found 31  real 31  rational 0
seed ((2, 50, 121, 144), 185) S= 5293328 : distinct curves found 50  real 50  rational 0
seed ((22, 120, 124, 128), 185) S= 5391671 : distinct curves found 50  real 50  rational 0
seed ((52, 95, 96, 166), 185) S= 4198532 : distinct curves found 57  real 57  rational 0
seed ((66, 92, 100, 142), 185) S= 5495639 : distinct curves found 46  real 46  rational 0
seed ((8, 36, 136, 173), 187) S= 3102052 : distinct curves found 41  real 41  rational 0
seed ((20, 27, 116, 178), 187) S= 2918480 : distinct curves found 55  real 55  rational 0
seed ((37, 94, 102, 166), 187) S= 4474192 : distinct curves found 58  real 58  rational 0
seed ((64, 92, 114, 122), 187) S= 6049283 : distinct curves found 41  real 41  rational 0
seed ((2, 102, 133, 150), 189) S= 5246708 : distinct curves found 60  real 60  rational 0
seed ((58, 58, 114, 126), 189) S= 6269531 : distinct curves found 43  real 43  rational 0
seed ((11, 51, 95, 173), 190) S= 4414118 : distinct curves found 49  real 49  rational 0
seed ((20, 102, 122, 178), 191) S= 3510113 : distinct curves found 66  real 66  rational 0
seed ((41, 116, 150, 160), 191) S= 4235828 : distinct curves found 67  real 67  rational 0
seed ((136, 136, 138, 166), 191) S= 2839937 : distinct curves found 47  real 47  rational 0
seed ((16, 46, 48, 88), 193) S= 7155167 : distinct curves found 19  real 19  rational 0
seed ((62, 62, 156, 160), 193) S= 4514305 : distinct curves found 68  real 68  rational 0
seed ((87, 89, 103, 139), 194) S= 6631214 : distinct curves found 44  real 44  rational 0
seed ((138, 141, 150, 170), 197) S= 2856348 : distinct curves found 49  real 49  rational 0
seed ((10, 88, 102, 127), 199) S= 7504492 : distinct curves found 36  real 36  rational 0
seed ((44, 54, 129, 162), 199) S= 6275988 : distinct curves found 55  real 55  rational 0
seed ((89, 121, 125, 177), 200) S= 5079398 : distinct curves found 57  real 57  rational 0
seed ((12, 76, 96, 136), 201) S= 7657753 : distinct curves found 34  real 34  rational 0
seed ((87, 102, 158, 188), 201) S= 2162200 : distinct curves found 58  real 58  rational 0
seed ((31, 87, 103, 163), 202) S= 6895894 : distinct curves found 51  real 51  rational 0
seed ((38, 118, 134, 189), 203) S= 3988588 : distinct curves found 56  real 56  rational 0
seed ((2, 85, 158, 186), 205) S= 4108316 : distinct curves found 65  real 65  rational 0
seed ((13, 18, 52, 188), 205) S= 5481688 : distinct curves found 39  real 39  rational 0
seed ((40, 102, 110, 190), 205) S= 4926731 : distinct curves found 49  real 49  rational 0
seed ((74, 75, 86, 128), 205) S= 8311172 : distinct curves found 28  real 28  rational 0
seed ((29, 73, 141, 173), 206) S= 6449854 : distinct curves found 57  real 57  rational 0
seed ((48, 62, 90, 200), 207) S= 3751249 : distinct curves found 45  real 45  rational 0
seed ((62, 90, 177, 190), 207) S= 537224 : distinct curves found 49  real 49  rational 0
seed ((16, 100, 110, 192), 209) S= 5520559 : distinct curves found 53  real 53  rational 0
seed ((34, 102, 177, 186), 209) S= 3171744 : distinct curves found 41  real 41  rational 0
seed ((2, 20, 80, 204), 211) S= 3988651 : distinct curves found 42  real 42  rational 0
seed ((19, 22, 86, 96), 211) S= 9330512 : distinct curves found 20  real 20  rational 0
seed ((34, 144, 174, 192), 211) S= 1216437 : distinct curves found 60  real 60  rational 0
seed ((74, 94, 102, 106), 211) S= 9211253 : distinct curves found 24  real 24  rational 0
seed ((116, 166, 172, 174), 211) S= 3352757 : distinct curves found 63  real 63  rational 0
seed ((15, 51, 123, 205), 212) S= 3617238 : distinct curves found 62  real 62  rational 0
seed ((16, 68, 96, 198), 213) S= 5678797 : distinct curves found 51  real 51  rational 0
seed ((52, 142, 150, 174), 213) S= 6784115 : distinct curves found 62  real 62  rational 0
seed ((102, 138, 142, 184), 213) S= 6192499 : distinct curves found 54  real 54  rational 0
seed ((17, 40, 164, 186), 215) S= 6156572 : distinct curves found 51  real 51  rational 0
seed ((30, 66, 132, 186), 215) S= 7210457 : distinct curves found 50  real 50  rational 0
seed ((82, 138, 146, 146), 215) S= 8496455 : distinct curves found 54  real 54  rational 0
seed ((99, 129, 179, 187), 216) S= 4511642 : distinct curves found 72  real 72  rational 0
seed ((60, 84, 121, 204), 217) S= 5366856 : distinct curves found 46  real 46  rational 0
seed ((27, 81, 177, 199), 218) S= 3768042 : distinct curves found 51  real 51  rational 0
seed ((24, 45, 80, 218), 219) S= 1648516 : distinct curves found 42  real 42  rational 0
seed ((5, 46, 150, 208), 221) S= 4911916 : distinct curves found 48  real 48  rational 0
seed ((61, 74, 144, 178), 221) S= 8693032 : distinct curves found 62  real 62  rational 0
seed ((1, 66, 158, 218), 223) S= 61952 : distinct curves found 32  real 32  rational 0
seed ((9, 46, 174, 174), 223) S= 8213700 : distinct curves found 47  real 47  rational 0
seed ((74, 162, 169, 208), 223) S= 678452 : distinct curves found 57  real 57  rational 0
seed ((6, 52, 180, 206), 225) S= 4392607 : distinct curves found 51  real 51  rational 0
seed ((30, 130, 130, 204), 225) S= 6929473 : distinct curves found 61  real 61  rational 0
seed ((64, 72, 106, 150), 225) S= 10804127 : distinct curves found 38  real 38  rational 0
seed ((47, 111, 173, 209), 226) S= 4605466 : distinct curves found 52  real 52  rational 0
seed ((36, 93, 108, 226), 227) S= 1157928 : distinct curves found 50  real 50  rational 0
seed ((38, 50, 96, 125), 227) S= 11498072 : distinct curves found 28  real 28  rational 0
seed ((114, 123, 198, 200), 227) S= 2628540 : distinct curves found 55  real 55  rational 0
seed ((16, 40, 90, 109), 229) S= 11916508 : distinct curves found 27  real 27  rational 0
seed ((22, 86, 115, 120), 229) S= 11769116 : distinct curves found 35  real 35  rational 0
seed ((59, 74, 166, 222), 229) S= 1838128 : distinct curves found 60  real 60  rational 0
seed ((128, 138, 179, 214), 229) S= 1992524 : distinct curves found 57  real 57  rational 0
seed ((12, 57, 140, 202), 231) S= 8742928 : distinct curves found 53  real 53  rational 0
seed ((78, 132, 161, 206), 231) S= 7251844 : distinct curves found 51  real 51  rational 0
seed ((4, 110, 132, 215), 233) S= 7360232 : distinct curves found 63  real 63  rational 0
seed ((15, 32, 38, 214), 233) S= 7997180 : distinct curves found 32  real 32  rational 0
seed ((32, 41, 146, 222), 233) S= 5532448 : distinct curves found 50  real 50  rational 0
seed ((46, 124, 143, 162), 233) S= 11390108 : distinct curves found 42  real 42  rational 0
seed ((92, 111, 116, 178), 233) S= 11103412 : distinct curves found 48  real 48  rational 0
seed ((16, 30, 38, 139), 235) S= 12696808 : distinct curves found 21  real 21  rational 0
seed ((43, 174, 200, 206), 235) S= 497488 : distinct curves found 56  real 56  rational 0
seed ((72, 100, 102, 186), 235) S= 11169261 : distinct curves found 53  real 53  rational 0
seed ((92, 110, 134, 213), 235) S= 8177584 : distinct curves found 48  real 48  rational 0
seed ((17, 71, 71, 195), 236) S= 10841350 : distinct curves found 39  real 39  rational 0
seed ((30, 80, 138, 176), 237) S= 11845643 : distinct curves found 44  real 44  rational 0
seed ((5, 101, 105, 227), 238) S= 6520838 : distinct curves found 53  real 53  rational 0
seed ((10, 86, 178, 204), 239) S= 9060305 : distinct curves found 52  real 52  rational 0
seed ((24, 30, 34, 108), 239) S= 13593585 : distinct curves found 22  real 22  rational 0
seed ((66, 92, 96, 228), 239) S= 6665199 : distinct curves found 39  real 39  rational 0
seed ((136, 146, 178, 180), 239) S= 10224625 : distinct curves found 47  real 47  rational 0
seed ((6, 62, 142, 194), 241) S= 11591599 : distinct curves found 49  real 49  rational 0
seed ((24, 136, 152, 206), 241) S= 10042447 : distinct curves found 67  real 67  rational 0
seed ((66, 135, 170, 228), 241) S= 5017836 : distinct curves found 58  real 58  rational 0
seed ((96, 96, 106, 207), 241) S= 10689912 : distinct curves found 53  real 53  rational 0
seed ((4, 30, 76, 186), 243) S= 12817579 : distinct curves found 34  real 34  rational 0
seed ((34, 58, 102, 114), 243) S= 14231317 : distinct curves found 21  real 21  rational 0
seed ((90, 146, 158, 213), 243) S= 9312980 : distinct curves found 62  real 62  rational 0
seed ((2, 168, 171, 234), 245) S= 2148120 : distinct curves found 52  real 52  rational 0
seed ((14, 38, 160, 174), 245) S= 13104877 : distinct curves found 43  real 43  rational 0
seed ((76, 80, 99, 112), 245) S= 14591092 : distinct curves found 26  real 26  rational 0
seed ((18, 20, 90, 246), 247) S= 2220153 : distinct curves found 47  real 47  rational 0
seed ((68, 76, 87, 104), 247) S= 15003032 : distinct curves found 34  real 34  rational 0
seed ((138, 138, 138, 241), 247) S= 3229644 : distinct curves found 42  real 42  rational 0
seed ((2, 108, 127, 222), 249) S= 10623100 : distinct curves found 65  real 65  rational 0
seed ((32, 54, 54, 118), 249) S= 15348919 : distinct curves found 19  real 19  rational 0
seed ((150, 158, 178, 198), 249) S= 10923817 : distinct curves found 50  real 50  rational 0
seed ((23, 129, 167, 179), 250) S= 13599490 : distinct curves found 52  real 52  rational 0
seed ((20, 59, 150, 218), 251) S= 11458256 : distinct curves found 47  real 47  rational 0
seed ((34, 90, 106, 250), 251) S= 1991677 : distinct curves found 56  real 56  rational 0
seed ((64, 141, 218, 220), 251) S= 4627940 : distinct curves found 62  real 62  rational 0
seed ((78, 130, 132, 237), 251) S= 7906092 : distinct curves found 44  real 44  rational 0
seed ((6, 38, 158, 206), 253) S= 13048933 : distinct curves found 49  real 49  rational 0
seed ((14, 42, 93, 252), 253) S= 2346456 : distinct curves found 39  real 39  rational 0
seed ((52, 66, 100, 250), 253) S= 4124507 : distinct curves found 43  real 43  rational 0
seed ((101, 184, 192, 232), 253) S= 4044812 : distinct curves found 64  real 64  rational 0
seed ((9, 92, 120, 208), 255) S= 13797436 : distinct curves found 45  real 45  rational 0
seed ((43, 51, 179, 193), 256) S= 14031194 : distinct curves found 49  real 49  rational 0
seed ((18, 88, 184, 215), 257) S= 12251300 : distinct curves found 59  real 59  rational 0
seed ((32, 41, 108, 254), 257) S= 4243612 : distinct curves found 53  real 53  rational 0
seed ((38, 48, 191, 232), 257) S= 9145544 : distinct curves found 49  real 49  rational 0
seed ((62, 88, 180, 250), 257) S= 3076159 : distinct curves found 53  real 53  rational 0
seed ((92, 118, 120, 256), 257) S= 608225 : distinct curves found 36  real 36  rational 0
seed ((106, 129, 166, 250), 257) S= 4128584 : distinct curves found 44  real 44  rational 0
seed ((65, 137, 213, 225), 258) S= 8069126 : distinct curves found 46  real 46  rational 0
seed ((37, 48, 84, 144), 259) S= 17104764 : distinct curves found 27  real 27  rational 0
seed ((76, 98, 134, 204), 259) S= 14930267 : distinct curves found 48  real 48  rational 0
seed ((59, 93, 129, 195), 260) S= 15768258 : distinct curves found 35  real 35  rational 0
seed ((24, 72, 115, 250), 261) S= 8337884 : distinct curves found 48  real 48  rational 0
seed ((54, 120, 205, 212), 261) S= 12169516 : distinct curves found 53  real 53  rational 0
seed ((104, 138, 165, 256), 261) S= 2507440 : distinct curves found 48  real 48  rational 0
seed ((8, 114, 164, 242), 263) S= 10412393 : distinct curves found 45  real 45  rational 0
seed ((18, 174, 223, 234), 263) S= 4003452 : distinct curves found 71  real 71  rational 0
seed ((57, 152, 190, 254), 263) S= 1726240 : distinct curves found 52  real 52  rational 0
seed ((76, 142, 166, 222), 263) S= 13487287 : distinct curves found 60  real 60  rational 0
seed ((180, 188, 192, 240), 263) S= 3400791 : distinct curves found 31  real 31  rational 0
seed ((18, 137, 158, 262), 265) S= 835592 : distinct curves found 55  real 55  rational 0
seed ((41, 54, 88, 172), 265) S= 17886640 : distinct curves found 29  real 29  rational 0
seed ((72, 142, 144, 204), 265) S= 16030905 : distinct curves found 53  real 53  rational 0
seed ((119, 197, 207, 209), 266) S= 11442254 : distinct curves found 49  real 49  rational 0
seed ((10, 166, 171, 216), 267) S= 14656504 : distinct curves found 69  real 69  rational 0
seed ((132, 156, 212, 221), 267) S= 11632028 : distinct curves found 63  real 63  rational 0
seed ((24, 48, 132, 244), 269) S= 12749931 : distinct curves found 42  real 42  rational 0
seed ((46, 124, 173, 264), 269) S= 3144272 : distinct curves found 62  real 62  rational 0
seed ((66, 68, 188, 226), 269) S= 14188459 : distinct curves found 56  real 56  rational 0
seed ((171, 181, 211, 249), 270) S= 819194 : distinct curves found 45  real 45  rational 0
seed ((22, 62, 103, 150), 271) S= 19582348 : distinct curves found 20  real 20  rational 0
seed ((46, 116, 152, 198), 271) S= 17918609 : distinct curves found 41  real 41  rational 0
seed ((100, 122, 148, 228), 271) S= 15518543 : distinct curves found 58  real 58  rational 0
seed ((57, 69, 213, 253), 272) S= 7012794 : distinct curves found 50  real 50  rational 0
seed ((2, 54, 75, 162), 275) S= 20352684 : distinct curves found 23  real 23  rational 0
seed ((18, 43, 220, 254), 275) S= 7112516 : distinct curves found 47  real 47  rational 0
seed ((38, 88, 180, 244), 275) S= 13674901 : distinct curves found 54  real 54  rational 0
seed ((66, 68, 166, 242), 275) S= 14510165 : distinct curves found 43  real 43  rational 0
seed ((115, 156, 198, 228), 275) S= 14664624 : distinct curves found 58  real 58  rational 0
seed ((11, 153, 225, 239), 276) S= 10634090 : distinct curves found 65  real 65  rational 0
seed ((18, 34, 198, 267), 277) S= 5401296 : distinct curves found 38  real 38  rational 0
seed ((34, 48, 100, 163), 277) S= 20783660 : distinct curves found 27  real 27  rational 0
seed ((62, 93, 94, 230), 277) S= 17386780 : distinct curves found 47  real 47  rational 0
seed ((172, 174, 230, 250), 277) S= 2430797 : distinct curves found 53  real 53  rational 0
seed ((16, 156, 198, 209), 279) S= 17709988 : distinct curves found 62  real 62  rational 0
seed ((41, 72, 120, 190), 279) S= 20529976 : distinct curves found 36  real 36  rational 0
seed ((38, 63, 168, 252), 281) S= 14617260 : distinct curves found 52  real 52  rational 0
seed ((95, 148, 184, 276), 281) S= 474700 : distinct curves found 41  real 41  rational 0
seed ((114, 216, 222, 254), 281) S= 558423 : distinct curves found 65  real 65  rational 0
seed ((5, 68, 152, 240), 283) S= 17611816 : distinct curves found 56  real 56  rational 0
seed ((44, 92, 141, 152), 283) S= 22201492 : distinct curves found 28  real 28  rational 0
seed ((86, 232, 236, 237), 283) S= 2719292 : distinct curves found 71  real 71  rational 0
seed ((106, 132, 172, 188), 283) S= 20903549 : distinct curves found 41  real 41  rational 0
seed ((15, 85, 197, 251), 284) S= 14690506 : distinct curves found 43  real 43  rational 0
seed ((157, 171, 179, 257), 284) S= 12794126 : distinct curves found 67  real 67  rational 0
seed ((66, 146, 219, 226), 285) S= 16809116 : distinct curves found 57  real 57  rational 0
seed ((19, 143, 243, 251), 286) S= 9097366 : distinct curves found 58  real 58  rational 0
seed ((14, 20, 183, 260), 287) S= 14572948 : distinct curves found 51  real 51  rational 0
seed ((72, 98, 201, 264), 287) S= 12382452 : distinct curves found 63  real 63  rational 0
seed ((1, 86, 90, 100), 289) S= 24097432 : distinct curves found 5  real 5  rational 0
seed ((8, 174, 225, 270), 289) S= 6140304 : distinct curves found 53  real 53  rational 0
