{
 "no-convergence": 135,
 "NONDEGENERATE": 11,
 "localdim=15": 1,
 "localdim=18": 2,
 "localdim=10": 1,
 "localdim=8": 2,
 "vanishing-subsum:b": 3,
 "localdim=14": 2,
 "vanishing-subsum:a": 1,
 "localdim=13": 1,
 "localdim=9": 1,
 "localdim=11": 1
}
NONDEGENERATE curves found: 11
[[-0.072499-0.114122j -0.59271 +0.275133j  0.377107+0.915918j
   0.32491 +0.051885j  0.592076+0.071811j -0.039774-0.274078j
   0.007431-0.039117j]
 [-0.141505-0.12862j  -0.294992+0.587234j  0.295177-0.21398j
  -0.377291+0.899512j  0.44778 -0.319585j  0.109741+0.420695j
   0.113622-0.204271j]
 [-0.057934-0.185688j -0.566593+0.350502j  0.32674 -0.028985j
  -0.791999+0.610522j  0.545732-0.048113j -0.116296+0.41822j
   0.200203-0.12034j ]
 [-0.088824-0.002089j -0.042761+0.286867j  0.288047+0.070125j
   0.050277-0.159907j -0.066324-0.089798j -0.110757-0.060262j
  -0.016584+0.107156j]
 [ 0.109882+0.085297j  0.362246-0.611347j -0.782342-0.47932j
  -0.382127-0.073683j -0.408631+0.328797j  0.065223+0.210475j
   0.039458+0.013864j]
 [-0.103364+0.017136j  0.240746+0.44231j   0.376814-0.494714j
  -0.122419+0.087648j -0.110376-0.231312j -0.103958+0.162103j
   0.075854+0.02931j ]]
[[ 0.07355 -0.074801j -0.346144-0.02423j   0.08963 +0.455596j
   0.366937+0.167213j  0.402211-0.804972j -0.579044+0.167987j
   0.112413+0.041073j]
 [-0.026607+0.129681j  0.316867-0.337062j -0.353086+0.080368j
  -0.461984-0.083439j  0.692361+0.578583j -0.183193-0.529903j
  -0.043303+0.12174j ]
 [-0.033214+0.016098j  0.147755-0.099607j -0.220874+0.164524j
  -0.089688-0.148612j  0.365848+0.226298j -0.224207-0.278907j
   0.011762+0.098711j]
 [-0.041692-0.123502j -0.105905+0.469698j  0.321449-0.203689j
   0.47081 -0.234898j -0.95074 -0.309991j  0.294867+0.371069j
  -0.026464-0.063882j]
 [-0.023892+0.09453j   0.357561-0.181973j -0.40511 -0.206741j
  -0.489048-0.116356j  0.31991 +0.882719j  0.257574-0.388241j
  -0.073466-0.01471j ]
 [ 0.05224 +0.034187j -0.053862-0.118437j -0.094947-0.169564j
  -0.173944+0.332268j  0.062513+0.176933j  0.281157-0.049775j
  -0.065927-0.068152j]]
[[ 0.106671-0.059351j  0.026919+0.212683j -0.649574+0.627806j
  -0.428055-0.388765j  0.674741-0.738055j  0.409149+0.524253j
  -0.131579+0.085723j]
 [-0.153942+0.172829j -0.192557+0.133041j  0.477673-0.699974j
   0.550336-0.330732j -0.012688+0.68499j   0.127006-0.057944j
  -0.129979-0.158339j]
 [-0.091941+0.168476j -0.165628+0.264368j  0.164405-0.268885j
   0.079295-0.3573j   -0.282942+0.191694j  0.061809+0.048111j
  -0.155011-0.117543j]
 [-0.107384-0.10662j  -0.064573-0.415925j  0.638642-0.041532j
   0.322925+0.799928j -0.859141+0.065038j -0.194338-0.582488j
   0.1829  -0.011058j]
 [ 0.009968-0.204137j -0.006281-0.378141j  0.168208+0.424622j
   0.270767+0.698184j -0.371168-0.15828j  -0.255101+0.084863j
   0.202561+0.047035j]
 [-0.065743-0.208028j  0.016935-0.172477j  0.289782+0.807132j
  -0.243712+0.534389j -0.397406-0.51639j   0.381988+0.092233j
  -0.077608+0.173959j]]
[[ 0.334723-0.288101j  0.262072-0.290209j -0.589193+0.76536j
  -0.160384+0.559396j -0.087996-0.996121j -0.319423+0.082147j
   0.121515+0.353026j]
 [ 0.299629-0.130017j  0.324852+0.1823j    0.387202+0.163798j
   0.105571-0.141521j -0.338805+0.256708j  0.136104-0.12635j
   0.065363-0.485486j]
 [-0.009176-0.399063j -0.13232 -0.501962j  0.29665 -0.015825j
   0.109697+0.342493j -0.322355-0.358337j -0.304626-0.273298j
   0.245183+0.02762j ]
 [-0.248605-0.363358j -0.206272-0.083329j  0.332266+0.782307j
   0.153089-0.340897j -0.72014 -0.453696j  0.455357+0.355237j
   0.37075 -0.014802j]
 [-0.045606+0.025175j  0.086679+0.353761j -0.5133  +0.414443j
  -0.401728+0.195748j  0.225397-0.435178j -0.074774+0.125571j
   0.16589 +0.432046j]
 [-0.29796 +0.254974j -0.655185+0.143371j  0.330388-0.18237j
   0.420869-0.306131j -0.213997+0.709991j  0.118259+0.41157j
  -0.12245 -0.065618j]]
[[-0.040458+0.052888j  0.570832-0.213795j -0.427537+0.710788j
   0.502527+0.611689j -0.957739-0.252409j -0.075255+0.208122j
   0.037594-0.038942j]
 [ 0.057543+0.040073j -0.226142-0.580746j  0.668119+0.409315j
   0.685792-0.595394j -0.168088+0.833156j  0.34075 +0.14466j
   0.068222+0.004247j]
 [ 0.077903+0.077142j -0.077063-0.388569j  0.289443+0.46299j
   0.575539-0.153069j -0.328498+0.524519j  0.017969+0.295975j
   0.002125+0.053535j]
 [ 0.043783-0.049668j -0.304633+0.093633j  0.213192-0.732179j
   0.288329-0.523877j  0.992293-0.123912j  0.467647+0.298488j
   0.107609-0.052508j]
 [ 0.105199+0.027525j -0.260702-0.285355j  0.552107+0.255336j
   0.391515-0.650966j  0.074586+0.706546j  0.494483+0.073695j
   0.003944-0.012233j]
 [-0.032472-0.022842j  0.200863+0.243619j -0.692849+0.230605j
  -0.63716 -0.038168j -0.608022-0.75095j   0.038138-0.555023j
  -0.098857-0.066389j]]
