{
 "no-convergence": 109,
 "vanishing-subsum:b": 5,
 "vanishing-subsum:a": 27,
 "NONDEGENERATE": 9,
 "localdim=17": 1,
 "localdim=10": 1,
 "localdim=29": 1,
 "localdim=20": 1,
 "localdim=13": 1,
 "localdim=5": 2,
 "localdim=11": 1,
 "localdim=18": 1
}
NONDEGENERATE curves found: 9
[[ 0.359715 -0.184992  0.955846 -0.224534  0.946985 -0.050359  0.331947]
 [ 0.065217 -0.06892  -0.047344 -0.162329 -0.280499 -0.104717 -0.15878 ]
 [-0.023849  0.011907 -0.299119 -0.082729 -0.382283 -0.056861 -0.113256]
 [ 0.047927  0.014804 -0.010354 -0.136751 -0.122192 -0.11529  -0.048116]
 [ 0.252867 -0.183433  0.785211 -0.234278  0.790978 -0.08099   0.257358]
 [ 0.366612 -0.196879  0.995752 -0.256131  1.       -0.059008  0.343634]]
[[-0.089905  0.228637 -0.787341  0.058416 -0.090406 -0.167639 -0.032852]
 [-0.067446  0.327116  0.411434 -0.531431  0.530692  0.590983  0.114412]
 [ 0.07648  -0.094706 -0.773961  0.705413 -0.307266 -0.527154 -0.106287]
 [-0.127393  0.011327 -0.514035 -0.089529  0.013424 -0.085831 -0.026663]
 [ 0.015239 -0.138027  1.       -0.485082  0.217899  0.457019  0.097126]
 [ 0.131184 -0.062481  0.805913 -0.629435  0.477426  0.644912  0.128612]]
[[-0.420559 -0.999725 -0.927756 -0.503387 -0.731252 -0.873448 -0.413867]
 [ 0.160113  0.350945  0.320776  0.183747  0.265348  0.298438  0.146991]
 [ 0.041908  0.106787  0.125297  0.065549  0.076542  0.106424  0.066886]
 [-0.040188 -0.152826 -0.187381 -0.090917 -0.100345 -0.162764 -0.101358]
 [-0.064667 -0.171929 -0.179057 -0.093672 -0.126554 -0.159595 -0.089727]
 [-0.420774 -1.       -0.928086 -0.503541 -0.731566 -0.87366  -0.414029]]
[[ 0.082454  0.047698 -0.003761  0.061656  0.039749 -0.08047  -0.026362]
 [ 0.663551  0.13436   0.325588  0.999667  0.462677 -0.072613  0.666379]
 [ 0.052376  0.085687  0.025412  0.046925  0.079384 -0.020899 -0.055963]
 [ 0.230824  0.048337  0.122014  0.35505   0.158808 -0.028114  0.233501]
 [-0.058157  0.053326  0.077056 -0.009501  0.055675  0.124391 -0.017849]
 [-0.663747 -0.134409 -0.32573  -1.       -0.462802  0.072649 -0.666585]]
[[-0.137501 -0.036953  0.30798   0.225649 -0.458865  0.028354  0.082509]
 [-0.156655 -0.196265  0.655166  0.078086 -0.771446  0.404802 -0.02371 ]
 [ 0.198061 -0.022003 -0.633684  0.07189   1.       -0.739501  0.131911]
 [-0.083235  0.064451  0.214829 -0.132093 -0.477557  0.624431 -0.205522]
 [-0.104104  0.081687  0.600969 -0.550948 -0.530066  0.692368 -0.172223]
 [-0.209069 -0.03097   0.549119  0.003421 -0.852115  0.739572 -0.2179  ]]
