{'x': [1, 1, 1, 3], 'x6': 4, 'S': 58, 'S_is_cube': False}
{'x': [6, 10, 12, 15], 'x6': 17, 'S': 2952, 'S_is_cube': False}
{'x': [6, 12, 10, 15], 'x6': 17, 'S': 2952, 'S_is_cube': False}
{'x': [6, 15, 10, 12], 'x6': 17, 'S': 2952, 'S_is_cube': False}
{'x': [4, 8, 11, 18], 'x6': 19, 'S': 3316, 'S_is_cube': False}
{'x': [4, 11, 8, 18], 'x6': 19, 'S': 3316, 'S_is_cube': False}
{'x': [4, 18, 8, 11], 'x6': 19, 'S': 3316, 'S_is_cube': False}
{'x': [6, 11, 14, 18], 'x6': 21, 'S': 6512, 'S_is_cube': False}
{'x': [6, 14, 11, 18], 'x6': 21, 'S': 6512, 'S_is_cube': False}
{'x': [6, 18, 11, 14], 'x6': 21, 'S': 6512, 'S_is_cube': False}
{'x': [3, 11, 17, 19], 'x6': 22, 'S': 6358, 'S_is_cube': False}
{'x': [3, 17, 11, 19], 'x6': 22, 'S': 6358, 'S_is_cube': False}
{'x': [3, 19, 11, 17], 'x6': 22, 'S': 6358, 'S_is_cube': False}
{'x': [2, 6, 17, 22], 'x6': 23, 'S': 3236, 'S_is_cube': False}
{'x': [2, 17, 6, 22], 'x6': 23, 'S': 3236, 'S_is_cube': False}
{'x': [2, 22, 6, 17], 'x6': 23, 'S': 3236, 'S_is_cube': False}
{'x': [4, 9, 12, 18], 'x6': 23, 'S': 10512, 'S_is_cube': False}
{'x': [4, 12, 9, 18], 'x6': 23, 'S': 10512, 'S_is_cube': False}
{'x': [4, 18, 9, 12], 'x6': 23, 'S': 10512, 'S_is_cube': False}
{'x': [6, 12, 15, 18], 'x6': 23, 'S': 9980, 'S_is_cube': False}
{'x': [6, 12, 18, 20], 'x6': 23, 'S': 6855, 'S_is_cube': False}
{'x': [6, 15, 12, 18], 'x6': 23, 'S': 9980, 'S_is_cube': False}
{'x': [6, 18, 12, 15], 'x6': 23, 'S': 9980, 'S_is_cube': False}
{'x': [6, 18, 12, 20], 'x6': 23, 'S': 6855, 'S_is_cube': False}
{'x': [6, 20, 12, 18], 'x6': 23, 'S': 6855, 'S_is_cube': False}
{'x': [10, 12, 12, 20], 'x6': 27, 'S': 17789, 'S_is_cube': False}
{'x': [10, 20, 12, 12], 'x6': 27, 'S': 17789, 'S_is_cube': False}
{'x': [4, 5, 12, 16], 'x6': 29, 'S': 23980, 'S_is_cube': False}
{'x': [4, 12, 5, 16], 'x6': 29, 'S': 23980, 'S_is_cube': False}
{'x': [4, 16, 5, 12], 'x6': 29, 'S': 23980, 'S_is_cube': False}
{'x': [16, 16, 20, 30], 'x6': 31, 'S': 7807, 'S_is_cube': False}
{'x': [16, 20, 16, 30], 'x6': 31, 'S': 7807, 'S_is_cube': False}
{'x': [20, 22, 24, 26], 'x6': 31, 'S': 14495, 'S_is_cube': False}
{'x': [20, 24, 22, 26], 'x6': 31, 'S': 14495, 'S_is_cube': False}
{'x': [20, 26, 22, 24], 'x6': 31, 'S': 14495, 'S_is_cube': False}
{'x': [2, 9, 24, 32], 'x6': 33, 'S': 5108, 'S_is_cube': False}
{'x': [2, 24, 9, 32], 'x6': 33, 'S': 5108, 'S_is_cube': False}
{'x': [2, 32, 9, 24], 'x6': 33, 'S': 5108, 'S_is_cube': False}
{'x': [8, 9, 16, 18], 'x6': 33, 'S': 35212, 'S_is_cube': False}
{'x': [8, 16, 9, 18], 'x6': 33, 'S': 35212, 'S_is_cube': False}
{'x': [8, 18, 9, 16], 'x6': 33, 'S': 35212, 'S_is_cube': False}
{'x': [3, 3, 9, 19], 'x6': 34, 'S': 38694, 'S_is_cube': False}
{'x': [3, 9, 3, 19], 'x6': 34, 'S': 38694, 'S_is_cube': False}
{'x': [11, 11, 27, 33], 'x6': 36, 'S': 22234, 'S_is_cube': False}
{'x': [11, 27, 11, 33], 'x6': 36, 'S': 22234, 'S_is_cube': False}
{'x': [2, 8, 12, 34], 'x6': 37, 'S': 31901, 'S_is_cube': False}
{'x': [2, 12, 8, 34], 'x6': 37, 'S': 31901, 'S_is_cube': False}
{'x': [2, 34, 8, 12], 'x6': 37, 'S': 31901, 'S_is_cube': False}
{'x': [4, 24, 24, 36], 'x6': 37, 'S': 2595, 'S_is_cube': False}
{'x': [4, 36, 24, 24], 'x6': 37, 'S': 2595, 'S_is_cube': False}
{'x': [2, 6, 6, 36], 'x6': 41, 'S': 50727, 'S_is_cube': False}
{'x': [2, 36, 6, 6], 'x6': 41, 'S': 50727, 'S_is_cube': False}
{'x': [9, 18, 24, 38], 'x6': 41, 'S': 38904, 'S_is_cube': False}
{'x': [9, 24, 18, 38], 'x6': 41, 'S': 38904, 'S_is_cube': False}
{'x': [9, 38, 18, 24], 'x6': 41, 'S': 38904, 'S_is_cube': False}
{'x': [15, 22, 32, 38], 'x6': 41, 'S': 23252, 'S_is_cube': False}
{'x': [15, 32, 22, 38], 'x6': 41, 'S': 23252, 'S_is_cube': False}
{'x': [15, 38, 22, 32], 'x6': 41, 'S': 23252, 'S_is_cube': False}
{'x': [11, 12, 18, 24], 'x6': 43, 'S': 78048, 'S_is_cube': False}
{'x': [11, 18, 12, 24], 'x6': 43, 'S': 78048, 'S_is_cube': False}
{'x': [11, 24, 12, 18], 'x6': 43, 'S': 78048, 'S_is_cube': False}
{'x': [3, 19, 29, 41], 'x6': 44, 'S': 43178, 'S_is_cube': False}
{'x': [3, 29, 19, 41], 'x6': 44, 'S': 43178, 'S_is_cube': False}
{'x': [3, 41, 19, 29], 'x6': 44, 'S': 43178, 'S_is_cube': False}
{'x': [4, 6, 18, 43], 'x6': 45, 'S': 44140, 'S_is_cube': False}
{'x': [4, 18, 6, 43], 'x6': 45, 'S': 44140, 'S_is_cube': False}
{'x': [4, 43, 6, 18], 'x6': 45, 'S': 44140, 'S_is_cube': False}
{'x': [22, 32, 36, 36], 'x6': 45, 'S': 52565, 'S_is_cube': False}
{'x': [22, 36, 32, 36], 'x6': 45, 'S': 52565, 'S_is_cube': False}
{'x': [5, 17, 27, 43], 'x6': 46, 'S': 52358, 'S_is_cube': False}
{'x': [5, 27, 17, 43], 'x6': 46, 'S': 52358, 'S_is_cube': False}
{'x': [5, 43, 17, 27], 'x6': 46, 'S': 52358, 'S_is_cube': False}
{'x': [4, 25, 36, 44], 'x6': 47, 'S': 33196, 'S_is_cube': False}
{'x': [4, 36, 25, 44], 'x6': 47, 'S': 33196, 'S_is_cube': False}
{'x': [4, 44, 25, 36], 'x6': 47, 'S': 33196, 'S_is_cube': False}
{'x': [6, 18, 18, 20], 'x6': 47, 'S': 103185, 'S_is_cube': False}
{'x': [6, 20, 18, 18], 'x6': 47, 'S': 103185, 'S_is_cube': False}
{'x': [15, 32, 38, 40], 'x6': 47, 'S': 50864, 'S_is_cube': False}
{'x': [15, 38, 32, 40], 'x6': 47, 'S': 50864, 'S_is_cube': False}
{'x': [15, 40, 32, 38], 'x6': 47, 'S': 50864, 'S_is_cube': False}
{'x': [17, 24, 32, 46], 'x6': 47, 'S': 3992, 'S_is_cube': False}
{'x': [17, 32, 24, 46], 'x6': 47, 'S': 3992, 'S_is_cube': False}
{'x': [17, 46, 24, 32], 'x6': 47, 'S': 3992, 'S_is_cube': False}
{'x': [6, 7, 18, 36], 'x6': 49, 'S': 107844, 'S_is_cube': False}
{'x': [6, 18, 7, 36], 'x6': 49, 'S': 107844, 'S_is_cube': False}
{'x': [6, 36, 7, 18], 'x6': 49, 'S': 107844, 'S_is_cube': False}
{'x': [7, 16, 36, 40], 'x6': 49, 'S': 86900, 'S_is_cube': False}
{'x': [7, 36, 16, 40], 'x6': 49, 'S': 86900, 'S_is_cube': False}
{'x': [7, 40, 16, 36], 'x6': 49, 'S': 86900, 'S_is_cube': False}
{'x': [6, 16, 22, 45], 'x6': 51, 'S': 95720, 'S_is_cube': False}
{'x': [6, 22, 16, 45], 'x6': 51, 'S': 95720, 'S_is_cube': False}
{'x': [6, 45, 16, 22], 'x6': 51, 'S': 95720, 'S_is_cube': False}
{'x': [10, 34, 36, 45], 'x6': 51, 'S': 74632, 'S_is_cube': False}
{'x': [10, 36, 34, 45], 'x6': 51, 'S': 74632, 'S_is_cube': False}
{'x': [10, 45, 34, 36], 'x6': 51, 'S': 74632, 'S_is_cube': False}
{'x': [12, 16, 34, 36], 'x6': 51, 'S': 117707, 'S_is_cube': False}
{'x': [12, 34, 16, 36], 'x6': 51, 'S': 117707, 'S_is_cube': False}
{'x': [12, 36, 16, 34], 'x6': 51, 'S': 117707, 'S_is_cube': False}
{'x': [4, 24, 38, 43], 'x6': 53, 'S': 112432, 'S_is_cube': False}
{'x': [4, 38, 24, 43], 'x6': 53, 'S': 112432, 'S_is_cube': False}
{'x': [4, 43, 24, 38], 'x6': 53, 'S': 112432, 'S_is_cube': False}
{'x': [4, 9, 32, 50], 'x6': 55, 'S': 104792, 'S_is_cube': False}
{'x': [4, 9, 36, 54], 'x6': 55, 'S': 26616, 'S_is_cube': False}
{'x': [4, 32, 9, 50], 'x6': 55, 'S': 104792, 'S_is_cube': False}
{'x': [4, 36, 9, 54], 'x6': 55, 'S': 26616, 'S_is_cube': False}
{'x': [4, 50, 9, 32], 'x6': 55, 'S': 104792, 'S_is_cube': False}
{'x': [4, 54, 9, 36], 'x6': 55, 'S': 26616, 'S_is_cube': False}
{'x': [20, 23, 36, 50], 'x6': 55, 'S': 98320, 'S_is_cube': False}
{'x': [20, 36, 23, 50], 'x6': 55, 'S': 98320, 'S_is_cube': False}
{'x': [20, 50, 23, 36], 'x6': 55, 'S': 98320, 'S_is_cube': False}
{'x': [2, 12, 22, 24], 'x6': 57, 'S': 184361, 'S_is_cube': False}
{'x': [2, 22, 12, 24], 'x6': 57, 'S': 184361, 'S_is_cube': False}
{'x': [2, 24, 12, 22], 'x6': 57, 'S': 184361, 'S_is_cube': False}
{'x': [5, 16, 22, 54], 'x6': 59, 'S': 131360, 'S_is_cube': False}
{'x': [5, 22, 16, 54], 'x6': 59, 'S': 131360, 'S_is_cube': False}
{'x': [5, 54, 16, 22], 'x6': 59, 'S': 131360, 'S_is_cube': False}
{'x': [6, 32, 34, 37], 'x6': 59, 'S': 192344, 'S_is_cube': False}
{'x': [6, 34, 32, 37], 'x6': 59, 'S': 192344, 'S_is_cube': False}
{'x': [6, 37, 32, 34], 'x6': 59, 'S': 192344, 'S_is_cube': False}
{'x': [22, 30, 37, 58], 'x6': 59, 'S': 26528, 'S_is_cube': False}
{'x': [22, 37, 30, 58], 'x6': 59, 'S': 26528, 'S_is_cube': False}
{'x': [22, 58, 30, 37], 'x6': 59, 'S': 26528, 'S_is_cube': False}
{'x': [36, 37, 50, 50], 'x6': 59, 'S': 78664, 'S_is_cube': False}
{'x': [36, 50, 37, 50], 'x6': 59, 'S': 78664, 'S_is_cube': False}
{'x': [15, 17, 17, 51], 'x6': 60, 'S': 170294, 'S_is_cube': False}
{'x': [15, 51, 17, 17], 'x6': 60, 'S': 170294, 'S_is_cube': False}
{'x': [19, 19, 45, 57], 'x6': 60, 'S': 62942, 'S_is_cube': False}
{'x': [19, 45, 19, 57], 'x6': 60, 'S': 62942, 'S_is_cube': False}
{'x': [4, 6, 38, 46], 'x6': 61, 'S': 197573, 'S_is_cube': False}
{'x': [4, 38, 6, 46], 'x6': 61, 'S': 197573, 'S_is_cube': False}
{'x': [4, 46, 6, 38], 'x6': 61, 'S': 197573, 'S_is_cube': False}
{'x': [10, 36, 40, 59], 'x6': 61, 'S': 55372, 'S_is_cube': False}
{'x': [10, 40, 36, 59], 'x6': 61, 'S': 55372, 'S_is_cube': False}
{'x': [10, 59, 36, 40], 'x6': 61, 'S': 55372, 'S_is_cube': False}
{'x': [19, 33, 55, 55], 'x6': 62, 'S': 10022, 'S_is_cube': False}
{'x': [19, 55, 33, 55], 'x6': 62, 'S': 10022, 'S_is_cube': False}
{'x': [1, 6, 30, 56], 'x6': 63, 'S': 175936, 'S_is_cube': False}
{'x': [1, 30, 6, 56], 'x6': 63, 'S': 175936, 'S_is_cube': False}
{'x': [1, 56, 6, 30], 'x6': 63, 'S': 175936, 'S_is_cube': False}
{'x': [6, 9, 50, 56], 'x6': 63, 'S': 126716, 'S_is_cube': False}
{'x': [6, 50, 9, 56], 'x6': 63, 'S': 126716, 'S_is_cube': False}
{'x': [6, 56, 9, 50], 'x6': 63, 'S': 126716, 'S_is_cube': False}
{'x': [12, 16, 41, 50], 'x6': 65, 'S': 234572, 'S_is_cube': False}
{'x': [12, 41, 16, 50], 'x6': 65, 'S': 234572, 'S_is_cube': False}
{'x': [12, 50, 16, 41], 'x6': 65, 'S': 234572, 'S_is_cube': False}
{'x': [18, 36, 54, 55], 'x6': 65, 'S': 143988, 'S_is_cube': False}
{'x': [18, 54, 36, 55], 'x6': 65, 'S': 143988, 'S_is_cube': False}
{'x': [18, 55, 36, 54], 'x6': 65, 'S': 143988, 'S_is_cube': False}
{'x': [26, 30, 33, 48], 'x6': 65, 'S': 246696, 'S_is_cube': False}
{'x': [26, 33, 30, 48], 'x6': 65, 'S': 246696, 'S_is_cube': False}
{'x': [26, 48, 30, 33], 'x6': 65, 'S': 246696, 'S_is_cube': False}
{'x': [2, 27, 48, 54], 'x6': 67, 'S': 230316, 'S_is_cube': False}
{'x': [2, 48, 27, 54], 'x6': 67, 'S': 230316, 'S_is_cube': False}
{'x': [2, 54, 27, 48], 'x6': 67, 'S': 230316, 'S_is_cube': False}
{'x': [3, 6, 24, 52], 'x6': 67, 'S': 265512, 'S_is_cube': False}
{'x': [3, 24, 6, 52], 'x6': 67, 'S': 265512, 'S_is_cube': False}
{'x': [3, 52, 6, 24], 'x6': 67, 'S': 265512, 'S_is_cube': False}
{'x': [4, 8, 22, 54], 'x6': 67, 'S': 256027, 'S_is_cube': False}
{'x': [4, 22, 8, 54], 'x6': 67, 'S': 256027, 'S_is_cube': False}
{'x': [4, 54, 8, 22], 'x6': 67, 'S': 256027, 'S_is_cube': False}
{'x': [6, 22, 32, 38], 'x6': 67, 'S': 293701, 'S_is_cube': False}
{'x': [6, 32, 22, 38], 'x6': 67, 'S': 293701, 'S_is_cube': False}
{'x': [6, 38, 22, 32], 'x6': 67, 'S': 293701, 'S_is_cube': False}
{'x': [8, 10, 29, 30], 'x6': 67, 'S': 298552, 'S_is_cube': False}
{'x': [8, 29, 10, 30], 'x6': 67, 'S': 298552, 'S_is_cube': False}
{'x': [8, 30, 10, 29], 'x6': 67, 'S': 298552, 'S_is_cube': False}
{'x': [29, 34, 38, 48], 'x6': 67, 'S': 270328, 'S_is_cube': False}
{'x': [29, 38, 34, 48], 'x6': 67, 'S': 270328, 'S_is_cube': False}
{'x': [29, 48, 34, 38], 'x6': 67, 'S': 270328, 'S_is_cube': False}
{'x': [30, 50, 50, 50], 'x6': 67, 'S': 207013, 'S_is_cube': False}
{'x': [4, 18, 19, 66], 'x6': 69, 'S': 158692, 'S_is_cube': False}
{'x': [4, 19, 18, 66], 'x6': 69, 'S': 158692, 'S_is_cube': False}
{'x': [4, 66, 18, 19], 'x6': 69, 'S': 158692, 'S_is_cube': False}
{'x': [5, 24, 30, 58], 'x6': 69, 'S': 262544, 'S_is_cube': False}
{'x': [5, 30, 24, 58], 'x6': 69, 'S': 262544, 'S_is_cube': False}
{'x': [5, 58, 24, 30], 'x6': 69, 'S': 262544, 'S_is_cube': False}
{'x': [8, 24, 36, 50], 'x6': 69, 'S': 299875, 'S_is_cube': False}
{'x': [8, 36, 24, 50], 'x6': 69, 'S': 299875, 'S_is_cube': False}
{'x': [8, 50, 24, 36], 'x6': 69, 'S': 299875, 'S_is_cube': False}
{'x': [16, 36, 36, 68], 'x6': 69, 'S': 68413, 'S_is_cube': False}
{'x': [16, 68, 36, 36], 'x6': 69, 'S': 68413, 'S_is_cube': False}
{'x': [18, 26, 44, 45], 'x6': 69, 'S': 303340, 'S_is_cube': False}
{'x': [18, 44, 26, 45], 'x6': 69, 'S': 303340, 'S_is_cube': False}
{'x': [18, 45, 26, 44], 'x6': 69, 'S': 303340, 'S_is_cube': False}
{'x': [27, 35, 39, 69], 'x6': 70, 'S': 63138, 'S_is_cube': False}
{'x': [27, 39, 35, 69], 'x6': 70, 'S': 63138, 'S_is_cube': False}
{'x': [27, 69, 35, 39], 'x6': 70, 'S': 63138, 'S_is_cube': False}
total 187
